Component: Arm Compiler for Embedded 6.22 Tool: armlink [5ee90200]

==============================================================================

Section Cross References

    startup_stm32f042x6.o(STACK) refers (Special) to heapauxi.o(.text) for __use_two_region_memory
    startup_stm32f042x6.o(HEAP) refers (Special) to heapauxi.o(.text) for __use_two_region_memory
    startup_stm32f042x6.o(RESET) refers (Special) to heapauxi.o(.text) for __use_two_region_memory
    startup_stm32f042x6.o(RESET) refers to startup_stm32f042x6.o(STACK) for __initial_sp
    startup_stm32f042x6.o(RESET) refers to startup_stm32f042x6.o(.text) for Reset_Handler
    startup_stm32f042x6.o(RESET) refers to stm32f0xx_it.o(.text.NMI_Handler) for NMI_Handler
    startup_stm32f042x6.o(RESET) refers to stm32f0xx_it.o(.text.HardFault_Handler) for HardFault_Handler
    startup_stm32f042x6.o(RESET) refers to stm32f0xx_it.o(.text.SVC_Handler) for SVC_Handler
    startup_stm32f042x6.o(RESET) refers to stm32f0xx_it.o(.text.PendSV_Handler) for PendSV_Handler
    startup_stm32f042x6.o(RESET) refers to stm32f0xx_it.o(.text.SysTick_Handler) for SysTick_Handler
    startup_stm32f042x6.o(RESET) refers to stm32f0xx_it.o(.text.DMA1_Channel4_5_IRQHandler) for DMA1_Channel4_5_IRQHandler
    startup_stm32f042x6.o(RESET) refers to stm32f0xx_it.o(.text.TIM14_IRQHandler) for TIM14_IRQHandler
    startup_stm32f042x6.o(RESET) refers to stm32f0xx_it.o(.text.USB_IRQHandler) for USB_IRQHandler
    startup_stm32f042x6.o(.text) refers (Special) to heapauxi.o(.text) for __use_two_region_memory
    startup_stm32f042x6.o(.text) refers to startup_stm32f042x6.o(STACK) for __initial_sp
    startup_stm32f042x6.o(.text) refers to system_stm32f0xx.o(.text.SystemInit) for SystemInit
    startup_stm32f042x6.o(.text) refers to __main.o(!!!main) for __main
    startup_stm32f042x6.o(.text) refers to startup_stm32f042x6.o(HEAP) for Heap_Mem
    main.o(.text.main) refers to stm32f0xx_hal.o(.text.HAL_Init) for HAL_Init
    main.o(.text.main) refers to main.o(.text.SystemClock_Config) for SystemClock_Config
    main.o(.text.main) refers to gpio.o(.text.MX_GPIO_Init) for MX_GPIO_Init
    main.o(.text.main) refers to dma.o(.text.MX_DMA_Init) for MX_DMA_Init
    main.o(.text.main) refers to tim.o(.text.MX_TIM2_Init) for MX_TIM2_Init
    main.o(.text.main) refers to tim.o(.text.MX_TIM3_Init) for MX_TIM3_Init
    main.o(.text.main) refers to usb.o(.text.USB_SoftReset) for USB_SoftReset
    main.o(.text.main) refers to usb_device.o(.text.MX_USB_DEVICE_Init) for MX_USB_DEVICE_Init
    main.o(.text.main) refers to tim.o(.text.MX_TIM14_Init) for MX_TIM14_Init
    main.o(.text.main) refers to stm32f0xx_hal_tim.o(.text.HAL_TIM_PWM_Start_DMA) for HAL_TIM_PWM_Start_DMA
    main.o(.text.main) refers to stm32f0xx_hal_tim.o(.text.HAL_TIM_Base_Start_IT) for HAL_TIM_Base_Start_IT
    main.o(.text.main) refers to stm32f0xx_hal_tim.o(.text.HAL_TIM_IC_Start_IT) for HAL_TIM_IC_Start_IT
    main.o(.text.main) refers to stm32f0xx_hal_gpio.o(.text.HAL_GPIO_TogglePin) for HAL_GPIO_TogglePin
    main.o(.text.main) refers to stm32f0xx_hal_gpio.o(.text.HAL_GPIO_WritePin) for HAL_GPIO_WritePin
    main.o(.text.main) refers to motor_control.o(.text.Motor_SPRAY_SPEED_Set) for Motor_SPRAY_SPEED_Set
    main.o(.text.main) refers to motor_control.o(.text.Motor_MIX_SPEED_Set) for Motor_MIX_SPEED_Set
    main.o(.text.main) refers to usb.o(.text.USB_Rx_Parse) for USB_Rx_Parse
    main.o(.text.main) refers to usb.o(.text.USB_Tx_SendFrame) for USB_Tx_SendFrame
    main.o(.text.main) refers to tim.o(.bss.htim3) for htim3
    main.o(.text.main) refers to motor_control.o(.bss.mix_pwm_duty) for mix_pwm_duty
    main.o(.text.main) refers to tim.o(.bss.htim2) for htim2
    main.o(.text.main) refers to motor_control.o(.bss.spray_pwm_duty) for spray_pwm_duty
    main.o(.text.main) refers to tim.o(.bss.htim14) for htim14
    main.o(.text.main) refers to gnd_scan.o(.bss..L_MergedGlobals) for GND_State
    main.o(.text.main) refers to usb.o(.bss..L_MergedGlobals) for system_state_data
    main.o(.text.main) refers to usb.o(.bss.USB_Receive_flag) for USB_Receive_flag
    main.o(.text.main) refers to usb.o(.bss.usb_Receive_buf) for usb_Receive_buf
    main.o(.text.main) refers to usb.o(.bss.usb_Receive_Len) for usb_Receive_Len
    main.o(.ARM.exidx.text.main) refers to main.o(.text.main) for [Anonymous Symbol]
    main.o(.text.SystemClock_Config) refers to stm32f0xx_hal_rcc.o(.text.HAL_RCC_OscConfig) for HAL_RCC_OscConfig
    main.o(.text.SystemClock_Config) refers to stm32f0xx_hal_rcc.o(.text.HAL_RCC_ClockConfig) for HAL_RCC_ClockConfig
    main.o(.text.SystemClock_Config) refers to stm32f0xx_hal_rcc_ex.o(.text.HAL_RCCEx_PeriphCLKConfig) for HAL_RCCEx_PeriphCLKConfig
    main.o(.text.SystemClock_Config) refers to stm32f0xx_hal_rcc.o(.text.HAL_RCC_MCOConfig) for HAL_RCC_MCOConfig
    main.o(.ARM.exidx.text.SystemClock_Config) refers to main.o(.text.SystemClock_Config) for [Anonymous Symbol]
[...]
    [Anonymous Symbol]                       0x08003ad8   Section        0  usbd_cdc.o(.text.USBD_CDC_GetHSCfgDesc)
    __arm_cp.6_0                             0x08003ae0   Number         4  usbd_cdc.o(.text.USBD_CDC_GetHSCfgDesc)
    USBD_CDC_GetOtherSpeedCfgDesc            0x08003ae5   Thumb Code     8  usbd_cdc.o(.text.USBD_CDC_GetOtherSpeedCfgDesc)
    [Anonymous Symbol]                       0x08003ae4   Section        0  usbd_cdc.o(.text.USBD_CDC_GetOtherSpeedCfgDesc)
    __arm_cp.8_0                             0x08003aec   Number         4  usbd_cdc.o(.text.USBD_CDC_GetOtherSpeedCfgDesc)
    USBD_CDC_Init                            0x08003af1   Thumb Code   134  usbd_cdc.o(.text.USBD_CDC_Init)
    [Anonymous Symbol]                       0x08003af0   Section        0  usbd_cdc.o(.text.USBD_CDC_Init)
    [Anonymous Symbol]                       0x08003b76   Section        0  usbd_cdc.o(.text.USBD_CDC_ReceivePacket)
    [Anonymous Symbol]                       0x08003ba2   Section        0  usbd_cdc.o(.text.USBD_CDC_RegisterInterface)
    [Anonymous Symbol]                       0x08003bb4   Section        0  usbd_cdc.o(.text.USBD_CDC_SetRxBuffer)
    [Anonymous Symbol]                       0x08003bc4   Section        0  usbd_cdc.o(.text.USBD_CDC_SetTxBuffer)
    USBD_CDC_Setup                           0x08003bd9   Thumb Code   196  usbd_cdc.o(.text.USBD_CDC_Setup)
    [Anonymous Symbol]                       0x08003bd8   Section        0  usbd_cdc.o(.text.USBD_CDC_Setup)
    [Anonymous Symbol]                       0x08003c9c   Section        0  usbd_cdc.o(.text.USBD_CDC_TransmitPacket)
    [Anonymous Symbol]                       0x08003cd2   Section        0  usbd_core.o(.text.USBD_ClrClassConfig)
    [Anonymous Symbol]                       0x08003ce2   Section        0  usbd_ioreq.o(.text.USBD_CtlContinueRx)
    [Anonymous Symbol]                       0x08003cf4   Section        0  usbd_ioreq.o(.text.USBD_CtlContinueSendData)
    [Anonymous Symbol]                       0x08003d06   Section        0  usbd_ctlreq.o(.text.USBD_CtlError)
    [Anonymous Symbol]                       0x08003d1a   Section        0  usbd_ioreq.o(.text.USBD_CtlPrepareRx)
    [Anonymous Symbol]                       0x08003d3e   Section        0  usbd_ioreq.o(.text.USBD_CtlReceiveStatus)
    [Anonymous Symbol]                       0x08003d58   Section        0  usbd_ioreq.o(.text.USBD_CtlSendData)
    [Anonymous Symbol]                       0x08003d76   Section        0  usbd_ioreq.o(.text.USBD_CtlSendStatus)
    [Anonymous Symbol]                       0x08003d90   Section        0  usbd_desc.o(.text.USBD_FS_ConfigStrDescriptor)
    [Anonymous Symbol]                       0x08003db0   Section        0  usbd_desc.o(.text.USBD_FS_DeviceDescriptor)
    __arm_cp.0_0                             0x08003db8   Number         4  usbd_desc.o(.text.USBD_FS_DeviceDescriptor)
    [Anonymous Symbol]                       0x08003dbc   Section        0  usbd_desc.o(.text.USBD_FS_InterfaceStrDescriptor)
    [Anonymous Symbol]                       0x08003de0   Section        0  usbd_desc.o(.text.USBD_FS_LangIDStrDescriptor)
    __arm_cp.1_0                             0x08003de8   Number         4  usbd_desc.o(.text.USBD_FS_LangIDStrDescriptor)
    [Anonymous Symbol]                       0x08003dec   Section        0  usbd_desc.o(.text.USBD_FS_ManufacturerStrDescriptor)
    [Anonymous Symbol]                       0x08003e14   Section        0  usbd_desc.o(.text.USBD_FS_ProductStrDescriptor)
    __arm_cp.3_1                             0x08003e40   Number         4  usbd_desc.o(.text.USBD_FS_ProductStrDescriptor)
    [Anonymous Symbol]                       0x08003e44   Section        0  usbd_desc.o(.text.USBD_FS_SerialStrDescriptor)
    __arm_cp.4_0                             0x08003f4c   Number         4  usbd_desc.o(.text.USBD_FS_SerialStrDescriptor)
    __arm_cp.4_1                             0x08003f50   Number         4  usbd_desc.o(.text.USBD_FS_SerialStrDescriptor)
    [Anonymous Symbol]                       0x08003f54   Section        0  usbd_ctlreq.o(.text.USBD_GetString)
    [Anonymous Symbol]                       0x08004000   Section        0  usbd_core.o(.text.USBD_Init)
    [Anonymous Symbol]                       0x08004030   Section        0  usbd_conf.o(.text.USBD_LL_ClearStallEP)
    [Anonymous Symbol]                       0x08004050   Section        0  usbd_conf.o(.text.USBD_LL_CloseEP)
    [Anonymous Symbol]                       0x08004070   Section        0  usbd_core.o(.text.USBD_LL_DataInStage)
    [Anonymous Symbol]                       0x08004146   Section        0  usbd_core.o(.text.USBD_LL_DataOutStage)
    [Anonymous Symbol]                       0x080041e0   Section        0  usbd_conf.o(.text.USBD_LL_GetRxDataSize)
    [Anonymous Symbol]                       0x080041f0   Section        0  usbd_conf.o(.text.USBD_LL_Init)
    __arm_cp.13_0                            0x0800426c   Number         4  usbd_conf.o(.text.USBD_LL_Init)
    __arm_cp.13_1                            0x08004270   Number         4  usbd_conf.o(.text.USBD_LL_Init)
    [Anonymous Symbol]                       0x08004274   Section        0  usbd_conf.o(.text.USBD_LL_IsStallEP)
    [Anonymous Symbol]                       0x080042a0   Section        0  usbd_conf.o(.text.USBD_LL_OpenEP)
    [Anonymous Symbol]                       0x080042c8   Section        0  usbd_conf.o(.text.USBD_LL_PrepareReceive)
    [Anonymous Symbol]                       0x080042e8   Section        0  usbd_core.o(.text.USBD_LL_Reset)
    [Anonymous Symbol]                       0x08004342   Section        0  usbd_core.o(.text.USBD_LL_Resume)
    [Anonymous Symbol]                       0x08004356   Section        0  usbd_core.o(.text.USBD_LL_SOF)
    [Anonymous Symbol]                       0x08004372   Section        0  usbd_core.o(.text.USBD_LL_SetSpeed)
    [Anonymous Symbol]                       0x08004378   Section        0  usbd_conf.o(.text.USBD_LL_SetUSBAddress)
    [Anonymous Symbol]                       0x08004398   Section        0  usbd_core.o(.text.USBD_LL_SetupStage)
    [Anonymous Symbol]                       0x08004404   Section        0  usbd_conf.o(.text.USBD_LL_StallEP)
    __arm_cp.20_0                            0x08004424   Number         4  usbd_conf.o(.text.USBD_LL_StallEP)
    [Anonymous Symbol]                       0x08004428   Section        0  usbd_conf.o(.text.USBD_LL_Start)
    __arm_cp.15_0                            0x08004448   Number         4  usbd_conf.o(.text.USBD_LL_Start)
    [Anonymous Symbol]                       0x0800444c   Section        0  usbd_core.o(.text.USBD_LL_Suspend)
    [Anonymous Symbol]                       0x08004460   Section        0  usbd_conf.o(.text.USBD_LL_Transmit)
    __arm_cp.24_0                            0x08004480   Number         4  usbd_conf.o(.text.USBD_LL_Transmit)
    [Anonymous Symbol]                       0x08004484   Section        0  usbd_ctlreq.o(.text.USBD_ParseSetupRequest)
    [Anonymous Symbol]                       0x080044ac   Section        0  usbd_core.o(.text.USBD_RegisterClass)
    [Anonymous Symbol]                       0x080044be   Section        0  usbd_core.o(.text.USBD_SetClassConfig)
    [Anonymous Symbol]                       0x080044da   Section        0  usbd_core.o(.text.USBD_Start)
    [Anonymous Symbol]                       0x080044e4   Section        0  usbd_ctlreq.o(.text.USBD_StdDevReq)
    __arm_cp.0_0                             0x080047a4   Number         4  usbd_ctlreq.o(.text.USBD_StdDevReq)
    [Anonymous Symbol]                       0x080047a8   Section        0  usbd_ctlreq.o(.text.USBD_StdEPReq)
    [Anonymous Symbol]                       0x080048d6   Section        0  usbd_ctlreq.o(.text.USBD_StdItfReq)
    [Anonymous Symbol]                       0x0800492e   Section        0  usbd_conf.o(.text.USBD_static_free)
    [Anonymous Symbol]                       0x08004930   Section        0  usbd_conf.o(.text.USBD_static_malloc)
    __arm_cp.28_0                            0x08004934   Number         4  usbd_conf.o(.text.USBD_static_malloc)
    [Anonymous Symbol]                       0x08004938   Section        0  stm32f0xx_ll_usb.o(.text.USB_ActivateEndpoint)
    __arm_cp.7_0                             0x08004b3c   Number         4  stm32f0xx_ll_usb.o(.text.USB_ActivateEndpoint)
    __arm_cp.7_1                             0x08004b40   Number         4  stm32f0xx_ll_usb.o(.text.USB_ActivateEndpoint)
    __arm_cp.7_2                             0x08004b44   Number         4  stm32f0xx_ll_usb.o(.text.USB_ActivateEndpoint)
    __arm_cp.7_4                             0x08004b48   Number         4  stm32f0xx_ll_usb.o(.text.USB_ActivateEndpoint)
    __arm_cp.7_5                             0x08004b4c   Number         4  stm32f0xx_ll_usb.o(.text.USB_ActivateEndpoint)
    __arm_cp.7_6                             0x08004b50   Number         4  stm32f0xx_ll_usb.o(.text.USB_ActivateEndpoint)
    __arm_cp.7_9                             0x08004b54   Number         4  stm32f0xx_ll_usb.o(.text.USB_ActivateEndpoint)
    __arm_cp.7_10                            0x08004b58   Number         4  stm32f0xx_ll_usb.o(.text.USB_ActivateEndpoint)
    [Anonymous Symbol]                       0x08004b5c   Section        0  stm32f0xx_ll_usb.o(.text.USB_DeactivateEndpoint)
    __arm_cp.8_1                             0x08004c04   Number         4  stm32f0xx_ll_usb.o(.text.USB_DeactivateEndpoint)
    __arm_cp.8_4                             0x08004c08   Number         4  stm32f0xx_ll_usb.o(.text.USB_DeactivateEndpoint)
    [Anonymous Symbol]                       0x08004c0c   Section        0  stm32f0xx_ll_usb.o(.text.USB_DevConnect)
    [Anonymous Symbol]                       0x08004c1c   Section        0  stm32f0xx_ll_usb.o(.text.USB_DevInit)
    [Anonymous Symbol]                       0x08004c30   Section        0  stm32f0xx_ll_usb.o(.text.USB_DisableGlobalInt)
    __arm_cp.2_0                             0x08004c40   Number         4  stm32f0xx_ll_usb.o(.text.USB_DisableGlobalInt)
    [Anonymous Symbol]                       0x08004c44   Section        0  stm32f0xx_ll_usb.o(.text.USB_EPClearStall)
    __arm_cp.12_0                            0x08004ca0   Number         4  stm32f0xx_ll_usb.o(.text.USB_EPClearStall)
    __arm_cp.12_1                            0x08004ca4   Number         4  stm32f0xx_ll_usb.o(.text.USB_EPClearStall)
    __arm_cp.12_3                            0x08004ca8   Number         4  stm32f0xx_ll_usb.o(.text.USB_EPClearStall)
    __arm_cp.12_4                            0x08004cac   Number         4  stm32f0xx_ll_usb.o(.text.USB_EPClearStall)
    [Anonymous Symbol]                       0x08004cb0   Section        0  stm32f0xx_ll_usb.o(.text.USB_EPSetStall)
    __arm_cp.11_0                            0x08004cdc   Number         4  stm32f0xx_ll_usb.o(.text.USB_EPSetStall)
    __arm_cp.11_1                            0x08004ce0   Number         4  stm32f0xx_ll_usb.o(.text.USB_EPSetStall)
    __arm_cp.11_2                            0x08004ce4   Number         4  stm32f0xx_ll_usb.o(.text.USB_EPSetStall)
    __arm_cp.11_3                            0x08004ce8   Number         4  stm32f0xx_ll_usb.o(.text.USB_EPSetStall)
    [Anonymous Symbol]                       0x08004cec   Section        0  stm32f0xx_ll_usb.o(.text.USB_EPStartXfer)
    __arm_cp.9_17                            0x0800510c   Number         4  stm32f0xx_ll_usb.o(.text.USB_EPStartXfer)
    __arm_cp.9_18                            0x08005110   Number         4  stm32f0xx_ll_usb.o(.text.USB_EPStartXfer)
    __arm_cp.9_0                             0x080055e8   Number         4  stm32f0xx_ll_usb.o(.text.USB_EPStartXfer)
    __arm_cp.9_1                             0x080055ec   Number         4  stm32f0xx_ll_usb.o(.text.USB_EPStartXfer)
    __arm_cp.9_2                             0x080055f0   Number         4  stm32f0xx_ll_usb.o(.text.USB_EPStartXfer)
    __arm_cp.9_3                             0x080055f4   Number         4  stm32f0xx_ll_usb.o(.text.USB_EPStartXfer)
    __arm_cp.9_4                             0x080055f8   Number         4  stm32f0xx_ll_usb.o(.text.USB_EPStartXfer)
    __arm_cp.9_5                             0x080055fc   Number         4  stm32f0xx_ll_usb.o(.text.USB_EPStartXfer)
    __arm_cp.9_6                             0x08005600   Number         4  stm32f0xx_ll_usb.o(.text.USB_EPStartXfer)
    [Anonymous Symbol]                       0x08005604   Section        0  stm32f0xx_ll_usb.o(.text.USB_EnableGlobalInt)
    __arm_cp.1_0                             0x08005618   Number         4  stm32f0xx_ll_usb.o(.text.USB_EnableGlobalInt)
    [Anonymous Symbol]                       0x0800561c   Section        0  stm32f0xx_it.o(.text.USB_IRQHandler)
    __arm_cp.7_0                             0x08005628   Number         4  stm32f0xx_it.o(.text.USB_IRQHandler)
    [Anonymous Symbol]                       0x0800562c   Section        0  stm32f0xx_ll_usb.o(.text.USB_ReadInterrupts)
    [Anonymous Symbol]                       0x08005632   Section        0  stm32f0xx_ll_usb.o(.text.USB_ReadPMA)
    [Anonymous Symbol]                       0x080056c4   Section        0  usb.o(.text.USB_Rx_Parse)
    __arm_cp.2_0                             0x08005798   Number         4  usb.o(.text.USB_Rx_Parse)
    [Anonymous Symbol]                       0x0800579c   Section        0  stm32f0xx_ll_usb.o(.text.USB_SetDevAddress)
    [Anonymous Symbol]                       0x080057b0   Section        0  usb.o(.text.USB_SoftReset)
    __arm_cp.0_0                             0x08005808   Number         4  usb.o(.text.USB_SoftReset)
    [Anonymous Symbol]                       0x0800580c   Section        0  usb.o(.text.USB_Tx_SendFrame)
    __arm_cp.1_0                             0x08005860   Number         4  usb.o(.text.USB_Tx_SendFrame)
    __arm_cp.1_1                             0x08005864   Number         4  usb.o(.text.USB_Tx_SendFrame)
    [Anonymous Symbol]                       0x08005868   Section        0  stm32f0xx_ll_usb.o(.text.USB_WritePMA)
    [Anonymous Symbol]                       0x08005900   Section        0  main.o(.text.main)
    __arm_cp.0_0                             0x08005a54   Number         4  main.o(.text.main)
    __arm_cp.0_1                             0x08005a58   Number         4  main.o(.text.main)
    __arm_cp.0_2                             0x08005a5c   Number         4  main.o(.text.main)
    __arm_cp.0_3                             0x08005a60   Number         4  main.o(.text.main)
    __arm_cp.0_4                             0x08005a64   Number         4  main.o(.text.main)
    __arm_cp.0_5                             0x08005a68   Number         4  main.o(.text.main)
    __arm_cp.0_6                             0x08005a6c   Number         4  main.o(.text.main)
    __arm_cp.0_7                             0x08005a70   Number         4  main.o(.text.main)
    __arm_cp.0_8                             0x08005a74   Number         4  main.o(.text.main)
    __arm_cp.0_9                             0x08005a78   Number         4  main.o(.text.main)
    __arm_cp.0_10                            0x08005a7c   Number         4  main.o(.text.main)
    __arm_cp.0_11                            0x08005a80   Number         4  main.o(.text.main)
    __arm_cp.0_12                            0x08005a84   Number         4  main.o(.text.main)
    .text_divfast                            0x08005a88   Section      502  aeabi_sdivfast.o(.text_divfast)
    x$fpl$usenofp                            0x08005c7e   Section        0  usenofp.o(x$fpl$usenofp)
    HAL_RCC_GetSysClockFreq.aPLLMULFactorTable 0x08005c8e   Data          16  stm32f0xx_hal_rcc.o(.rodata.cst16)
    [Anonymous Symbol]                       0x08005c8e   Section        0  stm32f0xx_hal_rcc.o(.rodata.cst16)
    HAL_RCC_GetSysClockFreq.aPredivFactorTable 0x08005c9e   Data          16  stm32f0xx_hal_rcc.o(.rodata.cst16)
    [Anonymous Symbol]                       0x08005cb0   Section        0  stm32f0xx_hal_tim.o(.rodata.cst16)
    [Anonymous Symbol]                       0x20000000   Section        0  stm32f0xx_hal.o(.data..L_MergedGlobals)
    USBD_CDC_DeviceQualifierDesc             0x200000e8   Data          10  usbd_cdc.o(.data.USBD_CDC_DeviceQualifierDesc)
    [Anonymous Symbol]                       0x200000e8   Section        0  usbd_cdc.o(.data.USBD_CDC_DeviceQualifierDesc)
    .bss                                     0x20000180   Section       96  libspace.o(.bss)
    usb_rx_cnt                               0x200001e0   Data           1  usb.o(.bss..L_MergedGlobals)
    [Anonymous Symbol]                       0x200001e0   Section        0  usb.o(.bss..L_MergedGlobals)
    usb_rx_buf                               0x200001e9   Data           9  usb.o(.bss..L_MergedGlobals)
    [Anonymous Symbol]                       0x200001f2   Section        0  gnd_scan.o(.bss..L_MergedGlobals)
    USBD_SetConfig.cfgidx                    0x200001f8   Data           1  usbd_ctlreq.o(.bss.USBD_SetConfig.cfgidx)
    [Anonymous Symbol]                       0x200001f8   Section        0  usbd_ctlreq.o(.bss.USBD_SetConfig.cfgidx)
    USBD_static_malloc.mem                   0x200003fc   Data         544  usbd_conf.o(.bss.USBD_static_malloc.mem)
    [Anonymous Symbol]                       0x200003fc   Section        0  usbd_conf.o(.bss.USBD_static_malloc.mem)
    usb_tx_buf                               0x20000db5   Data          10  usb.o(.bss.usb_tx_buf)
    [Anonymous Symbol]                       0x20000db5   Section        0  usb.o(.bss.usb_tx_buf)
    Heap_Mem                                 0x20000dc8   Data        1024  startup_stm32f042x6.o(HEAP)
    HEAP                                     0x20000dc8   Section     1024  startup_stm32f042x6.o(HEAP)
    Stack_Mem                                0x200011c8   Data        1024  startup_stm32f042x6.o(STACK)
    STACK                                    0x200011c8   Section     1024  startup_stm32f042x6.o(STACK)
    __initial_sp                             0x200015c8   Data           0  startup_stm32f042x6.o(STACK)

    Global Symbols

    Symbol Name                              Value     Ov Type        Size  Object(Section)

    BuildAttributes$$THM_ISAv3M$S$PE$A:L22$X:L11$S22$IEEE1$IW$~IW$USESV6$~STKCKD$USESV7$~SHL$OTIME$ROPI$EBA8$UX$STANDARDLIB$REQ8$PRES8$EABIv2 0x00000000   Number         0  anon$$obj.o ABSOLUTE
    __ARM_exceptions_init                     - Undefined Weak Reference
    __alloca_initialize                       - Undefined Weak Reference
    __arm_preinit_                            - Undefined Weak Reference
    __arm_relocate_pie_                       - Undefined Weak Reference
    __cpp_initialize__aeabi_                  - Undefined Weak Reference
    __cxa_finalize                            - Undefined Weak Reference
    __rt_locale                               - Undefined Weak Reference
    __sigvec_lookup                           - Undefined Weak Reference
    _atexit_init                              - Undefined Weak Reference
    _call_atexit_fns                          - Undefined Weak Reference
    _clock_init                               - Undefined Weak Reference
    _fp_trap_init                             - Undefined Weak Reference
    _fp_trap_shutdown                         - Undefined Weak Reference
    _get_lc_collate                           - Undefined Weak Reference
    _get_lc_ctype                             - Undefined Weak Reference
    _get_lc_monetary                          - Undefined Weak Reference
    _get_lc_numeric                           - Undefined Weak Reference
    _get_lc_time                              - Undefined Weak Reference
    _getenv_init                              - Undefined Weak Reference
    _handle_redirection                       - Undefined Weak Reference
    _init_alloc                               - Undefined Weak Reference
    _init_user_alloc                          - Undefined Weak Reference
    _initio                                   - Undefined Weak Reference
    _rand_init                                - Undefined Weak Reference
    _signal_finish                            - Undefined Weak Reference
    _signal_init                              - Undefined Weak Reference
    _terminate_alloc                          - Undefined Weak Reference
    _terminate_user_alloc                     - Undefined Weak Reference
    _terminateio                              - Undefined Weak Reference
    __Vectors_Size                           0x000000c0   Number         0  startup_stm32f042x6.o ABSOLUTE
    __Vectors                                0x08000000   Data           4  startup_stm32f042x6.o(RESET)
    __Vectors_End                            0x080000c0   Data           0  startup_stm32f042x6.o(RESET)
    __main                                   0x080000c1   Thumb Code     8  __main.o(!!!main)
    __scatterload                            0x080000c9   Thumb Code     0  __scatter.o(!!!scatter)
    __scatterload_rt2                        0x080000c9   Thumb Code    74  __scatter.o(!!!scatter)
    __scatterload_rt2_thumb_only             0x080000c9   Thumb Code     0  __scatter.o(!!!scatter)
    __scatterload_loop                       0x080000d3   Thumb Code     0  __scatter.o(!!!scatter)
    __scatterload_null                       0x0800011d   Thumb Code     2  __scatter.o(!!handler_null)
    __scatterload_zeroinit                   0x08000121   Thumb Code    28  __scatter_zi.o(!!handler_zi)
    __rt_lib_init                            0x0800013d   Thumb Code     0  libinit.o(.ARM.Collect$$libinit$$00000000)
    __rt_lib_init_alloca_1                   0x0800013f   Thumb Code     0  libinit2.o(.ARM.Collect$$libinit$$00000030)
    __rt_lib_init_argv_1                     0x0800013f   Thumb Code     0  libinit2.o(.ARM.Collect$$libinit$$0000002E)
    __rt_lib_init_atexit_1                   0x0800013f   Thumb Code     0  libinit2.o(.ARM.Collect$$libinit$$0000001D)
    __rt_lib_init_clock_1                    0x0800013f   Thumb Code     0  libinit2.o(.ARM.Collect$$libinit$$00000023)
    __rt_lib_init_cpp_1                      0x0800013f   Thumb Code     0  libinit2.o(.ARM.Collect$$libinit$$00000034)
    __rt_lib_init_exceptions_1               0x0800013f   Thumb Code     0  libinit2.o(.ARM.Collect$$libinit$$00000032)
    __rt_lib_init_fp_1                       0x0800013f   Thumb Code     0  libinit2.o(.ARM.Collect$$libinit$$00000002)
    __rt_lib_init_fp_trap_1                  0x0800013f   Thumb Code     0  libinit2.o(.ARM.Collect$$libinit$$00000021)
    __rt_lib_init_getenv_1                   0x0800013f   Thumb Code     0  libinit2.o(.ARM.Collect$$libinit$$00000025)
    __rt_lib_init_heap_1                     0x0800013f   Thumb Code     0  libinit2.o(.ARM.Collect$$libinit$$0000000C)
    __rt_lib_init_lc_collate_1               0x0800013f   Thumb Code     0  libinit2.o(.ARM.Collect$$libinit$$00000013)
    __rt_lib_init_lc_ctype_1                 0x0800013f   Thumb Code     0  libinit2.o(.ARM.Collect$$libinit$$00000015)
    __rt_lib_init_lc_monetary_1              0x0800013f   Thumb Code     0  libinit2.o(.ARM.Collect$$libinit$$00000017)
    __rt_lib_init_lc_numeric_1               0x0800013f   Thumb Code     0  libinit2.o(.ARM.Collect$$libinit$$00000019)
    __rt_lib_init_lc_time_1                  0x0800013f   Thumb Code     0  libinit2.o(.ARM.Collect$$libinit$$0000001B)
    __rt_lib_init_preinit_1                  0x0800013f   Thumb Code     0  libinit2.o(.ARM.Collect$$libinit$$00000006)
    __rt_lib_init_rand_1                     0x0800013f   Thumb Code     0  libinit2.o(.ARM.Collect$$libinit$$00000010)
    __rt_lib_init_relocate_pie_1             0x0800013f   Thumb Code     0  libinit2.o(.ARM.Collect$$libinit$$00000004)
    __rt_lib_init_return                     0x0800013f   Thumb Code     0  libinit2.o(.ARM.Collect$$libinit$$00000035)
    __rt_lib_init_signal_1                   0x0800013f   Thumb Code     0  libinit2.o(.ARM.Collect$$libinit$$0000001F)
    __rt_lib_init_stdio_1                    0x0800013f   Thumb Code     0  libinit2.o(.ARM.Collect$$libinit$$00000027)
    __rt_lib_init_user_alloc_1               0x0800013f   Thumb Code     0  libinit2.o(.ARM.Collect$$libinit$$0000000E)
    __rt_lib_shutdown                        0x08000141   Thumb Code     0  libshutdown.o(.ARM.Collect$$libshutdown$$00000000)
    __rt_lib_shutdown_cpp_1                  0x08000143   Thumb Code     0  libshutdown2.o(.ARM.Collect$$libshutdown$$00000002)
    __rt_lib_shutdown_fp_trap_1              0x08000143   Thumb Code     0  libshutdown2.o(.ARM.Collect$$libshutdown$$00000007)
    __rt_lib_shutdown_heap_1                 0x08000143   Thumb Code     0  libshutdown2.o(.ARM.Collect$$libshutdown$$0000000F)
    __rt_lib_shutdown_return                 0x08000143   Thumb Code     0  libshutdown2.o(.ARM.Collect$$libshutdown$$00000010)
    __rt_lib_shutdown_signal_1               0x08000143   Thumb Code     0  libshutdown2.o(.ARM.Collect$$libshutdown$$0000000A)
    __rt_lib_shutdown_stdio_1                0x08000143   Thumb Code     0  libshutdown2.o(.ARM.Collect$$libshutdown$$00000004)
    __rt_lib_shutdown_user_alloc_1           0x08000143   Thumb Code     0  libshutdown2.o(.ARM.Collect$$libshutdown$$0000000C)
    __rt_entry                               0x08000145   Thumb Code     0  __rtentry.o(.ARM.Collect$$rtentry$$00000000)
    __rt_entry_presh_1                       0x08000145   Thumb Code     0  __rtentry2.o(.ARM.Collect$$rtentry$$00000002)
    __rt_entry_sh                            0x08000145   Thumb Code     0  __rtentry4.o(.ARM.Collect$$rtentry$$00000004)
    __rt_entry_li                            0x0800014b   Thumb Code     0  __rtentry2.o(.ARM.Collect$$rtentry$$0000000A)
    __rt_entry_postsh_1                      0x0800014b   Thumb Code     0  __rtentry2.o(.ARM.Collect$$rtentry$$00000009)
    __rt_entry_main                          0x0800014f   Thumb Code     0  __rtentry2.o(.ARM.Collect$$rtentry$$0000000D)
    __rt_entry_postli_1                      0x0800014f   Thumb Code     0  __rtentry2.o(.ARM.Collect$$rtentry$$0000000C)
    __rt_exit                                0x08000157   Thumb Code     0  rtexit.o(.ARM.Collect$$rtexit$$00000000)
    __rt_exit_ls                             0x08000159   Thumb Code     0  rtexit2.o(.ARM.Collect$$rtexit$$00000003)
    __rt_exit_prels_1                        0x08000159   Thumb Code     0  rtexit2.o(.ARM.Collect$$rtexit$$00000002)
    __rt_exit_exit                           0x0800015d   Thumb Code     0  rtexit2.o(.ARM.Collect$$rtexit$$00000004)
    __aeabi_memcpy4                          0x08000165   Thumb Code    56  rt_memcpy.o(.emb_text)
    __aeabi_memcpy8                          0x08000165   Thumb Code     0  rt_memcpy.o(.emb_text)
    Reset_Handler                            0x0800019d   Thumb Code    38  startup_stm32f042x6.o(.text)
    ADC1_IRQHandler                          0x080001cd   Thumb Code     0  startup_stm32f042x6.o(.text)
    CEC_CAN_IRQHandler                       0x080001cd   Thumb Code     0  startup_stm32f042x6.o(.text)
    DMA1_Channel1_IRQHandler                 0x080001cd   Thumb Code     0  startup_stm32f042x6.o(.text)
    DMA1_Channel2_3_IRQHandler               0x080001cd   Thumb Code     0  startup_stm32f042x6.o(.text)
    EXTI0_1_IRQHandler                       0x080001cd   Thumb Code     0  startup_stm32f042x6.o(.text)
    EXTI2_3_IRQHandler                       0x080001cd   Thumb Code     0  startup_stm32f042x6.o(.text)
    EXTI4_15_IRQHandler                      0x080001cd   Thumb Code     0  startup_stm32f042x6.o(.text)
    FLASH_IRQHandler                         0x080001cd   Thumb Code     0  startup_stm32f042x6.o(.text)
    I2C1_IRQHandler                          0x080001cd   Thumb Code     0  startup_stm32f042x6.o(.text)
    PVD_VDDIO2_IRQHandler                    0x080001cd   Thumb Code     0  startup_stm32f042x6.o(.text)
    RCC_CRS_IRQHandler                       0x080001cd   Thumb Code     0  startup_stm32f042x6.o(.text)
    RTC_IRQHandler                           0x080001cd   Thumb Code     0  startup_stm32f042x6.o(.text)
    SPI1_IRQHandler                          0x080001cd   Thumb Code     0  startup_stm32f042x6.o(.text)
    SPI2_IRQHandler                          0x080001cd   Thumb Code     0  startup_stm32f042x6.o(.text)
    TIM16_IRQHandler                         0x080001cd   Thumb Code     0  startup_stm32f042x6.o(.text)
    TIM17_IRQHandler                         0x080001cd   Thumb Code     0  startup_stm32f042x6.o(.text)
    TIM1_BRK_UP_TRG_COM_IRQHandler           0x080001cd   Thumb Code     0  startup_stm32f042x6.o(.text)
    TIM1_CC_IRQHandler                       0x080001cd   Thumb Code     0  startup_stm32f042x6.o(.text)
    TIM2_IRQHandler                          0x080001cd   Thumb Code     0  startup_stm32f042x6.o(.text)
    TIM3_IRQHandler                          0x080001cd   Thumb Code     0  startup_stm32f042x6.o(.text)
    TSC_IRQHandler                           0x080001cd   Thumb Code     0  startup_stm32f042x6.o(.text)
    USART1_IRQHandler                        0x080001cd   Thumb Code     0  startup_stm32f042x6.o(.text)
    USART2_IRQHandler                        0x080001cd   Thumb Code     0  startup_stm32f042x6.o(.text)
    WWDG_IRQHandler                          0x080001cd   Thumb Code     0  startup_stm32f042x6.o(.text)
    __user_initial_stackheap                 0x080001d1   Thumb Code     0  startup_stm32f042x6.o(.text)
    __aeabi_memcpy                           0x08000211   Thumb Code   130  rt_memcpy.o(.text)
    __rt_memcpy                              0x08000211   Thumb Code     0  rt_memcpy.o(.text)
    __aeabi_uidivmod                         0x08000295   Thumb Code    28  aeabi_sdivfast.o(.text)
    __aeabi_idivmod                          0x080002b1   Thumb Code   472  aeabi_sdivfast.o(.text)
    __use_two_region_memory                  0x0800048d   Thumb Code     2  heapauxi.o(.text)
    __rt_heap_escrow$2region                 0x0800048f   Thumb Code     2  heapauxi.o(.text)
    __rt_heap_expand$2region                 0x08000491   Thumb Code     2  heapauxi.o(.text)
    __aeabi_d2iz                             0x08000495   Thumb Code     0  dfixi.o(.text)
    _dfix                                    0x08000495   Thumb Code    98  dfixi.o(.text)
    __aeabi_d2uiz                            0x08000501   Thumb Code     0  dfixui.o(.text)
    _dfixu                                   0x08000501   Thumb Code    68  dfixui.o(.text)
    __aeabi_i2d_normalise                    0x08000549   Thumb Code    66  dflti.o(.text)
    __aeabi_i2d                              0x0800058b   Thumb Code    16  dflti.o(.text)
    _dflt                                    0x0800058b   Thumb Code     0  dflti.o(.text)
    __aeabi_ui2d                             0x0800059b   Thumb Code     6  dflti.o(.text)
    _dfltu                                   0x0800059b   Thumb Code     0  dflti.o(.text)
    __aeabi_dmul                             0x080005a1   Thumb Code     0  dmul.o(.text)
    __muldf3                                 0x080005a1   Thumb Code     0  dmul.o(.text)
    _dmul                                    0x080005a1   Thumb Code   558  dmul.o(.text)
    __user_setup_stackheap                   0x080007e9   Thumb Code    62  sys_stackheap_outer.o(.text)
    exit                                     0x08000827   Thumb Code    16  exit.o(.text)
    __user_libspace                          0x08000839   Thumb Code     8  libspace.o(.text)
    __user_perproc_libspace                  0x08000839   Thumb Code     0  libspace.o(.text)
    __user_perthread_libspace                0x08000839   Thumb Code     0  libspace.o(.text)
    _sys_exit                                0x08000841   Thumb Code     8  sys_exit.o(.text)
    __I$use$semihosting                      0x0800084d   Thumb Code     0  use_no_semi.o(.text)
    __use_no_semihosting_swi                 0x0800084d   Thumb Code     2  use_no_semi.o(.text)
    __decompress                             0x0800084f   Thumb Code     0  __dczerorl2.o(.text)
    __decompress1                            0x0800084f   Thumb Code    86  __dczerorl2.o(.text)
    __semihosting_library_function           0x0800084f   Thumb Code     0  indicate_semi.o(.text)
    CDC_Transmit_FS                          0x08000939   Thumb Code    48  usbd_cdc_if.o(.text.CDC_Transmit_FS)
    DMA1_Channel4_5_IRQHandler               0x0800096d   Thumb Code    16  stm32f0xx_it.o(.text.DMA1_Channel4_5_IRQHandler)
    Error_Handler                            0x08000985   Thumb Code     8  main.o(.text.Error_Handler)
    HAL_DMA_IRQHandler                       0x0800098d   Thumb Code   210  stm32f0xx_hal_dma.o(.text.HAL_DMA_IRQHandler)
    HAL_DMA_Init                             0x08000a61   Thumb Code   116  stm32f0xx_hal_dma.o(.text.HAL_DMA_Init)
    HAL_DMA_Start_IT                         0x08000ae1   Thumb Code   130  stm32f0xx_hal_dma.o(.text.HAL_DMA_Start_IT)
    HAL_Delay                                0x08000b65   Thumb Code    32  stm32f0xx_hal.o(.text.HAL_Delay)
    HAL_GPIO_DeInit                          0x08000b85   Thumb Code   232  stm32f0xx_hal_gpio.o(.text.HAL_GPIO_DeInit)
    HAL_GPIO_Init                            0x08000c6d   Thumb Code   412  stm32f0xx_hal_gpio.o(.text.HAL_GPIO_Init)
    HAL_GPIO_TogglePin                       0x08000e19   Thumb Code    16  stm32f0xx_hal_gpio.o(.text.HAL_GPIO_TogglePin)
    HAL_GPIO_WritePin                        0x08000e29   Thumb Code    16  stm32f0xx_hal_gpio.o(.text.HAL_GPIO_WritePin)
    HAL_GetTick                              0x08000e39   Thumb Code     8  stm32f0xx_hal.o(.text.HAL_GetTick)
    HAL_IncTick                              0x08000e41   Thumb Code    16  stm32f0xx_hal.o(.text.HAL_IncTick)
    HAL_Init                                 0x08000e55   Thumb Code    28  stm32f0xx_hal.o(.text.HAL_Init)
    HAL_InitTick                             0x08000e75   Thumb Code    60  stm32f0xx_hal.o(.text.HAL_InitTick)
    HAL_MspInit                              0x08000eb9   Thumb Code    52  stm32f0xx_hal_msp.o(.text.HAL_MspInit)
    HAL_NVIC_EnableIRQ                       0x08000ef5   Thumb Code    20  stm32f0xx_hal_cortex.o(.text.HAL_NVIC_EnableIRQ)
    HAL_NVIC_SetPriority                     0x08000f0d   Thumb Code    48  stm32f0xx_hal_cortex.o(.text.HAL_NVIC_SetPriority)
    HAL_PCDEx_ActivateLPM                    0x08000f45   Thumb Code    38  stm32f0xx_hal_pcd_ex.o(.text.HAL_PCDEx_ActivateLPM)
    HAL_PCDEx_LPM_Callback                   0x08000f6b   Thumb Code     2  stm32f0xx_hal_pcd_ex.o(.text.HAL_PCDEx_LPM_Callback)
    HAL_PCDEx_PMAConfig                      0x08000f6d   Thumb Code    64  stm32f0xx_hal_pcd_ex.o(.text.HAL_PCDEx_PMAConfig)
    HAL_PCD_DataInStageCallback              0x08000fad   Thumb Code    24  usbd_conf.o(.text.HAL_PCD_DataInStageCallback)
    HAL_PCD_DataOutStageCallback             0x08000fc5   Thumb Code    28  usbd_conf.o(.text.HAL_PCD_DataOutStageCallback)
    HAL_PCD_EP_Close                         0x08000fe1   Thumb Code    68  stm32f0xx_hal_pcd.o(.text.HAL_PCD_EP_Close)
    HAL_PCD_EP_ClrStall                      0x08001025   Thumb Code    86  stm32f0xx_hal_pcd.o(.text.HAL_PCD_EP_ClrStall)
    HAL_PCD_EP_GetRxCount                    0x0800107b   Thumb Code    18  stm32f0xx_hal_pcd.o(.text.HAL_PCD_EP_GetRxCount)
    HAL_PCD_EP_Open                          0x0800108d   Thumb Code    80  stm32f0xx_hal_pcd.o(.text.HAL_PCD_EP_Open)
    HAL_PCD_EP_Receive                       0x080010dd   Thumb Code    40  stm32f0xx_hal_pcd.o(.text.HAL_PCD_EP_Receive)
    HAL_PCD_EP_SetStall                      0x08001105   Thumb Code    84  stm32f0xx_hal_pcd.o(.text.HAL_PCD_EP_SetStall)
    HAL_PCD_EP_Transmit                      0x08001159   Thumb Code    44  stm32f0xx_hal_pcd.o(.text.HAL_PCD_EP_Transmit)
    HAL_PCD_IRQHandler                       0x08001185   Thumb Code  2180  stm32f0xx_hal_pcd.o(.text.HAL_PCD_IRQHandler)
    HAL_PCD_Init                             0x08001a35   Thumb Code   592  stm32f0xx_hal_pcd.o(.text.HAL_PCD_Init)
    HAL_PCD_MspInit                          0x08001c85   Thumb Code    60  usbd_conf.o(.text.HAL_PCD_MspInit)
    HAL_PCD_ResetCallback                    0x08001cc9   Thumb Code    34  usbd_conf.o(.text.HAL_PCD_ResetCallback)
    HAL_PCD_ResumeCallback                   0x08001ced   Thumb Code    36  usbd_conf.o(.text.HAL_PCD_ResumeCallback)
    HAL_PCD_SOFCallback                      0x08001d11   Thumb Code    14  usbd_conf.o(.text.HAL_PCD_SOFCallback)
    HAL_PCD_SetAddress                       0x08001d1f   Thumb Code    36  stm32f0xx_hal_pcd.o(.text.HAL_PCD_SetAddress)
    HAL_PCD_SetupStageCallback               0x08001d43   Thumb Code    22  usbd_conf.o(.text.HAL_PCD_SetupStageCallback)
    HAL_PCD_Start                            0x08001d59   Thumb Code    44  stm32f0xx_hal_pcd.o(.text.HAL_PCD_Start)
    HAL_PCD_SuspendCallback                  0x08001d85   Thumb Code    32  usbd_conf.o(.text.HAL_PCD_SuspendCallback)
    HAL_RCCEx_PeriphCLKConfig                0x08001da9   Thumb Code   296  stm32f0xx_hal_rcc_ex.o(.text.HAL_RCCEx_PeriphCLKConfig)
    HAL_RCC_ClockConfig                      0x08001edd   Thumb Code   344  stm32f0xx_hal_rcc.o(.text.HAL_RCC_ClockConfig)
    HAL_RCC_MCOConfig                        0x08002059   Thumb Code    76  stm32f0xx_hal_rcc.o(.text.HAL_RCC_MCOConfig)
    HAL_RCC_OscConfig                        0x080020a9   Thumb Code  1164  stm32f0xx_hal_rcc.o(.text.HAL_RCC_OscConfig)
    HAL_SYSTICK_Config                       0x0800253d   Thumb Code    40  stm32f0xx_hal_cortex.o(.text.HAL_SYSTICK_Config)
    HAL_TIMEx_BreakCallback                  0x08002571   Thumb Code     2  stm32f0xx_hal_tim_ex.o(.text.HAL_TIMEx_BreakCallback)
    HAL_TIMEx_CommutCallback                 0x08002573   Thumb Code     2  stm32f0xx_hal_tim_ex.o(.text.HAL_TIMEx_CommutCallback)
    HAL_TIMEx_MasterConfigSynchronization    0x08002575   Thumb Code    76  stm32f0xx_hal_tim_ex.o(.text.HAL_TIMEx_MasterConfigSynchronization)
    HAL_TIM_Base_Init                        0x080025c1   Thumb Code   212  stm32f0xx_hal_tim.o(.text.HAL_TIM_Base_Init)
    HAL_TIM_Base_MspInit                     0x080026a1   Thumb Code   280  tim.o(.text.HAL_TIM_Base_MspInit)
    HAL_TIM_Base_Start_IT                    0x080027c9   Thumb Code    68  stm32f0xx_hal_tim.o(.text.HAL_TIM_Base_Start_IT)
    HAL_TIM_ConfigClockSource                0x08002815   Thumb Code   344  stm32f0xx_hal_tim.o(.text.HAL_TIM_ConfigClockSource)
    HAL_TIM_ErrorCallback                    0x08002971   Thumb Code     2  stm32f0xx_hal_tim.o(.text.HAL_TIM_ErrorCallback)
    HAL_TIM_IC_CaptureCallback               0x08002975   Thumb Code    28  gnd_scan.o(.text.HAL_TIM_IC_CaptureCallback)
    HAL_TIM_IC_ConfigChannel                 0x08002999   Thumb Code   372  stm32f0xx_hal_tim.o(.text.HAL_TIM_IC_ConfigChannel)
    HAL_TIM_IC_Init                          0x08002b19   Thumb Code   212  stm32f0xx_hal_tim.o(.text.HAL_TIM_IC_Init)
    HAL_TIM_IC_MspInit                       0x08002bfd   Thumb Code     2  stm32f0xx_hal_tim.o(.text.HAL_TIM_IC_MspInit)
    HAL_TIM_IC_Start_IT                      0x08002c01   Thumb Code   200  stm32f0xx_hal_tim.o(.text.HAL_TIM_IC_Start_IT)
    HAL_TIM_IRQHandler                       0x08002cd5   Thumb Code   442  stm32f0xx_hal_tim.o(.text.HAL_TIM_IRQHandler)
    HAL_TIM_OC_DelayElapsedCallback          0x08002e8f   Thumb Code     2  stm32f0xx_hal_tim.o(.text.HAL_TIM_OC_DelayElapsedCallback)
    HAL_TIM_PWM_ConfigChannel                0x08002e91   Thumb Code   616  stm32f0xx_hal_tim.o(.text.HAL_TIM_PWM_ConfigChannel)
    HAL_TIM_PWM_Init                         0x080030fd   Thumb Code   212  stm32f0xx_hal_tim.o(.text.HAL_TIM_PWM_Init)
    HAL_TIM_PWM_MspInit                      0x080031dd   Thumb Code     2  stm32f0xx_hal_tim.o(.text.HAL_TIM_PWM_MspInit)
    HAL_TIM_PWM_PulseFinishedCallback        0x080031df   Thumb Code     2  stm32f0xx_hal_tim.o(.text.HAL_TIM_PWM_PulseFinishedCallback)
    HAL_TIM_PWM_PulseFinishedHalfCpltCallback 0x080031e1   Thumb Code     2  stm32f0xx_hal_tim.o(.text.HAL_TIM_PWM_PulseFinishedHalfCpltCallback)
    HAL_TIM_PWM_Start_DMA                    0x080031e5   Thumb Code   436  stm32f0xx_hal_tim.o(.text.HAL_TIM_PWM_Start_DMA)
    HAL_TIM_PeriodElapsedCallback            0x080033b9   Thumb Code   132  gnd_scan.o(.text.HAL_TIM_PeriodElapsedCallback)
    HAL_TIM_TriggerCallback                  0x08003449   Thumb Code     2  stm32f0xx_hal_tim.o(.text.HAL_TIM_TriggerCallback)
    HardFault_Handler                        0x0800344b   Thumb Code     2  stm32f0xx_it.o(.text.HardFault_Handler)
    MX_DMA_Init                              0x0800344d   Thumb Code    44  dma.o(.text.MX_DMA_Init)
    MX_GPIO_Init                             0x08003479   Thumb Code   160  gpio.o(.text.MX_GPIO_Init)
    MX_TIM14_Init                            0x0800351d   Thumb Code    84  tim.o(.text.MX_TIM14_Init)
    MX_TIM2_Init                             0x0800357d   Thumb Code   240  tim.o(.text.MX_TIM2_Init)
    MX_TIM3_Init                             0x08003675   Thumb Code   240  tim.o(.text.MX_TIM3_Init)
    MX_USB_DEVICE_Init                       0x08003771   Thumb Code    68  usb_device.o(.text.MX_USB_DEVICE_Init)
    Motor_MIX_SPEED_Set                      0x080037c5   Thumb Code    36  motor_control.o(.text.Motor_MIX_SPEED_Set)
    Motor_SPRAY_SPEED_Set                    0x080037ed   Thumb Code    36  motor_control.o(.text.Motor_SPRAY_SPEED_Set)
    NMI_Handler                              0x08003821   Thumb Code     2  stm32f0xx_it.o(.text.NMI_Handler)
    PendSV_Handler                           0x08003823   Thumb Code     2  stm32f0xx_it.o(.text.PendSV_Handler)
    SVC_Handler                              0x08003825   Thumb Code     2  stm32f0xx_it.o(.text.SVC_Handler)
    SysTick_Handler                          0x08003827   Thumb Code     8  stm32f0xx_it.o(.text.SysTick_Handler)
    SystemClock_Config                       0x0800382f   Thumb Code   138  main.o(.text.SystemClock_Config)
    SystemInit                               0x080038b9   Thumb Code     2  system_stm32f0xx.o(.text.SystemInit)
    TIM14_IRQHandler                         0x080038bd   Thumb Code    12  stm32f0xx_it.o(.text.TIM14_IRQHandler)
    TIM_DMADelayPulseHalfCplt                0x08003935   Thumb Code    56  stm32f0xx_hal_tim.o(.text.TIM_DMADelayPulseHalfCplt)
    TIM_DMAError                             0x0800396d   Thumb Code    80  stm32f0xx_hal_tim.o(.text.TIM_DMAError)
    USBD_CDC_GetDeviceQualifierDescriptor    0x08003ac1   Thumb Code     8  usbd_cdc.o(.text.USBD_CDC_GetDeviceQualifierDescriptor)
    USBD_CDC_ReceivePacket                   0x08003b77   Thumb Code    44  usbd_cdc.o(.text.USBD_CDC_ReceivePacket)
    USBD_CDC_RegisterInterface               0x08003ba3   Thumb Code    18  usbd_cdc.o(.text.USBD_CDC_RegisterInterface)
    USBD_CDC_SetRxBuffer                     0x08003bb5   Thumb Code    16  usbd_cdc.o(.text.USBD_CDC_SetRxBuffer)
    USBD_CDC_SetTxBuffer                     0x08003bc5   Thumb Code    20  usbd_cdc.o(.text.USBD_CDC_SetTxBuffer)
    USBD_CDC_TransmitPacket                  0x08003c9d   Thumb Code    54  usbd_cdc.o(.text.USBD_CDC_TransmitPacket)
    USBD_ClrClassConfig                      0x08003cd3   Thumb Code    16  usbd_core.o(.text.USBD_ClrClassConfig)
    USBD_CtlContinueRx                       0x08003ce3   Thumb Code    18  usbd_ioreq.o(.text.USBD_CtlContinueRx)
    USBD_CtlContinueSendData                 0x08003cf5   Thumb Code    18  usbd_ioreq.o(.text.USBD_CtlContinueSendData)
    USBD_CtlError                            0x08003d07   Thumb Code    20  usbd_ctlreq.o(.text.USBD_CtlError)
    USBD_CtlPrepareRx                        0x08003d1b   Thumb Code    36  usbd_ioreq.o(.text.USBD_CtlPrepareRx)
    USBD_CtlReceiveStatus                    0x08003d3f   Thumb Code    26  usbd_ioreq.o(.text.USBD_CtlReceiveStatus)
    USBD_CtlSendData                         0x08003d59   Thumb Code    30  usbd_ioreq.o(.text.USBD_CtlSendData)
    USBD_CtlSendStatus                       0x08003d77   Thumb Code    26  usbd_ioreq.o(.text.USBD_CtlSendStatus)
    USBD_FS_ConfigStrDescriptor              0x08003d91   Thumb Code    20  usbd_desc.o(.text.USBD_FS_ConfigStrDescriptor)
    USBD_FS_DeviceDescriptor                 0x08003db1   Thumb Code     8  usbd_desc.o(.text.USBD_FS_DeviceDescriptor)
    USBD_FS_InterfaceStrDescriptor           0x08003dbd   Thumb Code    20  usbd_desc.o(.text.USBD_FS_InterfaceStrDescriptor)
    USBD_FS_LangIDStrDescriptor              0x08003de1   Thumb Code     8  usbd_desc.o(.text.USBD_FS_LangIDStrDescriptor)
    USBD_FS_ManufacturerStrDescriptor        0x08003ded   Thumb Code    20  usbd_desc.o(.text.USBD_FS_ManufacturerStrDescriptor)
    USBD_FS_ProductStrDescriptor             0x08003e15   Thumb Code    20  usbd_desc.o(.text.USBD_FS_ProductStrDescriptor)
    USBD_FS_SerialStrDescriptor              0x08003e45   Thumb Code   264  usbd_desc.o(.text.USBD_FS_SerialStrDescriptor)
    USBD_GetString                           0x08003f55   Thumb Code   172  usbd_ctlreq.o(.text.USBD_GetString)
    USBD_Init                                0x08004001   Thumb Code    46  usbd_core.o(.text.USBD_Init)
    USBD_LL_ClearStallEP                     0x08004031   Thumb Code    32  usbd_conf.o(.text.USBD_LL_ClearStallEP)
    USBD_LL_CloseEP                          0x08004051   Thumb Code    32  usbd_conf.o(.text.USBD_LL_CloseEP)
    USBD_LL_DataInStage                      0x08004071   Thumb Code   214  usbd_core.o(.text.USBD_LL_DataInStage)
    USBD_LL_DataOutStage                     0x08004147   Thumb Code   154  usbd_core.o(.text.USBD_LL_DataOutStage)
    USBD_LL_GetRxDataSize                    0x080041e1   Thumb Code    14  usbd_conf.o(.text.USBD_LL_GetRxDataSize)
    USBD_LL_Init                             0x080041f1   Thumb Code   124  usbd_conf.o(.text.USBD_LL_Init)
    USBD_LL_IsStallEP                        0x08004275   Thumb Code    42  usbd_conf.o(.text.USBD_LL_IsStallEP)
    USBD_LL_OpenEP                           0x080042a1   Thumb Code    40  usbd_conf.o(.text.USBD_LL_OpenEP)
    USBD_LL_PrepareReceive                   0x080042c9   Thumb Code    32  usbd_conf.o(.text.USBD_LL_PrepareReceive)
    USBD_LL_Reset                            0x080042e9   Thumb Code    90  usbd_core.o(.text.USBD_LL_Reset)
    USBD_LL_Resume                           0x08004343   Thumb Code    20  usbd_core.o(.text.USBD_LL_Resume)
    USBD_LL_SOF                              0x08004357   Thumb Code    28  usbd_core.o(.text.USBD_LL_SOF)
    USBD_LL_SetSpeed                         0x08004373   Thumb Code     6  usbd_core.o(.text.USBD_LL_SetSpeed)
    USBD_LL_SetUSBAddress                    0x08004379   Thumb Code    32  usbd_conf.o(.text.USBD_LL_SetUSBAddress)
    USBD_LL_SetupStage                       0x08004399   Thumb Code   106  usbd_core.o(.text.USBD_LL_SetupStage)
    USBD_LL_StallEP                          0x08004405   Thumb Code    32  usbd_conf.o(.text.USBD_LL_StallEP)
    USBD_LL_Start                            0x08004429   Thumb Code    32  usbd_conf.o(.text.USBD_LL_Start)
    USBD_LL_Suspend                          0x0800444d   Thumb Code    18  usbd_core.o(.text.USBD_LL_Suspend)
    USBD_LL_Transmit                         0x08004461   Thumb Code    32  usbd_conf.o(.text.USBD_LL_Transmit)
    USBD_ParseSetupRequest                   0x08004485   Thumb Code    40  usbd_ctlreq.o(.text.USBD_ParseSetupRequest)
    USBD_RegisterClass                       0x080044ad   Thumb Code    18  usbd_core.o(.text.USBD_RegisterClass)
    USBD_SetClassConfig                      0x080044bf   Thumb Code    28  usbd_core.o(.text.USBD_SetClassConfig)
    USBD_Start                               0x080044db   Thumb Code    10  usbd_core.o(.text.USBD_Start)
    USBD_StdDevReq                           0x080044e5   Thumb Code   704  usbd_ctlreq.o(.text.USBD_StdDevReq)
    USBD_StdEPReq                            0x080047a9   Thumb Code   302  usbd_ctlreq.o(.text.USBD_StdEPReq)
    USBD_StdItfReq                           0x080048d7   Thumb Code    88  usbd_ctlreq.o(.text.USBD_StdItfReq)
    USBD_static_free                         0x0800492f   Thumb Code     2  usbd_conf.o(.text.USBD_static_free)
    USBD_static_malloc                       0x08004931   Thumb Code     4  usbd_conf.o(.text.USBD_static_malloc)
    USB_ActivateEndpoint                     0x08004939   Thumb Code   516  stm32f0xx_ll_usb.o(.text.USB_ActivateEndpoint)
    USB_DeactivateEndpoint                   0x08004b5d   Thumb Code   168  stm32f0xx_ll_usb.o(.text.USB_DeactivateEndpoint)
    USB_DevConnect                           0x08004c0d   Thumb Code    16  stm32f0xx_ll_usb.o(.text.USB_DevConnect)
    USB_DevInit                              0x08004c1d   Thumb Code    20  stm32f0xx_ll_usb.o(.text.USB_DevInit)
    USB_DisableGlobalInt                     0x08004c31   Thumb Code    16  stm32f0xx_ll_usb.o(.text.USB_DisableGlobalInt)
    USB_EPClearStall                         0x08004c45   Thumb Code    92  stm32f0xx_ll_usb.o(.text.USB_EPClearStall)
    USB_EPSetStall                           0x08004cb1   Thumb Code    44  stm32f0xx_ll_usb.o(.text.USB_EPSetStall)
    USB_EPStartXfer                          0x08004ced   Thumb Code  2300  stm32f0xx_ll_usb.o(.text.USB_EPStartXfer)
    USB_EnableGlobalInt                      0x08005605   Thumb Code    20  stm32f0xx_ll_usb.o(.text.USB_EnableGlobalInt)
    USB_IRQHandler                           0x0800561d   Thumb Code    12  stm32f0xx_it.o(.text.USB_IRQHandler)
    USB_ReadInterrupts                       0x0800562d   Thumb Code     6  stm32f0xx_ll_usb.o(.text.USB_ReadInterrupts)
    USB_ReadPMA                              0x08005633   Thumb Code   144  stm32f0xx_ll_usb.o(.text.USB_ReadPMA)
    USB_Rx_Parse                             0x080056c5   Thumb Code   212  usb.o(.text.USB_Rx_Parse)
    USB_SetDevAddress                        0x0800579d   Thumb Code    18  stm32f0xx_ll_usb.o(.text.USB_SetDevAddress)
    USB_SoftReset                            0x080057b1   Thumb Code    88  usb.o(.text.USB_SoftReset)
    USB_Tx_SendFrame                         0x0800580d   Thumb Code    84  usb.o(.text.USB_Tx_SendFrame)
    USB_WritePMA                             0x08005869   Thumb Code   152  stm32f0xx_ll_usb.o(.text.USB_WritePMA)
    main                                     0x08005901   Thumb Code   340  main.o(.text.main)
    __aeabi_uidiv                            0x08005a89   Thumb Code    68  aeabi_sdivfast.o(.text_divfast)
    __aeabi_idiv                             0x08005acd   Thumb Code   434  aeabi_sdivfast.o(.text_divfast)
    AHBPrescTable                            0x08005c7e   Data          16  system_stm32f0xx.o(.rodata.AHBPrescTable)
    __I$use$fp                               0x08005c7e   Number         0  usenofp.o(x$fpl$usenofp)
    Region$$Table$$Base                      0x08005ce0   Number         0  anon$$obj.o(Region$$Table)
    Region$$Table$$Limit                     0x08005d00   Number         0  anon$$obj.o(Region$$Table)
    uwTickFreq                               0x20000000   Data           1  stm32f0xx_hal.o(.data..L_MergedGlobals)
    uwTickPrio                               0x20000004   Data           4  stm32f0xx_hal.o(.data..L_MergedGlobals)
    FS_Desc                                  0x20000008   Data          28  usbd_desc.o(.data.FS_Desc)
    SystemCoreClock                          0x20000024   Data           4  system_stm32f0xx.o(.data.SystemCoreClock)
    USBD_CDC                                 0x20000028   Data          56  usbd_cdc.o(.data.USBD_CDC)
    USBD_CDC_CfgFSDesc                       0x20000060   Data          67  usbd_cdc.o(.data.USBD_CDC_CfgFSDesc)
    USBD_CDC_CfgHSDesc                       0x200000a4   Data          67  usbd_cdc.o(.data.USBD_CDC_CfgHSDesc)
    USBD_CDC_OtherSpeedCfgDesc               0x200000f4   Data          67  usbd_cdc.o(.data.USBD_CDC_OtherSpeedCfgDesc)
    USBD_FS_DeviceDesc                       0x20000138   Data          18  usbd_desc.o(.data.USBD_FS_DeviceDesc)
    USBD_Interface_fops_FS                   0x2000014c   Data          16  usbd_cdc_if.o(.data.USBD_Interface_fops_FS)
    USBD_LangIDDesc                          0x2000015c   Data           4  usbd_desc.o(.data.USBD_LangIDDesc)
    USBD_StringSerial                        0x20000160   Data          26  usbd_desc.o(.data.USBD_StringSerial)
    __libspace_start                         0x20000180   Data          96  libspace.o(.bss)
    __temporary_stack_top$libspace           0x200001e0   Data           0  libspace.o(.bss)
    system_state_data                        0x200001e1   Data           8  usb.o(.bss..L_MergedGlobals)
    GND_State                                0x200001f2   Data           1  gnd_scan.o(.bss..L_MergedGlobals)
    LED_flag                                 0x200001f3   Data           1  gnd_scan.o(.bss..L_MergedGlobals)
    TX_flag                                  0x200001f4   Data           1  gnd_scan.o(.bss..L_MergedGlobals)
    Sec_Cnt                                  0x200001f5   Data           1  gnd_scan.o(.bss..L_MergedGlobals)
    pulse_count                              0x200001f6   Data           2  gnd_scan.o(.bss..L_MergedGlobals)
    USBD_StrDesc                             0x200001fc   Data         512  usbd_desc.o(.bss.USBD_StrDesc)
    USB_Receive_flag                         0x2000061c   Data           1  usb.o(.bss.USB_Receive_flag)
    UserRxBufferFS                           0x2000061d   Data          64  usbd_cdc_if.o(.bss.UserRxBufferFS)
    UserTxBufferFS                           0x2000065d   Data          64  usbd_cdc_if.o(.bss.UserTxBufferFS)
    hUsbDeviceFS                             0x200006a0   Data         708  usb_device.o(.bss.hUsbDeviceFS)
    hdma_tim2_ch1                            0x20000964   Data          68  tim.o(.bss.hdma_tim2_ch1)
    hdma_tim3_ch1_trig                       0x200009a8   Data          68  tim.o(.bss.hdma_tim3_ch1_trig)
    hpcd_USB_FS                              0x200009ec   Data         732  usbd_conf.o(.bss.hpcd_USB_FS)
    htim14                                   0x20000cc8   Data          72  tim.o(.bss.htim14)
    htim2                                    0x20000d10   Data          72  tim.o(.bss.htim2)
    htim3                                    0x20000d58   Data          72  tim.o(.bss.htim3)
    mix_pwm_duty                             0x20000da0   Data           2  motor_control.o(.bss.mix_pwm_duty)
    spray_pwm_duty                           0x20000da4   Data           4  motor_control.o(.bss.spray_pwm_duty)
    usb_Receive_Len                          0x20000da8   Data           4  usb.o(.bss.usb_Receive_Len)
    usb_Receive_buf                          0x20000dac   Data           9  usb.o(.bss.usb_Receive_buf)
    uwTick                                   0x20000dc0   Data           4  stm32f0xx_hal.o(.bss.uwTick)



==============================================================================

Memory Map of the image

  Image Entry point : 0x080000c1

  Load Region LR_IROM1 (Base: 0x08000000, Size: 0x00005e80, Max: 0x00008000, ABSOLUTE, COMPRESSED[0x00005dc0])

    Execution Region ER_IROM1 (Exec base: 0x08000000, Load base: 0x08000000, Size: 0x00005d00, Max: 0x00008000, ABSOLUTE)

    Exec Addr    Load Addr    Size         Type   Attr      Idx    E Section Name        Object

    0x08000000   0x08000000   0x000000c0   Data   RO            3    RESET               startup_stm32f042x6.o
    0x080000c0   0x080000c0   0x00000008   Code   RO         1429  * !!!main             c_p.l(__main.o)
    0x080000c8   0x080000c8   0x00000054   Code   RO         1617    !!!scatter          c_p.l(__scatter.o)
    0x0800011c   0x0800011c   0x00000002   Code   RO         1618    !!handler_null      c_p.l(__scatter.o)
    0x0800011e   0x0800011e   0x00000002   PAD
    0x08000120   0x08000120   0x0000001c   Code   RO         1621    !!handler_zi        c_p.l(__scatter_zi.o)
    0x0800013c   0x0800013c   0x00000002   Code   RO         1476    .ARM.Collect$$libinit$$00000000  c_p.l(libinit.o)
    0x0800013e   0x0800013e   0x00000000   Code   RO         1490    .ARM.Collect$$libinit$$00000002  c_p.l(libinit2.o)
    0x0800013e   0x0800013e   0x00000000   Code   RO         1492    .ARM.Collect$$libinit$$00000004  c_p.l(libinit2.o)
    0x0800013e   0x0800013e   0x00000000   Code   RO         1494    .ARM.Collect$$libinit$$00000006  c_p.l(libinit2.o)
    0x0800013e   0x0800013e   0x00000000   Code   RO         1497    .ARM.Collect$$libinit$$0000000C  c_p.l(libinit2.o)
    0x0800013e   0x0800013e   0x00000000   Code   RO         1499    .ARM.Collect$$libinit$$0000000E  c_p.l(libinit2.o)
    0x0800013e   0x0800013e   0x00000000   Code   RO         1501    .ARM.Collect$$libinit$$00000010  c_p.l(libinit2.o)
    0x0800013e   0x0800013e   0x00000000   Code   RO         1504    .ARM.Collect$$libinit$$00000013  c_p.l(libinit2.o)
    0x0800013e   0x0800013e   0x00000000   Code   RO         1506    .ARM.Collect$$libinit$$00000015  c_p.l(libinit2.o)
    0x0800013e   0x0800013e   0x00000000   Code   RO         1508    .ARM.Collect$$libinit$$00000017  c_p.l(libinit2.o)
    0x0800013e   0x0800013e   0x00000000   Code   RO         1510    .ARM.Collect$$libinit$$00000019  c_p.l(libinit2.o)
    0x0800013e   0x0800013e   0x00000000   Code   RO         1512    .ARM.Collect$$libinit$$0000001B  c_p.l(libinit2.o)
    0x0800013e   0x0800013e   0x00000000   Code   RO         1514    .ARM.Collect$$libinit$$0000001D  c_p.l(libinit2.o)
    0x0800013e   0x0800013e   0x00000000   Code   RO         1516    .ARM.Collect$$libinit$$0000001F  c_p.l(libinit2.o)
    0x0800013e   0x0800013e   0x00000000   Code   RO         1518    .ARM.Collect$$libinit$$00000021  c_p.l(libinit2.o)
    0x0800013e   0x0800013e   0x00000000   Code   RO         1520    .ARM.Collect$$libinit$$00000023  c_p.l(libinit2.o)
    0x0800013e   0x0800013e   0x00000000   Code   RO         1522    .ARM.Collect$$libinit$$00000025  c_p.l(libinit2.o)
    0x0800013e   0x0800013e   0x00000000   Code   RO         1524    .ARM.Collect$$libinit$$00000027  c_p.l(libinit2.o)
    0x0800013e   0x0800013e   0x00000000   Code   RO         1528    .ARM.Collect$$libinit$$0000002E  c_p.l(libinit2.o)
    0x0800013e   0x0800013e   0x00000000   Code   RO         1530    .ARM.Collect$$libinit$$00000030  c_p.l(libinit2.o)
    0x0800013e   0x0800013e   0x00000000   Code   RO         1532    .ARM.Collect$$libinit$$00000032  c_p.l(libinit2.o)
    0x0800013e   0x0800013e   0x00000000   Code   RO         1534    .ARM.Collect$$libinit$$00000034  c_p.l(libinit2.o)
    0x0800013e   0x0800013e   0x00000002   Code   RO         1535    .ARM.Collect$$libinit$$00000035  c_p.l(libinit2.o)
    0x08000140   0x08000140   0x00000002   Code   RO         1570    .ARM.Collect$$libshutdown$$00000000  c_p.l(libshutdown.o)
    0x08000142   0x08000142   0x00000000   Code   RO         1598    .ARM.Collect$$libshutdown$$00000002  c_p.l(libshutdown2.o)
    0x08000142   0x08000142   0x00000000   Code   RO         1600    .ARM.Collect$$libshutdown$$00000004  c_p.l(libshutdown2.o)
    0x08000142   0x08000142   0x00000000   Code   RO         1603    .ARM.Collect$$libshutdown$$00000007  c_p.l(libshutdown2.o)
    0x08000142   0x08000142   0x00000000   Code   RO         1606    .ARM.Collect$$libshutdown$$0000000A  c_p.l(libshutdown2.o)
    0x08000142   0x08000142   0x00000000   Code   RO         1608    .ARM.Collect$$libshutdown$$0000000C  c_p.l(libshutdown2.o)
    0x08000142   0x08000142   0x00000000   Code   RO         1611    .ARM.Collect$$libshutdown$$0000000F  c_p.l(libshutdown2.o)
    0x08000142   0x08000142   0x00000002   Code   RO         1612    .ARM.Collect$$libshutdown$$00000010  c_p.l(libshutdown2.o)
    0x08000144   0x08000144   0x00000000   Code   RO         1439    .ARM.Collect$$rtentry$$00000000  c_p.l(__rtentry.o)
    0x08000144   0x08000144   0x00000000   Code   RO         1446    .ARM.Collect$$rtentry$$00000002  c_p.l(__rtentry2.o)
    0x08000144   0x08000144   0x00000006   Code   RO         1458    .ARM.Collect$$rtentry$$00000004  c_p.l(__rtentry4.o)
    0x0800014a   0x0800014a   0x00000000   Code   RO         1448    .ARM.Collect$$rtentry$$00000009  c_p.l(__rtentry2.o)
    0x0800014a   0x0800014a   0x00000004   Code   RO         1449    .ARM.Collect$$rtentry$$0000000A  c_p.l(__rtentry2.o)
    0x0800014e   0x0800014e   0x00000000   Code   RO         1451    .ARM.Collect$$rtentry$$0000000C  c_p.l(__rtentry2.o)
    0x0800014e   0x0800014e   0x00000008   Code   RO         1452    .ARM.Collect$$rtentry$$0000000D  c_p.l(__rtentry2.o)
    0x08000156   0x08000156   0x00000002   Code   RO         1481    .ARM.Collect$$rtexit$$00000000  c_p.l(rtexit.o)
    0x08000158   0x08000158   0x00000000   Code   RO         1541    .ARM.Collect$$rtexit$$00000002  c_p.l(rtexit2.o)
    0x08000158   0x08000158   0x00000004   Code   RO         1542    .ARM.Collect$$rtexit$$00000003  c_p.l(rtexit2.o)
    0x0800015c   0x0800015c   0x00000006   Code   RO         1543    .ARM.Collect$$rtexit$$00000004  c_p.l(rtexit2.o)
    0x08000162   0x08000162   0x00000002   PAD
    0x08000164   0x08000164   0x00000038   Code   RO         1415    .emb_text           c_p.l(rt_memcpy.o)
    0x0800019c   0x0800019c   0x00000074   Code   RO            4    .text               startup_stm32f042x6.o
    0x08000210   0x08000210   0x00000082   Code   RO         1416    .text               c_p.l(rt_memcpy.o)
    0x08000292   0x08000292   0x00000002   PAD
    0x08000294   0x08000294   0x000001f8   Code   RO         1419    .text               c_p.l(aeabi_sdivfast.o)
    0x0800048c   0x0800048c   0x00000006   Code   RO         1427    .text               c_p.l(heapauxi.o)
    0x08000492   0x08000492   0x00000002   PAD
    0x08000494   0x08000494   0x0000006c   Code   RO         1431    .text               fz_ps.l(dfixi.o)
    0x08000500   0x08000500   0x00000048   Code   RO         1433    .text               fz_ps.l(dfixui.o)
    0x08000548   0x08000548   0x00000058   Code   RO         1435    .text               fz_ps.l(dflti.o)
    0x080005a0   0x080005a0   0x00000248   Code   RO         1437    .text               fz_ps.l(dmul.o)
    0x080007e8   0x080007e8   0x0000003e   Code   RO         1462    .text               c_p.l(sys_stackheap_outer.o)
    0x08000826   0x08000826   0x00000010   Code   RO         1465    .text               c_p.l(exit.o)
    0x08000836   0x08000836   0x00000002   PAD
    0x08000838   0x08000838   0x00000008   Code   RO         1477    .text               c_p.l(libspace.o)
    0x08000840   0x08000840   0x0000000c   Code   RO         1536    .text               c_p.l(sys_exit.o)
    0x0800084c   0x0800084c   0x00000002   Code   RO         1559    .text               c_p.l(use_no_semi.o)
    0x0800084e   0x0800084e   0x00000000   Code   RO         1561    .text               c_p.l(indicate_semi.o)
    0x0800084e   0x0800084e   0x00000056   Code   RO         1615    .text               c_p.l(__dczerorl2.o)
    0x080008a4   0x080008a4   0x0000001e   Code   RO          138    .text.CDC_Control_FS  usbd_cdc_if.o
    0x080008c2   0x080008c2   0x00000004   Code   RO          136    .text.CDC_DeInit_FS  usbd_cdc_if.o
    0x080008c6   0x080008c6   0x00000002   PAD
    0x080008c8   0x080008c8   0x0000002c   Code   RO          134    .text.CDC_Init_FS   usbd_cdc_if.o
    0x080008f4   0x080008f4   0x00000044   Code   RO          140    .text.CDC_Receive_FS  usbd_cdc_if.o
    0x08000938   0x08000938   0x00000034   Code   RO          142    .text.CDC_Transmit_FS  usbd_cdc_if.o
    0x0800096c   0x0800096c   0x00000018   Code   RO           77    .text.DMA1_Channel4_5_IRQHandler  stm32f0xx_it.o
    0x08000984   0x08000984   0x00000008   Code   RO           15    .text.Error_Handler  main.o
    0x0800098c   0x0800098c   0x000000d2   Code   RO          710    .text.HAL_DMA_IRQHandler  stm32f0xx_hal_dma.o
    0x08000a5e   0x08000a5e   0x00000002   PAD
    0x08000a60   0x08000a60   0x00000080   Code   RO          696    .text.HAL_DMA_Init  stm32f0xx_hal_dma.o
    0x08000ae0   0x08000ae0   0x00000082   Code   RO          702    .text.HAL_DMA_Start_IT  stm32f0xx_hal_dma.o
    0x08000b62   0x08000b62   0x00000002   PAD
    0x08000b64   0x08000b64   0x00000020   Code   RO          462    .text.HAL_Delay     stm32f0xx_hal.o
    0x08000b84   0x08000b84   0x000000e8   Code   RO          674    .text.HAL_GPIO_DeInit  stm32f0xx_hal_gpio.o
    0x08000c6c   0x08000c6c   0x000001ac   Code   RO          672    .text.HAL_GPIO_Init  stm32f0xx_hal_gpio.o
    0x08000e18   0x08000e18   0x00000010   Code   RO          680    .text.HAL_GPIO_TogglePin  stm32f0xx_hal_gpio.o
    0x08000e28   0x08000e28   0x00000010   Code   RO          678    .text.HAL_GPIO_WritePin  stm32f0xx_hal_gpio.o
    0x08000e38   0x08000e38   0x00000008   Code   RO          454    .text.HAL_GetTick   stm32f0xx_hal.o
    0x08000e40   0x08000e40   0x00000014   Code   RO          452    .text.HAL_IncTick   stm32f0xx_hal.o
    0x08000e54   0x08000e54   0x00000020   Code   RO          442    .text.HAL_Init      stm32f0xx_hal.o
    0x08000e74   0x08000e74   0x00000044   Code   RO          444    .text.HAL_InitTick  stm32f0xx_hal.o
    0x08000eb8   0x08000eb8   0x0000003c   Code   RO           90    .text.HAL_MspInit   stm32f0xx_hal_msp.o
    0x08000ef4   0x08000ef4   0x00000018   Code   RO          730    .text.HAL_NVIC_EnableIRQ  stm32f0xx_hal_cortex.o
    0x08000f0c   0x08000f0c   0x00000038   Code   RO          728    .text.HAL_NVIC_SetPriority  stm32f0xx_hal_cortex.o
    0x08000f44   0x08000f44   0x00000026   Code   RO          361    .text.HAL_PCDEx_ActivateLPM  stm32f0xx_hal_pcd_ex.o
    0x08000f6a   0x08000f6a   0x00000002   Code   RO          365    .text.HAL_PCDEx_LPM_Callback  stm32f0xx_hal_pcd_ex.o
    0x08000f6c   0x08000f6c   0x00000040   Code   RO          351    .text.HAL_PCDEx_PMAConfig  stm32f0xx_hal_pcd_ex.o
    0x08000fac   0x08000fac   0x00000018   Code   RO          163    .text.HAL_PCD_DataInStageCallback  usbd_conf.o
    0x08000fc4   0x08000fc4   0x0000001c   Code   RO          161    .text.HAL_PCD_DataOutStageCallback  usbd_conf.o
    0x08000fe0   0x08000fe0   0x00000044   Code   RO          321    .text.HAL_PCD_EP_Close  stm32f0xx_hal_pcd.o
    0x08001024   0x08001024   0x00000056   Code   RO          331    .text.HAL_PCD_EP_ClrStall  stm32f0xx_hal_pcd.o
    0x0800107a   0x0800107a   0x00000012   Code   RO          325    .text.HAL_PCD_EP_GetRxCount  stm32f0xx_hal_pcd.o
    0x0800108c   0x0800108c   0x00000050   Code   RO          319    .text.HAL_PCD_EP_Open  stm32f0xx_hal_pcd.o
    0x080010dc   0x080010dc   0x00000028   Code   RO          323    .text.HAL_PCD_EP_Receive  stm32f0xx_hal_pcd.o
    0x08001104   0x08001104   0x00000054   Code   RO          329    .text.HAL_PCD_EP_SetStall  stm32f0xx_hal_pcd.o
    0x08001158   0x08001158   0x0000002c   Code   RO          327    .text.HAL_PCD_EP_Transmit  stm32f0xx_hal_pcd.o
    0x08001184   0x08001184   0x000008b0   Code   RO          289    .text.HAL_PCD_IRQHandler  stm32f0xx_hal_pcd.o
    0x08001a34   0x08001a34   0x00000250   Code   RO          277    .text.HAL_PCD_Init  stm32f0xx_hal_pcd.o
    0x08001c84   0x08001c84   0x00000044   Code   RO          155    .text.HAL_PCD_MspInit  usbd_conf.o
    0x08001cc8   0x08001cc8   0x00000022   Code   RO          167    .text.HAL_PCD_ResetCallback  usbd_conf.o
    0x08001cea   0x08001cea   0x00000002   PAD
    0x08001cec   0x08001cec   0x00000024   Code   RO          171    .text.HAL_PCD_ResumeCallback  usbd_conf.o
    0x08001d10   0x08001d10   0x0000000e   Code   RO          165    .text.HAL_PCD_SOFCallback  usbd_conf.o
    0x08001d1e   0x08001d1e   0x00000024   Code   RO          293    .text.HAL_PCD_SetAddress  stm32f0xx_hal_pcd.o
    0x08001d42   0x08001d42   0x00000016   Code   RO          159    .text.HAL_PCD_SetupStageCallback  usbd_conf.o
    0x08001d58   0x08001d58   0x0000002c   Code   RO          285    .text.HAL_PCD_Start  stm32f0xx_hal_pcd.o
    0x08001d84   0x08001d84   0x00000024   Code   RO          169    .text.HAL_PCD_SuspendCallback  usbd_conf.o
    0x08001da8   0x08001da8   0x00000134   Code   RO          410    .text.HAL_RCCEx_PeriphCLKConfig  stm32f0xx_hal_rcc_ex.o
    0x08001edc   0x08001edc   0x0000017c   Code   RO          379    .text.HAL_RCC_ClockConfig  stm32f0xx_hal_rcc.o
    0x08002058   0x08002058   0x00000050   Code   RO          383    .text.HAL_RCC_MCOConfig  stm32f0xx_hal_rcc.o
    0x080020a8   0x080020a8   0x00000494   Code   RO          377    .text.HAL_RCC_OscConfig  stm32f0xx_hal_rcc.o
    0x0800253c   0x0800253c   0x00000034   Code   RO          736    .text.HAL_SYSTICK_Config  stm32f0xx_hal_cortex.o
    0x08002570   0x08002570   0x00000002   Code   RO         1204    .text.HAL_TIMEx_BreakCallback  stm32f0xx_hal_tim_ex.o
    0x08002572   0x08002572   0x00000002   Code   RO         1200    .text.HAL_TIMEx_CommutCallback  stm32f0xx_hal_tim_ex.o
    0x08002574   0x08002574   0x0000004c   Code   RO         1194    .text.HAL_TIMEx_MasterConfigSynchronization  stm32f0xx_hal_tim_ex.o
    0x080025c0   0x080025c0   0x000000e0   Code   RO          899    .text.HAL_TIM_Base_Init  stm32f0xx_hal_tim.o
    0x080026a0   0x080026a0   0x00000128   Code   RO           50    .text.HAL_TIM_Base_MspInit  tim.o
    0x080027c8   0x080027c8   0x0000004c   Code   RO          913    .text.HAL_TIM_Base_Start_IT  stm32f0xx_hal_tim.o
    0x08002814   0x08002814   0x0000015c   Code   RO         1079    .text.HAL_TIM_ConfigClockSource  stm32f0xx_hal_tim.o
    0x08002970   0x08002970   0x00000002   Code   RO         1099    .text.HAL_TIM_ErrorCallback  stm32f0xx_hal_tim.o
    0x08002972   0x08002972   0x00000002   PAD
    0x08002974   0x08002974   0x00000024   Code   RO         1402    .text.HAL_TIM_IC_CaptureCallback  gnd_scan.o
    0x08002998   0x08002998   0x00000180   Code   RO         1049    .text.HAL_TIM_IC_ConfigChannel  stm32f0xx_hal_tim.o
    0x08002b18   0x08002b18   0x000000e4   Code   RO          973    .text.HAL_TIM_IC_Init  stm32f0xx_hal_tim.o
    0x08002bfc   0x08002bfc   0x00000002   Code   RO          975    .text.HAL_TIM_IC_MspInit  stm32f0xx_hal_tim.o
    0x08002bfe   0x08002bfe   0x00000002   PAD
    0x08002c00   0x08002c00   0x000000d4   Code   RO          985    .text.HAL_TIM_IC_Start_IT  stm32f0xx_hal_tim.o
    0x08002cd4   0x08002cd4   0x000001ba   Code   RO         1033    .text.HAL_TIM_IRQHandler  stm32f0xx_hal_tim.o
    0x08002e8e   0x08002e8e   0x00000002   Code   RO         1037    .text.HAL_TIM_OC_DelayElapsedCallback  stm32f0xx_hal_tim.o
    0x08002e90   0x08002e90   0x0000026c   Code   RO         1053    .text.HAL_TIM_PWM_ConfigChannel  stm32f0xx_hal_tim.o
    0x080030fc   0x080030fc   0x000000e0   Code   RO          953    .text.HAL_TIM_PWM_Init  stm32f0xx_hal_tim.o
    0x080031dc   0x080031dc   0x00000002   Code   RO          955    .text.HAL_TIM_PWM_MspInit  stm32f0xx_hal_tim.o
    0x080031de   0x080031de   0x00000002   Code   RO         1039    .text.HAL_TIM_PWM_PulseFinishedCallback  stm32f0xx_hal_tim.o
    0x080031e0   0x080031e0   0x00000002   Code   RO         1095    .text.HAL_TIM_PWM_PulseFinishedHalfCpltCallback  stm32f0xx_hal_tim.o
    0x080031e2   0x080031e2   0x00000002   PAD
    0x080031e4   0x080031e4   0x000001d4   Code   RO          969    .text.HAL_TIM_PWM_Start_DMA  stm32f0xx_hal_tim.o
    0x080033b8   0x080033b8   0x00000090   Code   RO         1400    .text.HAL_TIM_PeriodElapsedCallback  gnd_scan.o
    0x08003448   0x08003448   0x00000002   Code   RO         1043    .text.HAL_TIM_TriggerCallback  stm32f0xx_hal_tim.o
    0x0800344a   0x0800344a   0x00000002   Code   RO           69    .text.HardFault_Handler  stm32f0xx_it.o
    0x0800344c   0x0800344c   0x0000002c   Code   RO           34    .text.MX_DMA_Init   dma.o
    0x08003478   0x08003478   0x000000a4   Code   RO           26    .text.MX_GPIO_Init  gpio.o
    0x0800351c   0x0800351c   0x00000060   Code   RO           48    .text.MX_TIM14_Init  tim.o
    0x0800357c   0x0800357c   0x000000f8   Code   RO           42    .text.MX_TIM2_Init  tim.o
    0x08003674   0x08003674   0x000000fc   Code   RO           46    .text.MX_TIM3_Init  tim.o
    0x08003770   0x08003770   0x00000054   Code   RO           98    .text.MX_USB_DEVICE_Init  usb_device.o
    0x080037c4   0x080037c4   0x00000028   Code   RO         1386    .text.Motor_MIX_SPEED_Set  motor_control.o
    0x080037ec   0x080037ec   0x00000034   Code   RO         1388    .text.Motor_SPRAY_SPEED_Set  motor_control.o
    0x08003820   0x08003820   0x00000002   Code   RO           67    .text.NMI_Handler   stm32f0xx_it.o
    0x08003822   0x08003822   0x00000002   Code   RO           73    .text.PendSV_Handler  stm32f0xx_it.o
    0x08003824   0x08003824   0x00000002   Code   RO           71    .text.SVC_Handler   stm32f0xx_it.o
    0x08003826   0x08003826   0x00000008   Code   RO           75    .text.SysTick_Handler  stm32f0xx_it.o
    0x0800382e   0x0800382e   0x0000008a   Code   RO           13    .text.SystemClock_Config  main.o
    0x080038b8   0x080038b8   0x00000002   Code   RO         1218    .text.SystemInit    system_stm32f0xx.o
    0x080038ba   0x080038ba   0x00000002   PAD
    0x080038bc   0x080038bc   0x00000010   Code   RO           79    .text.TIM14_IRQHandler  stm32f0xx_it.o
    0x080038cc   0x080038cc   0x00000068   Code   RO          947    .text.TIM_DMADelayPulseCplt  stm32f0xx_hal_tim.o
    0x08003934   0x08003934   0x00000038   Code   RO          949    .text.TIM_DMADelayPulseHalfCplt  stm32f0xx_hal_tim.o
    0x0800396c   0x0800396c   0x00000050   Code   RO          923    .text.TIM_DMAError  stm32f0xx_hal_tim.o
    0x080039bc   0x080039bc   0x00000062   Code   RO         1332    .text.USBD_CDC_DataIn  usbd_cdc.o
    0x08003a1e   0x08003a1e   0x00000034   Code   RO         1334    .text.USBD_CDC_DataOut  usbd_cdc.o
    0x08003a52   0x08003a52   0x00000044   Code   RO         1326    .text.USBD_CDC_DeInit  usbd_cdc.o
    0x08003a96   0x08003a96   0x0000002a   Code   RO         1330    .text.USBD_CDC_EP0_RxReady  usbd_cdc.o
    0x08003ac0   0x08003ac0   0x0000000c   Code   RO         1342    .text.USBD_CDC_GetDeviceQualifierDescriptor  usbd_cdc.o
    0x08003acc   0x08003acc   0x0000000c   Code   RO         1338    .text.USBD_CDC_GetFSCfgDesc  usbd_cdc.o
    0x08003ad8   0x08003ad8   0x0000000c   Code   RO         1336    .text.USBD_CDC_GetHSCfgDesc  usbd_cdc.o
    0x08003ae4   0x08003ae4   0x0000000c   Code   RO         1340    .text.USBD_CDC_GetOtherSpeedCfgDesc  usbd_cdc.o
    0x08003af0   0x08003af0   0x00000086   Code   RO         1324    .text.USBD_CDC_Init  usbd_cdc.o
    0x08003b76   0x08003b76   0x0000002c   Code   RO         1352    .text.USBD_CDC_ReceivePacket  usbd_cdc.o
    0x08003ba2   0x08003ba2   0x00000012   Code   RO         1344    .text.USBD_CDC_RegisterInterface  usbd_cdc.o
    0x08003bb4   0x08003bb4   0x00000010   Code   RO         1348    .text.USBD_CDC_SetRxBuffer  usbd_cdc.o
    0x08003bc4   0x08003bc4   0x00000014   Code   RO         1346    .text.USBD_CDC_SetTxBuffer  usbd_cdc.o
    0x08003bd8   0x08003bd8   0x000000c4   Code   RO         1328    .text.USBD_CDC_Setup  usbd_cdc.o
    0x08003c9c   0x08003c9c   0x00000036   Code   RO         1350    .text.USBD_CDC_TransmitPacket  usbd_cdc.o
    0x08003cd2   0x08003cd2   0x00000010   Code   RO         1247    .text.USBD_ClrClassConfig  usbd_core.o
    0x08003ce2   0x08003ce2   0x00000012   Code   RO         1308    .text.USBD_CtlContinueRx  usbd_ioreq.o
    0x08003cf4   0x08003cf4   0x00000012   Code   RO         1304    .text.USBD_CtlContinueSendData  usbd_ioreq.o
    0x08003d06   0x08003d06   0x00000014   Code   RO         1283    .text.USBD_CtlError  usbd_ctlreq.o
    0x08003d1a   0x08003d1a   0x00000024   Code   RO         1306    .text.USBD_CtlPrepareRx  usbd_ioreq.o
    0x08003d3e   0x08003d3e   0x0000001a   Code   RO         1312    .text.USBD_CtlReceiveStatus  usbd_ioreq.o
    0x08003d58   0x08003d58   0x0000001e   Code   RO         1302    .text.USBD_CtlSendData  usbd_ioreq.o
    0x08003d76   0x08003d76   0x0000001a   Code   RO         1310    .text.USBD_CtlSendStatus  usbd_ioreq.o
    0x08003d90   0x08003d90   0x00000020   Code   RO          117    .text.USBD_FS_ConfigStrDescriptor  usbd_desc.o
    0x08003db0   0x08003db0   0x0000000c   Code   RO          107    .text.USBD_FS_DeviceDescriptor  usbd_desc.o
    0x08003dbc   0x08003dbc   0x00000024   Code   RO          119    .text.USBD_FS_InterfaceStrDescriptor  usbd_desc.o
    0x08003de0   0x08003de0   0x0000000c   Code   RO          109    .text.USBD_FS_LangIDStrDescriptor  usbd_desc.o
    0x08003dec   0x08003dec   0x00000028   Code   RO          111    .text.USBD_FS_ManufacturerStrDescriptor  usbd_desc.o
    0x08003e14   0x08003e14   0x00000030   Code   RO          113    .text.USBD_FS_ProductStrDescriptor  usbd_desc.o
    0x08003e44   0x08003e44   0x00000110   Code   RO          115    .text.USBD_FS_SerialStrDescriptor  usbd_desc.o
    0x08003f54   0x08003f54   0x000000ac   Code   RO         1291    .text.USBD_GetString  usbd_ctlreq.o
    0x08004000   0x08004000   0x0000002e   Code   RO         1233    .text.USBD_Init     usbd_core.o
    0x0800402e   0x0800402e   0x00000002   PAD
    0x08004030   0x08004030   0x00000020   Code   RO          197    .text.USBD_LL_ClearStallEP  usbd_conf.o
    0x08004050   0x08004050   0x00000020   Code   RO          191    .text.USBD_LL_CloseEP  usbd_conf.o
    0x08004070   0x08004070   0x000000d6   Code   RO         1253    .text.USBD_LL_DataInStage  usbd_core.o
    0x08004146   0x08004146   0x0000009a   Code   RO         1251    .text.USBD_LL_DataOutStage  usbd_core.o
    0x080041e0   0x080041e0   0x0000000e   Code   RO          207    .text.USBD_LL_GetRxDataSize  usbd_conf.o
    0x080041ee   0x080041ee   0x00000002   PAD
    0x080041f0   0x080041f0   0x00000084   Code   RO          181    .text.USBD_LL_Init  usbd_conf.o
    0x08004274   0x08004274   0x0000002a   Code   RO          199    .text.USBD_LL_IsStallEP  usbd_conf.o
    0x0800429e   0x0800429e   0x00000002   PAD
    0x080042a0   0x080042a0   0x00000028   Code   RO          189    .text.USBD_LL_OpenEP  usbd_conf.o
    0x080042c8   0x080042c8   0x00000020   Code   RO          205    .text.USBD_LL_PrepareReceive  usbd_conf.o
    0x080042e8   0x080042e8   0x0000005a   Code   RO         1255    .text.USBD_LL_Reset  usbd_core.o
    0x08004342   0x08004342   0x00000014   Code   RO         1261    .text.USBD_LL_Resume  usbd_core.o
    0x08004356   0x08004356   0x0000001c   Code   RO         1263    .text.USBD_LL_SOF   usbd_core.o
    0x08004372   0x08004372   0x00000006   Code   RO         1257    .text.USBD_LL_SetSpeed  usbd_core.o
    0x08004378   0x08004378   0x00000020   Code   RO          201    .text.USBD_LL_SetUSBAddress  usbd_conf.o
    0x08004398   0x08004398   0x0000006a   Code   RO         1249    .text.USBD_LL_SetupStage  usbd_core.o
    0x08004402   0x08004402   0x00000002   PAD
    0x08004404   0x08004404   0x00000024   Code   RO          195    .text.USBD_LL_StallEP  usbd_conf.o
    0x08004428   0x08004428   0x00000024   Code   RO          185    .text.USBD_LL_Start  usbd_conf.o
    0x0800444c   0x0800444c   0x00000012   Code   RO         1259    .text.USBD_LL_Suspend  usbd_core.o
    0x0800445e   0x0800445e   0x00000002   PAD
    0x08004460   0x08004460   0x00000024   Code   RO          203    .text.USBD_LL_Transmit  usbd_conf.o
    0x08004484   0x08004484   0x00000028   Code   RO         1289    .text.USBD_ParseSetupRequest  usbd_ctlreq.o
    0x080044ac   0x080044ac   0x00000012   Code   RO         1237    .text.USBD_RegisterClass  usbd_core.o
    0x080044be   0x080044be   0x0000001c   Code   RO         1245    .text.USBD_SetClassConfig  usbd_core.o
    0x080044da   0x080044da   0x0000000a   Code   RO         1239    .text.USBD_Start    usbd_core.o
    0x080044e4   0x080044e4   0x000002c4   Code   RO         1281    .text.USBD_StdDevReq  usbd_ctlreq.o
    0x080047a8   0x080047a8   0x0000012e   Code   RO         1287    .text.USBD_StdEPReq  usbd_ctlreq.o
    0x080048d6   0x080048d6   0x00000058   Code   RO         1285    .text.USBD_StdItfReq  usbd_ctlreq.o
    0x0800492e   0x0800492e   0x00000002   Code   RO          213    .text.USBD_static_free  usbd_conf.o
    0x08004930   0x08004930   0x00000008   Code   RO          211    .text.USBD_static_malloc  usbd_conf.o
    0x08004938   0x08004938   0x00000224   Code   RO          239    .text.USB_ActivateEndpoint  stm32f0xx_ll_usb.o
    0x08004b5c   0x08004b5c   0x000000b0   Code   RO          241    .text.USB_DeactivateEndpoint  stm32f0xx_ll_usb.o
    0x08004c0c   0x08004c0c   0x00000010   Code   RO          257    .text.USB_DevConnect  stm32f0xx_ll_usb.o
    0x08004c1c   0x08004c1c   0x00000014   Code   RO          233    .text.USB_DevInit   stm32f0xx_ll_usb.o
    0x08004c30   0x08004c30   0x00000014   Code   RO          229    .text.USB_DisableGlobalInt  stm32f0xx_ll_usb.o
    0x08004c44   0x08004c44   0x0000006c   Code   RO          249    .text.USB_EPClearStall  stm32f0xx_ll_usb.o
    0x08004cb0   0x08004cb0   0x0000003c   Code   RO          247    .text.USB_EPSetStall  stm32f0xx_ll_usb.o
    0x08004cec   0x08004cec   0x00000918   Code   RO          243    .text.USB_EPStartXfer  stm32f0xx_ll_usb.o
    0x08005604   0x08005604   0x00000018   Code   RO          227    .text.USB_EnableGlobalInt  stm32f0xx_ll_usb.o
    0x0800561c   0x0800561c   0x00000010   Code   RO           81    .text.USB_IRQHandler  stm32f0xx_it.o
    0x0800562c   0x0800562c   0x00000006   Code   RO          261    .text.USB_ReadInterrupts  stm32f0xx_ll_usb.o
    0x08005632   0x08005632   0x00000090   Code   RO          267    .text.USB_ReadPMA   stm32f0xx_ll_usb.o
    0x080056c2   0x080056c2   0x00000002   PAD
    0x080056c4   0x080056c4   0x000000d8   Code   RO         1371    .text.USB_Rx_Parse  usb.o
    0x0800579c   0x0800579c   0x00000012   Code   RO          255    .text.USB_SetDevAddress  stm32f0xx_ll_usb.o
    0x080057ae   0x080057ae   0x00000002   PAD
    0x080057b0   0x080057b0   0x0000005c   Code   RO         1367    .text.USB_SoftReset  usb.o
    0x0800580c   0x0800580c   0x0000005c   Code   RO         1369    .text.USB_Tx_SendFrame  usb.o
    0x08005868   0x08005868   0x00000098   Code   RO          245    .text.USB_WritePMA  stm32f0xx_ll_usb.o
    0x08005900   0x08005900   0x00000188   Code   RO           11    .text.main          main.o
    0x08005a88   0x08005a88   0x000001f6   Code   RO         1420    .text_divfast       c_p.l(aeabi_sdivfast.o)
    0x08005c7e   0x08005c7e   0x00000000   Code   RO         1444    x$fpl$usenofp       fz_ps.l(usenofp.o)
    0x08005c7e   0x08005c7e   0x00000010   Data   RO         1223    .rodata.AHBPrescTable  system_stm32f0xx.o
    0x08005c8e   0x08005c8e   0x00000020   Data   RO          401    .rodata.cst16       stm32f0xx_hal_rcc.o
    0x08005cae   0x08005cae   0x00000002   PAD
    0x08005cb0   0x08005cb0   0x00000030   Data   RO         1119    .rodata.cst16       stm32f0xx_hal_tim.o
    0x08005ce0   0x08005ce0   0x00000020   Data   RO         1614    Region$$Table       anon$$obj.o


    Execution Region RW_IRAM1 (Exec base: 0x20000000, Load base: 0x08005d00, Size: 0x000015c8, Max: 0x00001800, ABSOLUTE, COMPRESSED[0x000000c0])

    Exec Addr    Load Addr    Size         Type   Attr      Idx    E Section Name        Object

    0x20000000   COMPRESSED   0x00000008   Data   RW          489    .data..L_MergedGlobals  stm32f0xx_hal.o
    0x20000008   COMPRESSED   0x0000001c   Data   RW          121    .data.FS_Desc       usbd_desc.o
    0x20000024   COMPRESSED   0x00000004   Data   RW         1222    .data.SystemCoreClock  system_stm32f0xx.o
    0x20000028   COMPRESSED   0x00000038   Data   RW         1354    .data.USBD_CDC      usbd_cdc.o
    0x20000060   COMPRESSED   0x00000043   Data   RW         1356    .data.USBD_CDC_CfgFSDesc  usbd_cdc.o
    0x200000a3   COMPRESSED   0x00000001   PAD
    0x200000a4   COMPRESSED   0x00000043   Data   RW         1355    .data.USBD_CDC_CfgHSDesc  usbd_cdc.o
    0x200000e7   COMPRESSED   0x00000001   PAD
    0x200000e8   COMPRESSED   0x0000000a   Data   RW         1358    .data.USBD_CDC_DeviceQualifierDesc  usbd_cdc.o
    0x200000f2   COMPRESSED   0x00000002   PAD
    0x200000f4   COMPRESSED   0x00000043   Data   RW         1357    .data.USBD_CDC_OtherSpeedCfgDesc  usbd_cdc.o
    0x20000137   COMPRESSED   0x00000001   PAD
    0x20000138   COMPRESSED   0x00000012   Data   RW          122    .data.USBD_FS_DeviceDesc  usbd_desc.o
    0x2000014a   COMPRESSED   0x00000002   PAD
    0x2000014c   COMPRESSED   0x00000010   Data   RW          144    .data.USBD_Interface_fops_FS  usbd_cdc_if.o
    0x2000015c   COMPRESSED   0x00000004   Data   RW          123    .data.USBD_LangIDDesc  usbd_desc.o
    0x20000160   COMPRESSED   0x0000001a   Data   RW          124    .data.USBD_StringSerial  usbd_desc.o
    0x2000017a   COMPRESSED   0x00000006   PAD
    0x20000180        -       0x00000060   Zero   RW         1478    .bss                c_p.l(libspace.o)
    0x200001e0        -       0x00000012   Zero   RW         1377    .bss..L_MergedGlobals  usb.o
    0x200001f2        -       0x00000006   Zero   RW         1405    .bss..L_MergedGlobals  gnd_scan.o
    0x200001f8        -       0x00000001   Zero   RW         1293    .bss.USBD_SetConfig.cfgidx  usbd_ctlreq.o
    0x200001f9   COMPRESSED   0x00000003   PAD
    0x200001fc        -       0x00000200   Zero   RW          125    .bss.USBD_StrDesc   usbd_desc.o
    0x200003fc        -       0x00000220   Zero   RW          216    .bss.USBD_static_malloc.mem  usbd_conf.o
    0x2000061c        -       0x00000001   Zero   RW         1373    .bss.USB_Receive_flag  usb.o
    0x2000061d        -       0x00000040   Zero   RW          145    .bss.UserRxBufferFS  usbd_cdc_if.o
    0x2000065d        -       0x00000040   Zero   RW          146    .bss.UserTxBufferFS  usbd_cdc_if.o
    0x2000069d   COMPRESSED   0x00000003   PAD
    0x200006a0        -       0x000002c4   Zero   RW          100    .bss.hUsbDeviceFS   usb_device.o
    0x20000964        -       0x00000044   Zero   RW           57    .bss.hdma_tim2_ch1  tim.o
    0x200009a8        -       0x00000044   Zero   RW           58    .bss.hdma_tim3_ch1_trig  tim.o
    0x200009ec        -       0x000002dc   Zero   RW          215    .bss.hpcd_USB_FS    usbd_conf.o
    0x20000cc8        -       0x00000048   Zero   RW           56    .bss.htim14         tim.o
    0x20000d10        -       0x00000048   Zero   RW           54    .bss.htim2          tim.o
    0x20000d58        -       0x00000048   Zero   RW           55    .bss.htim3          tim.o
    0x20000da0        -       0x00000002   Zero   RW         1390    .bss.mix_pwm_duty   motor_control.o
    0x20000da2   COMPRESSED   0x00000002   PAD
    0x20000da4        -       0x00000004   Zero   RW         1391    .bss.spray_pwm_duty  motor_control.o
    0x20000da8        -       0x00000004   Zero   RW         1376    .bss.usb_Receive_Len  usb.o
    0x20000dac        -       0x00000009   Zero   RW         1375    .bss.usb_Receive_buf  usb.o
    0x20000db5        -       0x0000000a   Zero   RW         1374    .bss.usb_tx_buf     usb.o
    0x20000dbf   COMPRESSED   0x00000001   PAD
    0x20000dc0        -       0x00000004   Zero   RW          488    .bss.uwTick         stm32f0xx_hal.o
    0x20000dc4   COMPRESSED   0x00000004   PAD
    0x20000dc8        -       0x00000400   Zero   RW            2    HEAP                startup_stm32f042x6.o
    0x200011c8        -       0x00000400   Zero   RW            1    STACK               startup_stm32f042x6.o


==============================================================================

Image component sizes


      Code (inc. data)   RO Data    RW Data    ZI Data      Debug   Object Name

        44          0          0          0          0       1613   dma.o
       180         20          0          0          6       4099   gnd_scan.o
       164          4          0          0          0       1720   gpio.o
       538         52          0          0          0       4202   main.o
        92         20          0          0          6        941   motor_control.o
       116         56        192          0       2048        628   startup_stm32f042x6.o
       160         16          0          8          4       5284   stm32f0xx_hal.o
       132         24          0          0          0       5420   stm32f0xx_hal_cortex.o
       468         12          0          0          0       7984   stm32f0xx_hal_dma.o
       692         16          0          0          0       4975   stm32f0xx_hal_gpio.o
        60          8          0          0          0       1176   stm32f0xx_hal_msp.o
      3316         84          0          0          0      17511   stm32f0xx_hal_pcd.o
       104          0          0          0          0       5851   stm32f0xx_hal_pcd_ex.o
      1632         52         32          0          0       8188   stm32f0xx_hal_rcc.o
       308         12          0          0          0       6208   stm32f0xx_hal_rcc_ex.o
      3480        124         48          0          0      64667   stm32f0xx_hal_tim.o
        80          0          0          0          0      22947   stm32f0xx_hal_tim_ex.o
        72         16          0          0          0       2071   stm32f0xx_it.o
      3620        144          0          0          0      23751   stm32f0xx_ll_usb.o
         2          0         16          4          0       1684   system_stm32f0xx.o
       892         48          0          0        352       8705   tim.o
       400         16          0          0         42       4486   usb.o
        84         16          0          0        708       2807   usb_device.o
       790         16          0        267          0      10529   usbd_cdc.o
       198         24          0         16        128       2697   usbd_cdc_if.o
       736         36          0          0       1276      15317   usbd_conf.o
       754          0          0          0          0       8128   usbd_core.o
      1330         38          0          0          1       9183   usbd_ctlreq.o
       452         92          0         76        512       4106   usbd_desc.o
       154          0          0          0          0       4388   usbd_ioreq.o

    ----------------------------------------------------------------------
     21080        946        322        380       5100     261266   Object Totals
         0          0         32          0          0          0   (incl. Generated)
        30          0          2          9         17          0   (incl. Padding)

    ----------------------------------------------------------------------

      Code (inc. data)   RO Data    RW Data    ZI Data      Debug   Library Member Name

        86          0          0          0          0          0   __dczerorl2.o
         8          0          0          0          0         68   __main.o
         0          0          0          0          0          0   __rtentry.o
        12          0          0          0          0          0   __rtentry2.o
         6          0          0          0          0          0   __rtentry4.o
        86         10          0          0          0          0   __scatter.o
        28          0          0          0          0          0   __scatter_zi.o
      1006          4          0          0          0        184   aeabi_sdivfast.o
        16          0          0          0          0         68   exit.o
         6          0          0          0          0        136   heapauxi.o
         0          0          0          0          0          0   indicate_semi.o
         2          0          0          0          0          0   libinit.o
         2          0          0          0          0          0   libinit2.o
         2          0          0          0          0          0   libshutdown.o
         2          0          0          0          0          0   libshutdown2.o
         8          4          0          0         96         68   libspace.o
       186          0          0          0          0        144   rt_memcpy.o
         2          0          0          0          0          0   rtexit.o
        10          0          0          0          0          0   rtexit2.o
        12          4          0          0          0         60   sys_exit.o
        62          0          0          0          0         80   sys_stackheap_outer.o
         2          0          0          0          0         68   use_no_semi.o
       108         10          0          0          0         72   dfixi.o
        72          4          0          0          0         68   dfixui.o
        88          0          0          0          0         92   dflti.o
       584         26          0          0          0         84   dmul.o
         0          0          0          0          0          0   usenofp.o

    ----------------------------------------------------------------------
      2406         62          0          0         96       1192   Library Totals
        10          0          0          0          0          0   (incl. Padding)

    ----------------------------------------------------------------------

      Code (inc. data)   RO Data    RW Data    ZI Data      Debug   Library Name

      1544         22          0          0         96        876   c_p.l
       852         40          0          0          0        316   fz_ps.l

    ----------------------------------------------------------------------
      2406         62          0          0         96       1192   Library Totals

    ----------------------------------------------------------------------

==============================================================================


      Code (inc. data)   RO Data    RW Data    ZI Data      Debug   

     23486       1008        322        380       5196     261502   Grand Totals
     23486       1008        322        192       5196     261502   ELF Image Totals (compressed)
     23486       1008        322        192          0          0   ROM Totals

==============================================================================

    Total RO  Size (Code + RO Data)                23808 (  23.25kB)
    Total RW  Size (RW Data + ZI Data)              5576 (   5.45kB)
    Total ROM Size (Code + RO Data + RW Data)      24000 (  23.44kB)

==============================================================================

