Component: Arm Compiler for Embedded 6.18 Tool: armlink [5e4cc100]

==============================================================================

Section Cross References

    startup_stm32f042x6.o(STACK) refers (Special) to heapauxi.o(.text) for __use_two_region_memory
    startup_stm32f042x6.o(HEAP) refers (Special) to heapauxi.o(.text) for __use_two_region_memory
    startup_stm32f042x6.o(RESET) refers (Special) to heapauxi.o(.text) for __use_two_region_memory
    startup_stm32f042x6.o(RESET) refers to startup_stm32f042x6.o(STACK) for __initial_sp
    startup_stm32f042x6.o(RESET) refers to startup_stm32f042x6.o(.text) for Reset_Handler
    startup_stm32f042x6.o(RESET) refers to stm32f0xx_it.o(.text.NMI_Handler) for NMI_Handler
    startup_stm32f042x6.o(RESET) refers to stm32f0xx_it.o(.text.HardFault_Handler) for HardFault_Handler
    startup_stm32f042x6.o(RESET) refers to stm32f0xx_it.o(.text.SVC_Handler) for SVC_Handler
    startup_stm32f042x6.o(RESET) refers to stm32f0xx_it.o(.text.PendSV_Handler) for PendSV_Handler
    startup_stm32f042x6.o(RESET) refers to stm32f0xx_it.o(.text.SysTick_Handler) for SysTick_Handler
    startup_stm32f042x6.o(RESET) refers to stm32f0xx_it.o(.text.DMA1_Channel1_IRQHandler) for DMA1_Channel1_IRQHandler
    startup_stm32f042x6.o(RESET) refers to stm32f0xx_it.o(.text.DMA1_Channel4_5_IRQHandler) for DMA1_Channel4_5_IRQHandler
    startup_stm32f042x6.o(RESET) refers to stm32f0xx_it.o(.text.TIM14_IRQHandler) for TIM14_IRQHandler
    startup_stm32f042x6.o(RESET) refers to stm32f0xx_it.o(.text.USB_IRQHandler) for USB_IRQHandler
    startup_stm32f042x6.o(.text) refers (Special) to heapauxi.o(.text) for __use_two_region_memory
    startup_stm32f042x6.o(.text) refers to startup_stm32f042x6.o(STACK) for __initial_sp
    startup_stm32f042x6.o(.text) refers to system_stm32f0xx.o(.text.SystemInit) for SystemInit
    startup_stm32f042x6.o(.text) refers to __main.o(!!!main) for __main
    startup_stm32f042x6.o(.text) refers to startup_stm32f042x6.o(HEAP) for Heap_Mem
    main.o(.text.main) refers to stm32f0xx_hal.o(.text.HAL_Init) for HAL_Init
    main.o(.text.main) refers to main.o(.text.SystemClock_Config) for SystemClock_Config
    main.o(.text.main) refers to usb.o(.text.USB_SoftReset) for USB_SoftReset
    main.o(.text.main) refers to gpio.o(.text.MX_GPIO_Init) for MX_GPIO_Init
    main.o(.text.main) refers to dma.o(.text.MX_DMA_Init) for MX_DMA_Init
    main.o(.text.main) refers to tim.o(.text.MX_TIM2_Init) for MX_TIM2_Init
    main.o(.text.main) refers to tim.o(.text.MX_TIM3_Init) for MX_TIM3_Init
    main.o(.text.main) refers to usb_device.o(.text.MX_USB_DEVICE_Init) for MX_USB_DEVICE_Init
    main.o(.text.main) refers to tim.o(.text.MX_TIM14_Init) for MX_TIM14_Init
    main.o(.text.main) refers to adc.o(.text.MX_ADC_Init) for MX_ADC_Init
    main.o(.text.main) refers to stm32f0xx_hal_adc_ex.o(.text.HAL_ADCEx_Calibration_Start) for HAL_ADCEx_Calibration_Start
    main.o(.text.main) refers to stm32f0xx_hal.o(.text.HAL_Delay) for HAL_Delay
    main.o(.text.main) refers to bsp_adc.o(.text.ADC_Start) for ADC_Start
    main.o(.text.main) refers to stm32f0xx_hal_tim.o(.text.HAL_TIM_PWM_Start_DMA) for HAL_TIM_PWM_Start_DMA
    main.o(.text.main) refers to stm32f0xx_hal_tim.o(.text.HAL_TIM_Base_Start_IT) for HAL_TIM_Base_Start_IT
    main.o(.text.main) refers to stm32f0xx_hal_tim.o(.text.HAL_TIM_IC_Start_IT) for HAL_TIM_IC_Start_IT
    main.o(.text.main) refers to bsp_adc.o(.text.ADC_Get_Current) for ADC_Get_Current
    main.o(.text.main) refers to motor_control.o(.text.Motor_SPRAY_Current_Limit) for Motor_SPRAY_Current_Limit
    main.o(.text.main) refers to motor_control.o(.text.Motor_MIX_Current_Limit) for Motor_MIX_Current_Limit
    main.o(.text.main) refers to stm32f0xx_hal_gpio.o(.text.HAL_GPIO_TogglePin) for HAL_GPIO_TogglePin
    main.o(.text.main) refers to stm32f0xx_hal_gpio.o(.text.HAL_GPIO_WritePin) for HAL_GPIO_WritePin
    main.o(.text.main) refers to motor_control.o(.text.Motor_SPRAY_SPEED_Set) for Motor_SPRAY_SPEED_Set
    main.o(.text.main) refers to motor_control.o(.text.Motor_MIX_SPEED_Set) for Motor_MIX_SPEED_Set
    main.o(.text.main) refers to usb.o(.text.USB_Rx_Parse) for USB_Rx_Parse
    main.o(.text.main) refers to usb.o(.text.USB_Tx_SendFrame) for USB_Tx_SendFrame
    main.o(.text.main) refers to adc.o(.bss.hadc) for hadc
    main.o(.text.main) refers to tim.o(.bss.htim3) for htim3
    main.o(.text.main) refers to motor_control.o(.bss.mix_pwm_duty) for mix_pwm_duty
    main.o(.text.main) refers to tim.o(.bss.htim2) for htim2
    main.o(.text.main) refers to motor_control.o(.bss.spray_pwm_duty) for spray_pwm_duty
    main.o(.text.main) refers to tim.o(.bss.htim14) for htim14
    main.o(.text.main) refers to gnd_scan.o(.bss..L_MergedGlobals) for Current_flag
    main.o(.text.main) refers to gnd_scan.o(.data.GND_State) for GND_State
    main.o(.text.main) refers to usb.o(.bss..L_MergedGlobals) for system_state_data
[...]
    [Anonymous Symbol]                       0x08004cb8   Section        0  usbd_core.o(.text.USBD_LL_SetSpeed)
    [Anonymous Symbol]                       0x08004cc0   Section        0  usbd_conf.o(.text.USBD_LL_SetUSBAddress)
    [Anonymous Symbol]                       0x08004ce0   Section        0  usbd_core.o(.text.USBD_LL_SetupStage)
    __arm_cp.8_0                             0x08004d4c   Number         4  usbd_core.o(.text.USBD_LL_SetupStage)
    [Anonymous Symbol]                       0x08004d50   Section        0  usbd_conf.o(.text.USBD_LL_StallEP)
    [Anonymous Symbol]                       0x08004d70   Section        0  usbd_conf.o(.text.USBD_LL_Start)
    __arm_cp.15_0                            0x08004d90   Number         4  usbd_conf.o(.text.USBD_LL_Start)
    [Anonymous Symbol]                       0x08004d94   Section        0  usbd_core.o(.text.USBD_LL_Suspend)
    [Anonymous Symbol]                       0x08004da8   Section        0  usbd_conf.o(.text.USBD_LL_Transmit)
    __arm_cp.24_0                            0x08004dc8   Number         4  usbd_conf.o(.text.USBD_LL_Transmit)
    [Anonymous Symbol]                       0x08004dcc   Section        0  usbd_ctlreq.o(.text.USBD_ParseSetupRequest)
    [Anonymous Symbol]                       0x08004df4   Section        0  usbd_core.o(.text.USBD_RegisterClass)
    [Anonymous Symbol]                       0x08004e06   Section        0  usbd_core.o(.text.USBD_SetClassConfig)
    [Anonymous Symbol]                       0x08004e22   Section        0  usbd_core.o(.text.USBD_Start)
    [Anonymous Symbol]                       0x08004e2c   Section        0  usbd_ctlreq.o(.text.USBD_StdDevReq)
    __arm_cp.0_0                             0x0800509c   Number         4  usbd_ctlreq.o(.text.USBD_StdDevReq)
    [Anonymous Symbol]                       0x080050a0   Section        0  usbd_ctlreq.o(.text.USBD_StdEPReq)
    [Anonymous Symbol]                       0x08005204   Section        0  usbd_ctlreq.o(.text.USBD_StdItfReq)
    [Anonymous Symbol]                       0x08005274   Section        0  usbd_conf.o(.text.USBD_static_free)
    [Anonymous Symbol]                       0x08005278   Section        0  usbd_conf.o(.text.USBD_static_malloc)
    __arm_cp.28_0                            0x0800527c   Number         4  usbd_conf.o(.text.USBD_static_malloc)
    [Anonymous Symbol]                       0x08005280   Section        0  stm32f0xx_ll_usb.o(.text.USB_ActivateEndpoint)
    __arm_cp.7_0                             0x0800549c   Number         4  stm32f0xx_ll_usb.o(.text.USB_ActivateEndpoint)
    __arm_cp.7_1                             0x080054a0   Number         4  stm32f0xx_ll_usb.o(.text.USB_ActivateEndpoint)
    __arm_cp.7_2                             0x080054a4   Number         4  stm32f0xx_ll_usb.o(.text.USB_ActivateEndpoint)
    __arm_cp.7_4                             0x080054a8   Number         4  stm32f0xx_ll_usb.o(.text.USB_ActivateEndpoint)
    __arm_cp.7_5                             0x080054ac   Number         4  stm32f0xx_ll_usb.o(.text.USB_ActivateEndpoint)
    __arm_cp.7_6                             0x080054b0   Number         4  stm32f0xx_ll_usb.o(.text.USB_ActivateEndpoint)
    __arm_cp.7_9                             0x080054b4   Number         4  stm32f0xx_ll_usb.o(.text.USB_ActivateEndpoint)
    __arm_cp.7_10                            0x080054b8   Number         4  stm32f0xx_ll_usb.o(.text.USB_ActivateEndpoint)
    [Anonymous Symbol]                       0x080054bc   Section        0  stm32f0xx_ll_usb.o(.text.USB_DeactivateEndpoint)
    __arm_cp.8_0                             0x08005564   Number         4  stm32f0xx_ll_usb.o(.text.USB_DeactivateEndpoint)
    __arm_cp.8_4                             0x08005568   Number         4  stm32f0xx_ll_usb.o(.text.USB_DeactivateEndpoint)
    [Anonymous Symbol]                       0x0800556c   Section        0  stm32f0xx_ll_usb.o(.text.USB_DevConnect)
    [Anonymous Symbol]                       0x0800557c   Section        0  stm32f0xx_ll_usb.o(.text.USB_DevInit)
    [Anonymous Symbol]                       0x08005590   Section        0  stm32f0xx_ll_usb.o(.text.USB_DisableGlobalInt)
    __arm_cp.2_0                             0x080055a0   Number         4  stm32f0xx_ll_usb.o(.text.USB_DisableGlobalInt)
    [Anonymous Symbol]                       0x080055a4   Section        0  stm32f0xx_ll_usb.o(.text.USB_EPClearStall)
    __arm_cp.12_0                            0x08005600   Number         4  stm32f0xx_ll_usb.o(.text.USB_EPClearStall)
    __arm_cp.12_1                            0x08005604   Number         4  stm32f0xx_ll_usb.o(.text.USB_EPClearStall)
    __arm_cp.12_3                            0x08005608   Number         4  stm32f0xx_ll_usb.o(.text.USB_EPClearStall)
    __arm_cp.12_4                            0x0800560c   Number         4  stm32f0xx_ll_usb.o(.text.USB_EPClearStall)
    [Anonymous Symbol]                       0x08005610   Section        0  stm32f0xx_ll_usb.o(.text.USB_EPSetStall)
    __arm_cp.11_0                            0x0800563c   Number         4  stm32f0xx_ll_usb.o(.text.USB_EPSetStall)
    __arm_cp.11_1                            0x08005640   Number         4  stm32f0xx_ll_usb.o(.text.USB_EPSetStall)
    __arm_cp.11_2                            0x08005644   Number         4  stm32f0xx_ll_usb.o(.text.USB_EPSetStall)
    __arm_cp.11_3                            0x08005648   Number         4  stm32f0xx_ll_usb.o(.text.USB_EPSetStall)
    [Anonymous Symbol]                       0x0800564c   Section        0  stm32f0xx_ll_usb.o(.text.USB_EPStartXfer)
    __arm_cp.9_12                            0x08005a74   Number         4  stm32f0xx_ll_usb.o(.text.USB_EPStartXfer)
    __arm_cp.9_13                            0x08005a78   Number         4  stm32f0xx_ll_usb.o(.text.USB_EPStartXfer)
    __arm_cp.9_0                             0x08005f18   Number         4  stm32f0xx_ll_usb.o(.text.USB_EPStartXfer)
    __arm_cp.9_1                             0x08005f1c   Number         4  stm32f0xx_ll_usb.o(.text.USB_EPStartXfer)
    __arm_cp.9_2                             0x08005f20   Number         4  stm32f0xx_ll_usb.o(.text.USB_EPStartXfer)
    __arm_cp.9_3                             0x08005f24   Number         4  stm32f0xx_ll_usb.o(.text.USB_EPStartXfer)
    __arm_cp.9_4                             0x08005f28   Number         4  stm32f0xx_ll_usb.o(.text.USB_EPStartXfer)
    __arm_cp.9_5                             0x08005f2c   Number         4  stm32f0xx_ll_usb.o(.text.USB_EPStartXfer)
    [Anonymous Symbol]                       0x08005f30   Section        0  stm32f0xx_ll_usb.o(.text.USB_EnableGlobalInt)
    __arm_cp.1_0                             0x08005f44   Number         4  stm32f0xx_ll_usb.o(.text.USB_EnableGlobalInt)
    [Anonymous Symbol]                       0x08005f48   Section        0  stm32f0xx_it.o(.text.USB_IRQHandler)
    __arm_cp.8_0                             0x08005f54   Number         4  stm32f0xx_it.o(.text.USB_IRQHandler)
    [Anonymous Symbol]                       0x08005f58   Section        0  stm32f0xx_ll_usb.o(.text.USB_ReadInterrupts)
    [Anonymous Symbol]                       0x08005f5e   Section        0  stm32f0xx_ll_usb.o(.text.USB_ReadPMA)
    [Anonymous Symbol]                       0x08005fec   Section        0  usb.o(.text.USB_Rx_Parse)
    __arm_cp.2_0                             0x080060c4   Number         4  usb.o(.text.USB_Rx_Parse)
    [Anonymous Symbol]                       0x080060c8   Section        0  stm32f0xx_ll_usb.o(.text.USB_SetDevAddress)
    [Anonymous Symbol]                       0x080060dc   Section        0  usb.o(.text.USB_SoftReset)
    __arm_cp.0_0                             0x08006134   Number         4  usb.o(.text.USB_SoftReset)
    [Anonymous Symbol]                       0x08006138   Section        0  usb.o(.text.USB_Tx_SendFrame)
    __arm_cp.1_0                             0x0800618c   Number         4  usb.o(.text.USB_Tx_SendFrame)
    __arm_cp.1_1                             0x08006190   Number         4  usb.o(.text.USB_Tx_SendFrame)
    [Anonymous Symbol]                       0x08006194   Section        0  stm32f0xx_ll_usb.o(.text.USB_WritePMA)
    [Anonymous Symbol]                       0x0800622c   Section        0  main.o(.text.main)
    __arm_cp.0_0                             0x080063b8   Number         4  main.o(.text.main)
    __arm_cp.0_1                             0x080063bc   Number         4  main.o(.text.main)
    __arm_cp.0_2                             0x080063c0   Number         4  main.o(.text.main)
    __arm_cp.0_3                             0x080063c4   Number         4  main.o(.text.main)
    __arm_cp.0_4                             0x080063c8   Number         4  main.o(.text.main)
    __arm_cp.0_5                             0x080063cc   Number         4  main.o(.text.main)
    __arm_cp.0_6                             0x080063d0   Number         4  main.o(.text.main)
    __arm_cp.0_7                             0x080063d4   Number         4  main.o(.text.main)
    __arm_cp.0_8                             0x080063d8   Number         4  main.o(.text.main)
    __arm_cp.0_9                             0x080063dc   Number         4  main.o(.text.main)
    __arm_cp.0_10                            0x080063e0   Number         4  main.o(.text.main)
    __arm_cp.0_11                            0x080063e4   Number         4  main.o(.text.main)
    __arm_cp.0_12                            0x080063e8   Number         4  main.o(.text.main)
    __arm_cp.0_13                            0x080063ec   Number         4  main.o(.text.main)
    __arm_cp.0_14                            0x080063f0   Number         4  main.o(.text.main)
    __arm_cp.0_15                            0x080063f4   Number         4  main.o(.text.main)
    .text_divfast                            0x080063f8   Section      502  aeabi_sdivfast.o(.text_divfast)
    HAL_RCC_GetSysClockFreq.aPLLMULFactorTable 0x080065fe   Data          16  stm32f0xx_hal_rcc.o(.rodata.cst16)
    [Anonymous Symbol]                       0x080065fe   Section        0  stm32f0xx_hal_rcc.o(.rodata.cst16)
    HAL_RCC_GetSysClockFreq.aPredivFactorTable 0x0800660e   Data          16  stm32f0xx_hal_rcc.o(.rodata.cst16)
    [Anonymous Symbol]                       0x08006620   Section        0  stm32f0xx_hal_tim.o(.rodata.cst16)
    [Anonymous Symbol]                       0x20000000   Section        0  stm32f0xx_hal.o(.data..L_MergedGlobals)
    USBD_CDC_DeviceQualifierDesc             0x200000ec   Data          10  usbd_cdc.o(.data.USBD_CDC_DeviceQualifierDesc)
    [Anonymous Symbol]                       0x200000ec   Section        0  usbd_cdc.o(.data.USBD_CDC_DeviceQualifierDesc)
    .bss                                     0x20000180   Section       96  libspace.o(.bss)
    usb_rx_cnt                               0x200001e0   Data           1  usb.o(.bss..L_MergedGlobals)
    [Anonymous Symbol]                       0x200001e0   Section        0  usb.o(.bss..L_MergedGlobals)
    usb_rx_buf                               0x200001e1   Data           9  usb.o(.bss..L_MergedGlobals)
    [Anonymous Symbol]                       0x200001f4   Section        0  motor_control.o(.bss..L_MergedGlobals)
    Motor_SPRAY_Current_Limit.danger_cnt     0x200001f5   Data           1  motor_control.o(.bss..L_MergedGlobals)
    Motor_SPRAY_Current_Limit.limit_cnt      0x200001f6   Data           1  motor_control.o(.bss..L_MergedGlobals)
    Motor_SPRAY_Current_Limit.recover_cnt    0x200001f7   Data           1  motor_control.o(.bss..L_MergedGlobals)
    Motor_MIX_Current_Limit.danger_cnt       0x200001f8   Data           1  motor_control.o(.bss..L_MergedGlobals)
    Motor_MIX_Current_Limit.limit_cnt        0x200001f9   Data           1  motor_control.o(.bss..L_MergedGlobals)
    Motor_MIX_Current_Limit.recover_cnt      0x200001fa   Data           1  motor_control.o(.bss..L_MergedGlobals)
    [Anonymous Symbol]                       0x200001fc   Section        0  gnd_scan.o(.bss..L_MergedGlobals)
    idx1                                     0x20000208   Data           1  bsp_adc.o(.bss..L_MergedGlobals)
    [Anonymous Symbol]                       0x20000208   Section        0  bsp_adc.o(.bss..L_MergedGlobals)
    cnt1                                     0x20000209   Data           1  bsp_adc.o(.bss..L_MergedGlobals)
    idx2                                     0x2000020a   Data           1  bsp_adc.o(.bss..L_MergedGlobals)
    cnt2                                     0x2000020b   Data           1  bsp_adc.o(.bss..L_MergedGlobals)
    sum1                                     0x20000210   Data           2  bsp_adc.o(.bss..L_MergedGlobals)
    sum2                                     0x20000212   Data           2  bsp_adc.o(.bss..L_MergedGlobals)
    adc_buf                                  0x20000218   Data           4  bsp_adc.o(.bss..L_MergedGlobals)
    buf1                                     0x20000230   Data          32  bsp_adc.o(.bss..L_MergedGlobals)
    buf2                                     0x20000250   Data          32  bsp_adc.o(.bss..L_MergedGlobals)
    USBD_SetConfig.cfgidx                    0x20000270   Data           1  usbd_ctlreq.o(.bss.USBD_SetConfig.cfgidx)
    [Anonymous Symbol]                       0x20000270   Section        0  usbd_ctlreq.o(.bss.USBD_SetConfig.cfgidx)
    USBD_static_malloc.mem                   0x20000474   Data         544  usbd_conf.o(.bss.USBD_static_malloc.mem)
    [Anonymous Symbol]                       0x20000474   Section        0  usbd_conf.o(.bss.USBD_static_malloc.mem)
    usb_tx_buf                               0x20000eb1   Data          10  usb.o(.bss.usb_tx_buf)
    [Anonymous Symbol]                       0x20000eb1   Section        0  usb.o(.bss.usb_tx_buf)
    Heap_Mem                                 0x20000ec0   Data        1024  startup_stm32f042x6.o(HEAP)
    HEAP                                     0x20000ec0   Section     1024  startup_stm32f042x6.o(HEAP)
    Stack_Mem                                0x200012c0   Data        1024  startup_stm32f042x6.o(STACK)
    STACK                                    0x200012c0   Section     1024  startup_stm32f042x6.o(STACK)
    __initial_sp                             0x200016c0   Data           0  startup_stm32f042x6.o(STACK)

    Global Symbols

    Symbol Name                              Value     Ov Type        Size  Object(Section)

    BuildAttributes$$THM_ISAv3M$S$PE$A:L22$X:L11$S22$IEEE1$IW$~IW$USESV6$~STKCKD$USESV7$~SHL$OTIME$ROPI$EBA8$UX$STANDARDLIB$REQ8$PRES8$EABIv2 0x00000000   Number         0  anon$$obj.o ABSOLUTE
    __ARM_exceptions_init                     - Undefined Weak Reference
    __alloca_initialize                       - Undefined Weak Reference
    __arm_preinit_                            - Undefined Weak Reference
    __arm_relocate_pie_                       - Undefined Weak Reference
    __cpp_initialize__aeabi_                  - Undefined Weak Reference
    __cxa_finalize                            - Undefined Weak Reference
    __rt_locale                               - Undefined Weak Reference
    __sigvec_lookup                           - Undefined Weak Reference
    _atexit_init                              - Undefined Weak Reference
    _call_atexit_fns                          - Undefined Weak Reference
    _clock_init                               - Undefined Weak Reference
    _fp_trap_init                             - Undefined Weak Reference
    _fp_trap_shutdown                         - Undefined Weak Reference
    _get_lc_collate                           - Undefined Weak Reference
    _get_lc_ctype                             - Undefined Weak Reference
    _get_lc_monetary                          - Undefined Weak Reference
    _get_lc_numeric                           - Undefined Weak Reference
    _get_lc_time                              - Undefined Weak Reference
    _getenv_init                              - Undefined Weak Reference
    _handle_redirection                       - Undefined Weak Reference
    _init_alloc                               - Undefined Weak Reference
    _init_user_alloc                          - Undefined Weak Reference
    _initio                                   - Undefined Weak Reference
    _rand_init                                - Undefined Weak Reference
    _signal_finish                            - Undefined Weak Reference
    _signal_init                              - Undefined Weak Reference
    _terminate_alloc                          - Undefined Weak Reference
    _terminate_user_alloc                     - Undefined Weak Reference
    _terminateio                              - Undefined Weak Reference
    __Vectors_Size                           0x000000c0   Number         0  startup_stm32f042x6.o ABSOLUTE
    __Vectors                                0x08000000   Data           4  startup_stm32f042x6.o(RESET)
    __Vectors_End                            0x080000c0   Data           0  startup_stm32f042x6.o(RESET)
    __main                                   0x080000c1   Thumb Code     8  __main.o(!!!main)
    __scatterload                            0x080000c9   Thumb Code     0  __scatter.o(!!!scatter)
    __scatterload_rt2                        0x080000c9   Thumb Code    52  __scatter.o(!!!scatter)
    __scatterload_rt2_thumb_only             0x080000c9   Thumb Code     0  __scatter.o(!!!scatter)
    __scatterload_null                       0x080000d9   Thumb Code     0  __scatter.o(!!!scatter)
    __scatterload_zeroinit                   0x08000105   Thumb Code    28  __scatter_zi.o(!!handler_zi)
    __rt_lib_init                            0x08000121   Thumb Code     0  libinit.o(.ARM.Collect$$libinit$$00000000)
    __rt_lib_init_alloca_1                   0x08000123   Thumb Code     0  libinit2.o(.ARM.Collect$$libinit$$00000030)
    __rt_lib_init_argv_1                     0x08000123   Thumb Code     0  libinit2.o(.ARM.Collect$$libinit$$0000002E)
    __rt_lib_init_atexit_1                   0x08000123   Thumb Code     0  libinit2.o(.ARM.Collect$$libinit$$0000001D)
    __rt_lib_init_clock_1                    0x08000123   Thumb Code     0  libinit2.o(.ARM.Collect$$libinit$$00000023)
    __rt_lib_init_cpp_1                      0x08000123   Thumb Code     0  libinit2.o(.ARM.Collect$$libinit$$00000034)
    __rt_lib_init_exceptions_1               0x08000123   Thumb Code     0  libinit2.o(.ARM.Collect$$libinit$$00000032)
    __rt_lib_init_fp_1                       0x08000123   Thumb Code     0  libinit2.o(.ARM.Collect$$libinit$$00000002)
    __rt_lib_init_fp_trap_1                  0x08000123   Thumb Code     0  libinit2.o(.ARM.Collect$$libinit$$00000021)
    __rt_lib_init_getenv_1                   0x08000123   Thumb Code     0  libinit2.o(.ARM.Collect$$libinit$$00000025)
    __rt_lib_init_heap_1                     0x08000123   Thumb Code     0  libinit2.o(.ARM.Collect$$libinit$$0000000C)
    __rt_lib_init_lc_collate_1               0x08000123   Thumb Code     0  libinit2.o(.ARM.Collect$$libinit$$00000013)
    __rt_lib_init_lc_ctype_1                 0x08000123   Thumb Code     0  libinit2.o(.ARM.Collect$$libinit$$00000015)
    __rt_lib_init_lc_monetary_1              0x08000123   Thumb Code     0  libinit2.o(.ARM.Collect$$libinit$$00000017)
    __rt_lib_init_lc_numeric_1               0x08000123   Thumb Code     0  libinit2.o(.ARM.Collect$$libinit$$00000019)
    __rt_lib_init_lc_time_1                  0x08000123   Thumb Code     0  libinit2.o(.ARM.Collect$$libinit$$0000001B)
    __rt_lib_init_preinit_1                  0x08000123   Thumb Code     0  libinit2.o(.ARM.Collect$$libinit$$00000006)
    __rt_lib_init_rand_1                     0x08000123   Thumb Code     0  libinit2.o(.ARM.Collect$$libinit$$00000010)
    __rt_lib_init_relocate_pie_1             0x08000123   Thumb Code     0  libinit2.o(.ARM.Collect$$libinit$$00000004)
    __rt_lib_init_return                     0x08000123   Thumb Code     0  libinit2.o(.ARM.Collect$$libinit$$00000035)
    __rt_lib_init_signal_1                   0x08000123   Thumb Code     0  libinit2.o(.ARM.Collect$$libinit$$0000001F)
    __rt_lib_init_stdio_1                    0x08000123   Thumb Code     0  libinit2.o(.ARM.Collect$$libinit$$00000027)
    __rt_lib_init_user_alloc_1               0x08000123   Thumb Code     0  libinit2.o(.ARM.Collect$$libinit$$0000000E)
    __rt_lib_shutdown                        0x08000125   Thumb Code     0  libshutdown.o(.ARM.Collect$$libshutdown$$00000000)
    __rt_lib_shutdown_cpp_1                  0x08000127   Thumb Code     0  libshutdown2.o(.ARM.Collect$$libshutdown$$00000002)
    __rt_lib_shutdown_fp_trap_1              0x08000127   Thumb Code     0  libshutdown2.o(.ARM.Collect$$libshutdown$$00000007)
    __rt_lib_shutdown_heap_1                 0x08000127   Thumb Code     0  libshutdown2.o(.ARM.Collect$$libshutdown$$0000000F)
    __rt_lib_shutdown_return                 0x08000127   Thumb Code     0  libshutdown2.o(.ARM.Collect$$libshutdown$$00000010)
    __rt_lib_shutdown_signal_1               0x08000127   Thumb Code     0  libshutdown2.o(.ARM.Collect$$libshutdown$$0000000A)
    __rt_lib_shutdown_stdio_1                0x08000127   Thumb Code     0  libshutdown2.o(.ARM.Collect$$libshutdown$$00000004)
    __rt_lib_shutdown_user_alloc_1           0x08000127   Thumb Code     0  libshutdown2.o(.ARM.Collect$$libshutdown$$0000000C)
    __rt_entry                               0x08000129   Thumb Code     0  __rtentry.o(.ARM.Collect$$rtentry$$00000000)
    __rt_entry_presh_1                       0x08000129   Thumb Code     0  __rtentry2.o(.ARM.Collect$$rtentry$$00000002)
    __rt_entry_sh                            0x08000129   Thumb Code     0  __rtentry4.o(.ARM.Collect$$rtentry$$00000004)
    __rt_entry_li                            0x0800012f   Thumb Code     0  __rtentry2.o(.ARM.Collect$$rtentry$$0000000A)
    __rt_entry_postsh_1                      0x0800012f   Thumb Code     0  __rtentry2.o(.ARM.Collect$$rtentry$$00000009)
    __rt_entry_main                          0x08000133   Thumb Code     0  __rtentry2.o(.ARM.Collect$$rtentry$$0000000D)
    __rt_entry_postli_1                      0x08000133   Thumb Code     0  __rtentry2.o(.ARM.Collect$$rtentry$$0000000C)
    __rt_exit                                0x0800013b   Thumb Code     0  rtexit.o(.ARM.Collect$$rtexit$$00000000)
    __rt_exit_ls                             0x0800013d   Thumb Code     0  rtexit2.o(.ARM.Collect$$rtexit$$00000003)
    __rt_exit_prels_1                        0x0800013d   Thumb Code     0  rtexit2.o(.ARM.Collect$$rtexit$$00000002)
    __rt_exit_exit                           0x08000141   Thumb Code     0  rtexit2.o(.ARM.Collect$$rtexit$$00000004)
    __aeabi_memcpy4                          0x08000149   Thumb Code    56  rt_memcpy.o(.emb_text)
    __aeabi_memcpy8                          0x08000149   Thumb Code     0  rt_memcpy.o(.emb_text)
    Reset_Handler                            0x08000181   Thumb Code    38  startup_stm32f042x6.o(.text)
    ADC1_IRQHandler                          0x080001b1   Thumb Code     0  startup_stm32f042x6.o(.text)
    CEC_CAN_IRQHandler                       0x080001b1   Thumb Code     0  startup_stm32f042x6.o(.text)
    DMA1_Channel2_3_IRQHandler               0x080001b1   Thumb Code     0  startup_stm32f042x6.o(.text)
    EXTI0_1_IRQHandler                       0x080001b1   Thumb Code     0  startup_stm32f042x6.o(.text)
    EXTI2_3_IRQHandler                       0x080001b1   Thumb Code     0  startup_stm32f042x6.o(.text)
    EXTI4_15_IRQHandler                      0x080001b1   Thumb Code     0  startup_stm32f042x6.o(.text)
    FLASH_IRQHandler                         0x080001b1   Thumb Code     0  startup_stm32f042x6.o(.text)
    I2C1_IRQHandler                          0x080001b1   Thumb Code     0  startup_stm32f042x6.o(.text)
    PVD_VDDIO2_IRQHandler                    0x080001b1   Thumb Code     0  startup_stm32f042x6.o(.text)
    RCC_CRS_IRQHandler                       0x080001b1   Thumb Code     0  startup_stm32f042x6.o(.text)
    RTC_IRQHandler                           0x080001b1   Thumb Code     0  startup_stm32f042x6.o(.text)
    SPI1_IRQHandler                          0x080001b1   Thumb Code     0  startup_stm32f042x6.o(.text)
    SPI2_IRQHandler                          0x080001b1   Thumb Code     0  startup_stm32f042x6.o(.text)
    TIM16_IRQHandler                         0x080001b1   Thumb Code     0  startup_stm32f042x6.o(.text)
    TIM17_IRQHandler                         0x080001b1   Thumb Code     0  startup_stm32f042x6.o(.text)
    TIM1_BRK_UP_TRG_COM_IRQHandler           0x080001b1   Thumb Code     0  startup_stm32f042x6.o(.text)
    TIM1_CC_IRQHandler                       0x080001b1   Thumb Code     0  startup_stm32f042x6.o(.text)
    TIM2_IRQHandler                          0x080001b1   Thumb Code     0  startup_stm32f042x6.o(.text)
    TIM3_IRQHandler                          0x080001b1   Thumb Code     0  startup_stm32f042x6.o(.text)
    TSC_IRQHandler                           0x080001b1   Thumb Code     0  startup_stm32f042x6.o(.text)
    USART1_IRQHandler                        0x080001b1   Thumb Code     0  startup_stm32f042x6.o(.text)
    USART2_IRQHandler                        0x080001b1   Thumb Code     0  startup_stm32f042x6.o(.text)
    WWDG_IRQHandler                          0x080001b1   Thumb Code     0  startup_stm32f042x6.o(.text)
    __user_initial_stackheap                 0x080001b5   Thumb Code     0  startup_stm32f042x6.o(.text)
    __aeabi_uldivmod                         0x080001f5   Thumb Code   272  lludiv.o(.text)
    _ll_udiv                                 0x080001f5   Thumb Code     0  lludiv.o(.text)
    __aeabi_memcpy                           0x08000305   Thumb Code   130  rt_memcpy.o(.text)
    __rt_memcpy                              0x08000305   Thumb Code     0  rt_memcpy.o(.text)
    __aeabi_uidivmod                         0x08000389   Thumb Code    28  aeabi_sdivfast.o(.text)
    __aeabi_idivmod                          0x080003a5   Thumb Code   472  aeabi_sdivfast.o(.text)
    __use_two_region_memory                  0x08000581   Thumb Code     2  heapauxi.o(.text)
    __rt_heap_escrow$2region                 0x08000583   Thumb Code     2  heapauxi.o(.text)
    __rt_heap_expand$2region                 0x08000585   Thumb Code     2  heapauxi.o(.text)
    __user_setup_stackheap                   0x08000587   Thumb Code    62  sys_stackheap_outer.o(.text)
    exit                                     0x080005c5   Thumb Code    16  exit.o(.text)
    __user_libspace                          0x080005d5   Thumb Code     8  libspace.o(.text)
    __user_perproc_libspace                  0x080005d5   Thumb Code     0  libspace.o(.text)
    __user_perthread_libspace                0x080005d5   Thumb Code     0  libspace.o(.text)
    _sys_exit                                0x080005dd   Thumb Code     8  sys_exit.o(.text)
    __I$use$semihosting                      0x080005e9   Thumb Code     0  use_no_semi.o(.text)
    __use_no_semihosting_swi                 0x080005e9   Thumb Code     2  use_no_semi.o(.text)
    __decompress                             0x080005eb   Thumb Code     0  __dczerorl2.o(.text)
    __decompress1                            0x080005eb   Thumb Code    86  __dczerorl2.o(.text)
    __semihosting_library_function           0x080005eb   Thumb Code     0  indicate_semi.o(.text)
    ADC_Get_Current                          0x08000791   Thumb Code   236  bsp_adc.o(.text.ADC_Get_Current)
    ADC_Start                                0x08000885   Thumb Code    16  bsp_adc.o(.text.ADC_Start)
    CDC_Transmit_FS                          0x08000931   Thumb Code    52  usbd_cdc_if.o(.text.CDC_Transmit_FS)
    DMA1_Channel1_IRQHandler                 0x08000969   Thumb Code    12  stm32f0xx_it.o(.text.DMA1_Channel1_IRQHandler)
    DMA1_Channel4_5_IRQHandler               0x08000979   Thumb Code    16  stm32f0xx_it.o(.text.DMA1_Channel4_5_IRQHandler)
    Error_Handler                            0x08000991   Thumb Code     8  main.o(.text.Error_Handler)
    HAL_ADCEx_Calibration_Start              0x08000999   Thumb Code   174  stm32f0xx_hal_adc_ex.o(.text.HAL_ADCEx_Calibration_Start)
    HAL_ADC_ConfigChannel                    0x08000a49   Thumb Code   300  stm32f0xx_hal_adc.o(.text.HAL_ADC_ConfigChannel)
    HAL_ADC_ConvCpltCallback                 0x08000b91   Thumb Code    60  bsp_adc.o(.text.HAL_ADC_ConvCpltCallback)
    HAL_ADC_ConvHalfCpltCallback             0x08000bd1   Thumb Code     2  stm32f0xx_hal_adc.o(.text.HAL_ADC_ConvHalfCpltCallback)
    HAL_ADC_ErrorCallback                    0x08000bd3   Thumb Code     2  stm32f0xx_hal_adc.o(.text.HAL_ADC_ErrorCallback)
    HAL_ADC_Init                             0x08000bd5   Thumb Code   336  stm32f0xx_hal_adc.o(.text.HAL_ADC_Init)
    HAL_ADC_MspInit                          0x08000d2d   Thumb Code   132  adc.o(.text.HAL_ADC_MspInit)
    HAL_ADC_Start_DMA                        0x08000dc1   Thumb Code   148  stm32f0xx_hal_adc.o(.text.HAL_ADC_Start_DMA)
    HAL_DMA_IRQHandler                       0x08000e65   Thumb Code   212  stm32f0xx_hal_dma.o(.text.HAL_DMA_IRQHandler)
    HAL_DMA_Init                             0x08000f39   Thumb Code   112  stm32f0xx_hal_dma.o(.text.HAL_DMA_Init)
    HAL_DMA_Start_IT                         0x08000fb5   Thumb Code   130  stm32f0xx_hal_dma.o(.text.HAL_DMA_Start_IT)
    HAL_Delay                                0x08001039   Thumb Code    32  stm32f0xx_hal.o(.text.HAL_Delay)
    HAL_GPIO_DeInit                          0x08001059   Thumb Code   244  stm32f0xx_hal_gpio.o(.text.HAL_GPIO_DeInit)
    HAL_GPIO_Init                            0x0800114d   Thumb Code   460  stm32f0xx_hal_gpio.o(.text.HAL_GPIO_Init)
    HAL_GPIO_TogglePin                       0x08001329   Thumb Code    16  stm32f0xx_hal_gpio.o(.text.HAL_GPIO_TogglePin)
    HAL_GPIO_WritePin                        0x08001339   Thumb Code    16  stm32f0xx_hal_gpio.o(.text.HAL_GPIO_WritePin)
    HAL_GetTick                              0x08001349   Thumb Code     8  stm32f0xx_hal.o(.text.HAL_GetTick)
    HAL_IncTick                              0x08001351   Thumb Code    16  stm32f0xx_hal.o(.text.HAL_IncTick)
    HAL_Init                                 0x08001365   Thumb Code    28  stm32f0xx_hal.o(.text.HAL_Init)
    HAL_InitTick                             0x08001385   Thumb Code    60  stm32f0xx_hal.o(.text.HAL_InitTick)
    HAL_MspInit                              0x080013c9   Thumb Code    52  stm32f0xx_hal_msp.o(.text.HAL_MspInit)
    HAL_NVIC_EnableIRQ                       0x08001405   Thumb Code    20  stm32f0xx_hal_cortex.o(.text.HAL_NVIC_EnableIRQ)
    HAL_NVIC_SetPriority                     0x0800141d   Thumb Code    56  stm32f0xx_hal_cortex.o(.text.HAL_NVIC_SetPriority)
    HAL_PCDEx_ActivateLPM                    0x0800145d   Thumb Code    38  stm32f0xx_hal_pcd_ex.o(.text.HAL_PCDEx_ActivateLPM)
    HAL_PCDEx_LPM_Callback                   0x08001483   Thumb Code     2  stm32f0xx_hal_pcd_ex.o(.text.HAL_PCDEx_LPM_Callback)
    HAL_PCDEx_PMAConfig                      0x08001485   Thumb Code    56  stm32f0xx_hal_pcd_ex.o(.text.HAL_PCDEx_PMAConfig)
    HAL_PCD_DataInStageCallback              0x080014bd   Thumb Code    24  usbd_conf.o(.text.HAL_PCD_DataInStageCallback)
    HAL_PCD_DataOutStageCallback             0x080014d5   Thumb Code    28  usbd_conf.o(.text.HAL_PCD_DataOutStageCallback)
    HAL_PCD_EP_Close                         0x080014f1   Thumb Code    78  stm32f0xx_hal_pcd.o(.text.HAL_PCD_EP_Close)
    HAL_PCD_EP_ClrStall                      0x0800153f   Thumb Code    96  stm32f0xx_hal_pcd.o(.text.HAL_PCD_EP_ClrStall)
    HAL_PCD_EP_GetRxCount                    0x0800159f   Thumb Code    18  stm32f0xx_hal_pcd.o(.text.HAL_PCD_EP_GetRxCount)
    HAL_PCD_EP_Open                          0x080015b1   Thumb Code    90  stm32f0xx_hal_pcd.o(.text.HAL_PCD_EP_Open)
    HAL_PCD_EP_Receive                       0x0800160b   Thumb Code    40  stm32f0xx_hal_pcd.o(.text.HAL_PCD_EP_Receive)
    HAL_PCD_EP_SetStall                      0x08001633   Thumb Code    90  stm32f0xx_hal_pcd.o(.text.HAL_PCD_EP_SetStall)
    HAL_PCD_EP_Transmit                      0x0800168d   Thumb Code    44  stm32f0xx_hal_pcd.o(.text.HAL_PCD_EP_Transmit)
    HAL_PCD_IRQHandler                       0x080016b9   Thumb Code  2396  stm32f0xx_hal_pcd.o(.text.HAL_PCD_IRQHandler)
    HAL_PCD_Init                             0x08002041   Thumb Code   600  stm32f0xx_hal_pcd.o(.text.HAL_PCD_Init)
    HAL_PCD_MspInit                          0x08002299   Thumb Code    60  usbd_conf.o(.text.HAL_PCD_MspInit)
    HAL_PCD_ResetCallback                    0x080022dd   Thumb Code    34  usbd_conf.o(.text.HAL_PCD_ResetCallback)
    HAL_PCD_ResumeCallback                   0x08002301   Thumb Code    36  usbd_conf.o(.text.HAL_PCD_ResumeCallback)
    HAL_PCD_SOFCallback                      0x08002325   Thumb Code    14  usbd_conf.o(.text.HAL_PCD_SOFCallback)
    HAL_PCD_SetAddress                       0x08002333   Thumb Code    36  stm32f0xx_hal_pcd.o(.text.HAL_PCD_SetAddress)
    HAL_PCD_SetupStageCallback               0x08002357   Thumb Code    22  usbd_conf.o(.text.HAL_PCD_SetupStageCallback)
    HAL_PCD_Start                            0x0800236d   Thumb Code    42  stm32f0xx_hal_pcd.o(.text.HAL_PCD_Start)
    HAL_PCD_SuspendCallback                  0x08002399   Thumb Code    32  usbd_conf.o(.text.HAL_PCD_SuspendCallback)
    HAL_RCCEx_PeriphCLKConfig                0x080023bd   Thumb Code   292  stm32f0xx_hal_rcc_ex.o(.text.HAL_RCCEx_PeriphCLKConfig)
    HAL_RCC_ClockConfig                      0x080024ed   Thumb Code   344  stm32f0xx_hal_rcc.o(.text.HAL_RCC_ClockConfig)
    HAL_RCC_MCOConfig                        0x08002669   Thumb Code    76  stm32f0xx_hal_rcc.o(.text.HAL_RCC_MCOConfig)
    HAL_RCC_OscConfig                        0x080026b9   Thumb Code  1184  stm32f0xx_hal_rcc.o(.text.HAL_RCC_OscConfig)
    HAL_SYSTICK_Config                       0x08002b61   Thumb Code    40  stm32f0xx_hal_cortex.o(.text.HAL_SYSTICK_Config)
    HAL_TIMEx_BreakCallback                  0x08002b95   Thumb Code     2  stm32f0xx_hal_tim_ex.o(.text.HAL_TIMEx_BreakCallback)
    HAL_TIMEx_CommutCallback                 0x08002b97   Thumb Code     2  stm32f0xx_hal_tim_ex.o(.text.HAL_TIMEx_CommutCallback)
    HAL_TIMEx_MasterConfigSynchronization    0x08002b99   Thumb Code    76  stm32f0xx_hal_tim_ex.o(.text.HAL_TIMEx_MasterConfigSynchronization)
    HAL_TIM_Base_Init                        0x08002be5   Thumb Code   212  stm32f0xx_hal_tim.o(.text.HAL_TIM_Base_Init)
    HAL_TIM_Base_MspInit                     0x08002cc5   Thumb Code   272  tim.o(.text.HAL_TIM_Base_MspInit)
    HAL_TIM_Base_Start_IT                    0x08002de5   Thumb Code    72  stm32f0xx_hal_tim.o(.text.HAL_TIM_Base_Start_IT)
    HAL_TIM_ConfigClockSource                0x08002e35   Thumb Code   344  stm32f0xx_hal_tim.o(.text.HAL_TIM_ConfigClockSource)
    HAL_TIM_ErrorCallback                    0x08002f91   Thumb Code     2  stm32f0xx_hal_tim.o(.text.HAL_TIM_ErrorCallback)
    HAL_TIM_IC_CaptureCallback               0x08002f95   Thumb Code    28  gnd_scan.o(.text.HAL_TIM_IC_CaptureCallback)
    HAL_TIM_IC_ConfigChannel                 0x08002fb9   Thumb Code   372  stm32f0xx_hal_tim.o(.text.HAL_TIM_IC_ConfigChannel)
    HAL_TIM_IC_Init                          0x08003139   Thumb Code   212  stm32f0xx_hal_tim.o(.text.HAL_TIM_IC_Init)
    HAL_TIM_IC_MspInit                       0x0800321d   Thumb Code     2  stm32f0xx_hal_tim.o(.text.HAL_TIM_IC_MspInit)
    HAL_TIM_IC_Start_IT                      0x08003221   Thumb Code   196  stm32f0xx_hal_tim.o(.text.HAL_TIM_IC_Start_IT)
    HAL_TIM_IRQHandler                       0x080032f1   Thumb Code   442  stm32f0xx_hal_tim.o(.text.HAL_TIM_IRQHandler)
    HAL_TIM_OC_DelayElapsedCallback          0x080034ab   Thumb Code     2  stm32f0xx_hal_tim.o(.text.HAL_TIM_OC_DelayElapsedCallback)
    HAL_TIM_PWM_ConfigChannel                0x080034ad   Thumb Code   616  stm32f0xx_hal_tim.o(.text.HAL_TIM_PWM_ConfigChannel)
    HAL_TIM_PWM_Init                         0x08003719   Thumb Code   212  stm32f0xx_hal_tim.o(.text.HAL_TIM_PWM_Init)
    HAL_TIM_PWM_MspInit                      0x080037f9   Thumb Code     2  stm32f0xx_hal_tim.o(.text.HAL_TIM_PWM_MspInit)
    HAL_TIM_PWM_PulseFinishedCallback        0x080037fb   Thumb Code     2  stm32f0xx_hal_tim.o(.text.HAL_TIM_PWM_PulseFinishedCallback)
    HAL_TIM_PWM_PulseFinishedHalfCpltCallback 0x080037fd   Thumb Code     2  stm32f0xx_hal_tim.o(.text.HAL_TIM_PWM_PulseFinishedHalfCpltCallback)
    HAL_TIM_PWM_Start_DMA                    0x08003801   Thumb Code   440  stm32f0xx_hal_tim.o(.text.HAL_TIM_PWM_Start_DMA)
    HAL_TIM_PeriodElapsedCallback            0x080039d9   Thumb Code   200  gnd_scan.o(.text.HAL_TIM_PeriodElapsedCallback)
    HAL_TIM_SlaveConfigSynchro               0x08003ab5   Thumb Code    78  stm32f0xx_hal_tim.o(.text.HAL_TIM_SlaveConfigSynchro)
    HAL_TIM_TriggerCallback                  0x08003b03   Thumb Code     2  stm32f0xx_hal_tim.o(.text.HAL_TIM_TriggerCallback)
    HardFault_Handler                        0x08003b05   Thumb Code     2  stm32f0xx_it.o(.text.HardFault_Handler)
    MX_ADC_Init                              0x08003b09   Thumb Code   108  adc.o(.text.MX_ADC_Init)
    MX_DMA_Init                              0x08003b7d   Thumb Code    64  dma.o(.text.MX_DMA_Init)
    MX_GPIO_Init                             0x08003bbd   Thumb Code   128  gpio.o(.text.MX_GPIO_Init)
    MX_TIM14_Init                            0x08003c41   Thumb Code    84  tim.o(.text.MX_TIM14_Init)
    MX_TIM2_Init                             0x08003ca1   Thumb Code   232  tim.o(.text.MX_TIM2_Init)
    MX_TIM3_Init                             0x08003d8d   Thumb Code   268  tim.o(.text.MX_TIM3_Init)
    MX_USB_DEVICE_Init                       0x08003ea5   Thumb Code    68  usb_device.o(.text.MX_USB_DEVICE_Init)
    Motor_MIX_Current_Limit                  0x08003ef9   Thumb Code   172  motor_control.o(.text.Motor_MIX_Current_Limit)
    Motor_MIX_SPEED_Set                      0x08003fa9   Thumb Code    28  motor_control.o(.text.Motor_MIX_SPEED_Set)
    Motor_SPRAY_Current_Limit                0x08003fcd   Thumb Code   172  motor_control.o(.text.Motor_SPRAY_Current_Limit)
    Motor_SPRAY_SPEED_Set                    0x0800408d   Thumb Code    28  motor_control.o(.text.Motor_SPRAY_SPEED_Set)
    NMI_Handler                              0x080040b1   Thumb Code     2  stm32f0xx_it.o(.text.NMI_Handler)
    PendSV_Handler                           0x080040b3   Thumb Code     2  stm32f0xx_it.o(.text.PendSV_Handler)
    SVC_Handler                              0x080040b5   Thumb Code     2  stm32f0xx_it.o(.text.SVC_Handler)
    SysTick_Handler                          0x080040b7   Thumb Code     8  stm32f0xx_it.o(.text.SysTick_Handler)
    SystemClock_Config                       0x080040bf   Thumb Code   144  main.o(.text.SystemClock_Config)
    SystemInit                               0x0800414f   Thumb Code     2  system_stm32f0xx.o(.text.SystemInit)
    TIM14_IRQHandler                         0x08004151   Thumb Code    12  stm32f0xx_it.o(.text.TIM14_IRQHandler)
    TIM_DMADelayPulseHalfCplt                0x080041c9   Thumb Code    56  stm32f0xx_hal_tim.o(.text.TIM_DMADelayPulseHalfCplt)
    TIM_DMAError                             0x08004201   Thumb Code    86  stm32f0xx_hal_tim.o(.text.TIM_DMAError)
    USBD_CDC_GetDeviceQualifierDescriptor    0x08004431   Thumb Code     8  usbd_cdc.o(.text.USBD_CDC_GetDeviceQualifierDescriptor)
    USBD_CDC_ReceivePacket                   0x080044e7   Thumb Code    44  usbd_cdc.o(.text.USBD_CDC_ReceivePacket)
    USBD_CDC_RegisterInterface               0x08004513   Thumb Code    18  usbd_cdc.o(.text.USBD_CDC_RegisterInterface)
    USBD_CDC_SetRxBuffer                     0x08004525   Thumb Code    16  usbd_cdc.o(.text.USBD_CDC_SetRxBuffer)
    USBD_CDC_SetTxBuffer                     0x08004535   Thumb Code    20  usbd_cdc.o(.text.USBD_CDC_SetTxBuffer)
    USBD_CDC_TransmitPacket                  0x0800460d   Thumb Code    54  usbd_cdc.o(.text.USBD_CDC_TransmitPacket)
    USBD_ClrClassConfig                      0x08004643   Thumb Code    16  usbd_core.o(.text.USBD_ClrClassConfig)
    USBD_CtlContinueRx                       0x08004653   Thumb Code    18  usbd_ioreq.o(.text.USBD_CtlContinueRx)
    USBD_CtlContinueSendData                 0x08004665   Thumb Code    18  usbd_ioreq.o(.text.USBD_CtlContinueSendData)
    USBD_CtlError                            0x08004677   Thumb Code    20  usbd_ctlreq.o(.text.USBD_CtlError)
    USBD_CtlPrepareRx                        0x0800468b   Thumb Code    36  usbd_ioreq.o(.text.USBD_CtlPrepareRx)
    USBD_CtlReceiveStatus                    0x080046af   Thumb Code    26  usbd_ioreq.o(.text.USBD_CtlReceiveStatus)
    USBD_CtlSendData                         0x080046c9   Thumb Code    30  usbd_ioreq.o(.text.USBD_CtlSendData)
    USBD_CtlSendStatus                       0x080046e7   Thumb Code    26  usbd_ioreq.o(.text.USBD_CtlSendStatus)
    USBD_FS_ConfigStrDescriptor              0x08004701   Thumb Code    20  usbd_desc.o(.text.USBD_FS_ConfigStrDescriptor)
    USBD_FS_DeviceDescriptor                 0x08004721   Thumb Code     8  usbd_desc.o(.text.USBD_FS_DeviceDescriptor)
    USBD_FS_InterfaceStrDescriptor           0x0800472d   Thumb Code    20  usbd_desc.o(.text.USBD_FS_InterfaceStrDescriptor)
    USBD_FS_LangIDStrDescriptor              0x08004751   Thumb Code     8  usbd_desc.o(.text.USBD_FS_LangIDStrDescriptor)
    USBD_FS_ManufacturerStrDescriptor        0x0800475d   Thumb Code    20  usbd_desc.o(.text.USBD_FS_ManufacturerStrDescriptor)
    USBD_FS_ProductStrDescriptor             0x08004785   Thumb Code    20  usbd_desc.o(.text.USBD_FS_ProductStrDescriptor)
    USBD_FS_SerialStrDescriptor              0x080047b5   Thumb Code   264  usbd_desc.o(.text.USBD_FS_SerialStrDescriptor)
    USBD_GetString                           0x080048c5   Thumb Code   174  usbd_ctlreq.o(.text.USBD_GetString)
    USBD_Init                                0x08004973   Thumb Code    46  usbd_core.o(.text.USBD_Init)
    USBD_LL_ClearStallEP                     0x080049a1   Thumb Code    32  usbd_conf.o(.text.USBD_LL_ClearStallEP)
    USBD_LL_CloseEP                          0x080049c1   Thumb Code    32  usbd_conf.o(.text.USBD_LL_CloseEP)
    USBD_LL_DataInStage                      0x080049e1   Thumb Code   208  usbd_core.o(.text.USBD_LL_DataInStage)
    USBD_LL_DataOutStage                     0x08004ab1   Thumb Code   134  usbd_core.o(.text.USBD_LL_DataOutStage)
    USBD_LL_GetRxDataSize                    0x08004b37   Thumb Code    14  usbd_conf.o(.text.USBD_LL_GetRxDataSize)
    USBD_LL_Init                             0x08004b45   Thumb Code   124  usbd_conf.o(.text.USBD_LL_Init)
    USBD_LL_IsStallEP                        0x08004bc9   Thumb Code    36  usbd_conf.o(.text.USBD_LL_IsStallEP)
    USBD_LL_OpenEP                           0x08004bed   Thumb Code    40  usbd_conf.o(.text.USBD_LL_OpenEP)
    USBD_LL_PrepareReceive                   0x08004c15   Thumb Code    32  usbd_conf.o(.text.USBD_LL_PrepareReceive)
    USBD_LL_Reset                            0x08004c35   Thumb Code    84  usbd_core.o(.text.USBD_LL_Reset)
    USBD_LL_Resume                           0x08004c89   Thumb Code    20  usbd_core.o(.text.USBD_LL_Resume)
    USBD_LL_SOF                              0x08004c9d   Thumb Code    28  usbd_core.o(.text.USBD_LL_SOF)
    USBD_LL_SetSpeed                         0x08004cb9   Thumb Code     6  usbd_core.o(.text.USBD_LL_SetSpeed)
    USBD_LL_SetUSBAddress                    0x08004cc1   Thumb Code    32  usbd_conf.o(.text.USBD_LL_SetUSBAddress)
    USBD_LL_SetupStage                       0x08004ce1   Thumb Code   108  usbd_core.o(.text.USBD_LL_SetupStage)
    USBD_LL_StallEP                          0x08004d51   Thumb Code    32  usbd_conf.o(.text.USBD_LL_StallEP)
    USBD_LL_Start                            0x08004d71   Thumb Code    32  usbd_conf.o(.text.USBD_LL_Start)
    USBD_LL_Suspend                          0x08004d95   Thumb Code    18  usbd_core.o(.text.USBD_LL_Suspend)
    USBD_LL_Transmit                         0x08004da9   Thumb Code    32  usbd_conf.o(.text.USBD_LL_Transmit)
    USBD_ParseSetupRequest                   0x08004dcd   Thumb Code    40  usbd_ctlreq.o(.text.USBD_ParseSetupRequest)
    USBD_RegisterClass                       0x08004df5   Thumb Code    18  usbd_core.o(.text.USBD_RegisterClass)
    USBD_SetClassConfig                      0x08004e07   Thumb Code    28  usbd_core.o(.text.USBD_SetClassConfig)
    USBD_Start                               0x08004e23   Thumb Code    10  usbd_core.o(.text.USBD_Start)
    USBD_StdDevReq                           0x08004e2d   Thumb Code   624  usbd_ctlreq.o(.text.USBD_StdDevReq)
    USBD_StdEPReq                            0x080050a1   Thumb Code   356  usbd_ctlreq.o(.text.USBD_StdEPReq)
    USBD_StdItfReq                           0x08005205   Thumb Code   112  usbd_ctlreq.o(.text.USBD_StdItfReq)
    USBD_static_free                         0x08005275   Thumb Code     2  usbd_conf.o(.text.USBD_static_free)
    USBD_static_malloc                       0x08005279   Thumb Code     4  usbd_conf.o(.text.USBD_static_malloc)
    USB_ActivateEndpoint                     0x08005281   Thumb Code   540  stm32f0xx_ll_usb.o(.text.USB_ActivateEndpoint)
    USB_DeactivateEndpoint                   0x080054bd   Thumb Code   168  stm32f0xx_ll_usb.o(.text.USB_DeactivateEndpoint)
    USB_DevConnect                           0x0800556d   Thumb Code    16  stm32f0xx_ll_usb.o(.text.USB_DevConnect)
    USB_DevInit                              0x0800557d   Thumb Code    20  stm32f0xx_ll_usb.o(.text.USB_DevInit)
    USB_DisableGlobalInt                     0x08005591   Thumb Code    16  stm32f0xx_ll_usb.o(.text.USB_DisableGlobalInt)
    USB_EPClearStall                         0x080055a5   Thumb Code    92  stm32f0xx_ll_usb.o(.text.USB_EPClearStall)
    USB_EPSetStall                           0x08005611   Thumb Code    44  stm32f0xx_ll_usb.o(.text.USB_EPSetStall)
    USB_EPStartXfer                          0x0800564d   Thumb Code  2252  stm32f0xx_ll_usb.o(.text.USB_EPStartXfer)
    USB_EnableGlobalInt                      0x08005f31   Thumb Code    20  stm32f0xx_ll_usb.o(.text.USB_EnableGlobalInt)
    USB_IRQHandler                           0x08005f49   Thumb Code    12  stm32f0xx_it.o(.text.USB_IRQHandler)
    USB_ReadInterrupts                       0x08005f59   Thumb Code     6  stm32f0xx_ll_usb.o(.text.USB_ReadInterrupts)
    USB_ReadPMA                              0x08005f5f   Thumb Code   142  stm32f0xx_ll_usb.o(.text.USB_ReadPMA)
    USB_Rx_Parse                             0x08005fed   Thumb Code   216  usb.o(.text.USB_Rx_Parse)
    USB_SetDevAddress                        0x080060c9   Thumb Code    18  stm32f0xx_ll_usb.o(.text.USB_SetDevAddress)
    USB_SoftReset                            0x080060dd   Thumb Code    88  usb.o(.text.USB_SoftReset)
    USB_Tx_SendFrame                         0x08006139   Thumb Code    84  usb.o(.text.USB_Tx_SendFrame)
    USB_WritePMA                             0x08006195   Thumb Code   150  stm32f0xx_ll_usb.o(.text.USB_WritePMA)
    main                                     0x0800622d   Thumb Code   396  main.o(.text.main)
    __aeabi_uidiv                            0x080063f9   Thumb Code    68  aeabi_sdivfast.o(.text_divfast)
    __aeabi_idiv                             0x0800643d   Thumb Code   434  aeabi_sdivfast.o(.text_divfast)
    AHBPrescTable                            0x080065ee   Data          16  system_stm32f0xx.o(.rodata.AHBPrescTable)
    Region$$Table$$Base                      0x08006640   Number         0  anon$$obj.o(Region$$Table)
    Region$$Table$$Limit                     0x08006660   Number         0  anon$$obj.o(Region$$Table)
    uwTickFreq                               0x20000000   Data           1  stm32f0xx_hal.o(.data..L_MergedGlobals)
    uwTickPrio                               0x20000004   Data           4  stm32f0xx_hal.o(.data..L_MergedGlobals)
    FS_Desc                                  0x20000008   Data          28  usbd_desc.o(.data.FS_Desc)
    GND_State                                0x20000024   Data           1  gnd_scan.o(.data.GND_State)
    SystemCoreClock                          0x20000028   Data           4  system_stm32f0xx.o(.data.SystemCoreClock)
    USBD_CDC                                 0x2000002c   Data          56  usbd_cdc.o(.data.USBD_CDC)
    USBD_CDC_CfgFSDesc                       0x20000064   Data          67  usbd_cdc.o(.data.USBD_CDC_CfgFSDesc)
    USBD_CDC_CfgHSDesc                       0x200000a8   Data          67  usbd_cdc.o(.data.USBD_CDC_CfgHSDesc)
    USBD_CDC_OtherSpeedCfgDesc               0x200000f8   Data          67  usbd_cdc.o(.data.USBD_CDC_OtherSpeedCfgDesc)
    USBD_FS_DeviceDesc                       0x2000013c   Data          18  usbd_desc.o(.data.USBD_FS_DeviceDesc)
    USBD_Interface_fops_FS                   0x20000150   Data          16  usbd_cdc_if.o(.data.USBD_Interface_fops_FS)
    USBD_LangIDDesc                          0x20000160   Data           4  usbd_desc.o(.data.USBD_LangIDDesc)
    USBD_StringSerial                        0x20000164   Data          26  usbd_desc.o(.data.USBD_StringSerial)
    __libspace_start                         0x20000180   Data          96  libspace.o(.bss)
    __temporary_stack_top$libspace           0x200001e0   Data           0  libspace.o(.bss)
    system_state_data                        0x200001ea   Data          10  usb.o(.bss..L_MergedGlobals)
    start_flag                               0x200001f4   Data           1  motor_control.o(.bss..L_MergedGlobals)
    LED_flag                                 0x200001fc   Data           1  gnd_scan.o(.bss..L_MergedGlobals)
    TX_flag                                  0x200001fd   Data           1  gnd_scan.o(.bss..L_MergedGlobals)
    Current_flag                             0x200001fe   Data           1  gnd_scan.o(.bss..L_MergedGlobals)
    Sec_Cnt                                  0x200001ff   Data           1  gnd_scan.o(.bss..L_MergedGlobals)
    MS_Cnt                                   0x20000200   Data           2  gnd_scan.o(.bss..L_MergedGlobals)
    pulse_count                              0x20000202   Data           2  gnd_scan.o(.bss..L_MergedGlobals)
    motor1_cur                               0x2000020c   Data           2  bsp_adc.o(.bss..L_MergedGlobals)
    motor2_cur                               0x2000020e   Data           2  bsp_adc.o(.bss..L_MergedGlobals)
    adc_cnt                                  0x20000214   Data           4  bsp_adc.o(.bss..L_MergedGlobals)
    ADC1_Sum                                 0x20000220   Data           8  bsp_adc.o(.bss..L_MergedGlobals)
    ADC2_Sum                                 0x20000228   Data           8  bsp_adc.o(.bss..L_MergedGlobals)
    USBD_StrDesc                             0x20000274   Data         512  usbd_desc.o(.bss.USBD_StrDesc)
    USB_Receive_flag                         0x20000694   Data           1  usb.o(.bss.USB_Receive_flag)
    UserRxBufferFS                           0x20000695   Data          64  usbd_cdc_if.o(.bss.UserRxBufferFS)
    UserTxBufferFS                           0x200006d5   Data          64  usbd_cdc_if.o(.bss.UserTxBufferFS)
    hUsbDeviceFS                             0x20000718   Data         708  usb_device.o(.bss.hUsbDeviceFS)
    hadc                                     0x200009dc   Data          64  adc.o(.bss.hadc)
    hdma_adc                                 0x20000a1c   Data          68  adc.o(.bss.hdma_adc)
    hdma_tim2_ch1                            0x20000a60   Data          68  tim.o(.bss.hdma_tim2_ch1)
    hdma_tim3_ch1_trig                       0x20000aa4   Data          68  tim.o(.bss.hdma_tim3_ch1_trig)
    hpcd_USB_FS                              0x20000ae8   Data         732  usbd_conf.o(.bss.hpcd_USB_FS)
    htim14                                   0x20000dc4   Data          72  tim.o(.bss.htim14)
    htim2                                    0x20000e0c   Data          72  tim.o(.bss.htim2)
    htim3                                    0x20000e54   Data          72  tim.o(.bss.htim3)
    mix_pwm_duty                             0x20000e9c   Data           2  motor_control.o(.bss.mix_pwm_duty)
    spray_pwm_duty                           0x20000ea0   Data           4  motor_control.o(.bss.spray_pwm_duty)
    usb_Receive_Len                          0x20000ea4   Data           4  usb.o(.bss.usb_Receive_Len)
    usb_Receive_buf                          0x20000ea8   Data           9  usb.o(.bss.usb_Receive_buf)
    uwTick                                   0x20000ebc   Data           4  stm32f0xx_hal.o(.bss.uwTick)



==============================================================================

Memory Map of the image

  Image Entry point : 0x080000c1

  Load Region LR_IROM1 (Base: 0x08000000, Size: 0x000067e0, Max: 0x00008000, ABSOLUTE, COMPRESSED[0x00006720])

    Execution Region ER_IROM1 (Exec base: 0x08000000, Load base: 0x08000000, Size: 0x00006660, Max: 0x00008000, ABSOLUTE)

    Exec Addr    Load Addr    Size         Type   Attr      Idx    E Section Name        Object

    0x08000000   0x08000000   0x000000c0   Data   RO            3    RESET               startup_stm32f042x6.o
    0x080000c0   0x080000c0   0x00000008   Code   RO         1544  * !!!main             c_p.l(__main.o)
    0x080000c8   0x080000c8   0x0000003c   Code   RO         1727    !!!scatter          c_p.l(__scatter.o)
    0x08000104   0x08000104   0x0000001c   Code   RO         1729    !!handler_zi        c_p.l(__scatter_zi.o)
    0x08000120   0x08000120   0x00000002   Code   RO         1586    .ARM.Collect$$libinit$$00000000  c_p.l(libinit.o)
    0x08000122   0x08000122   0x00000000   Code   RO         1600    .ARM.Collect$$libinit$$00000002  c_p.l(libinit2.o)
    0x08000122   0x08000122   0x00000000   Code   RO         1602    .ARM.Collect$$libinit$$00000004  c_p.l(libinit2.o)
    0x08000122   0x08000122   0x00000000   Code   RO         1604    .ARM.Collect$$libinit$$00000006  c_p.l(libinit2.o)
    0x08000122   0x08000122   0x00000000   Code   RO         1607    .ARM.Collect$$libinit$$0000000C  c_p.l(libinit2.o)
    0x08000122   0x08000122   0x00000000   Code   RO         1609    .ARM.Collect$$libinit$$0000000E  c_p.l(libinit2.o)
    0x08000122   0x08000122   0x00000000   Code   RO         1611    .ARM.Collect$$libinit$$00000010  c_p.l(libinit2.o)
    0x08000122   0x08000122   0x00000000   Code   RO         1614    .ARM.Collect$$libinit$$00000013  c_p.l(libinit2.o)
    0x08000122   0x08000122   0x00000000   Code   RO         1616    .ARM.Collect$$libinit$$00000015  c_p.l(libinit2.o)
    0x08000122   0x08000122   0x00000000   Code   RO         1618    .ARM.Collect$$libinit$$00000017  c_p.l(libinit2.o)
    0x08000122   0x08000122   0x00000000   Code   RO         1620    .ARM.Collect$$libinit$$00000019  c_p.l(libinit2.o)
    0x08000122   0x08000122   0x00000000   Code   RO         1622    .ARM.Collect$$libinit$$0000001B  c_p.l(libinit2.o)
    0x08000122   0x08000122   0x00000000   Code   RO         1624    .ARM.Collect$$libinit$$0000001D  c_p.l(libinit2.o)
    0x08000122   0x08000122   0x00000000   Code   RO         1626    .ARM.Collect$$libinit$$0000001F  c_p.l(libinit2.o)
    0x08000122   0x08000122   0x00000000   Code   RO         1628    .ARM.Collect$$libinit$$00000021  c_p.l(libinit2.o)
    0x08000122   0x08000122   0x00000000   Code   RO         1630    .ARM.Collect$$libinit$$00000023  c_p.l(libinit2.o)
    0x08000122   0x08000122   0x00000000   Code   RO         1632    .ARM.Collect$$libinit$$00000025  c_p.l(libinit2.o)
    0x08000122   0x08000122   0x00000000   Code   RO         1634    .ARM.Collect$$libinit$$00000027  c_p.l(libinit2.o)
    0x08000122   0x08000122   0x00000000   Code   RO         1638    .ARM.Collect$$libinit$$0000002E  c_p.l(libinit2.o)
    0x08000122   0x08000122   0x00000000   Code   RO         1640    .ARM.Collect$$libinit$$00000030  c_p.l(libinit2.o)
    0x08000122   0x08000122   0x00000000   Code   RO         1642    .ARM.Collect$$libinit$$00000032  c_p.l(libinit2.o)
    0x08000122   0x08000122   0x00000000   Code   RO         1644    .ARM.Collect$$libinit$$00000034  c_p.l(libinit2.o)
    0x08000122   0x08000122   0x00000002   Code   RO         1645    .ARM.Collect$$libinit$$00000035  c_p.l(libinit2.o)
    0x08000124   0x08000124   0x00000002   Code   RO         1680    .ARM.Collect$$libshutdown$$00000000  c_p.l(libshutdown.o)
    0x08000126   0x08000126   0x00000000   Code   RO         1708    .ARM.Collect$$libshutdown$$00000002  c_p.l(libshutdown2.o)
    0x08000126   0x08000126   0x00000000   Code   RO         1710    .ARM.Collect$$libshutdown$$00000004  c_p.l(libshutdown2.o)
    0x08000126   0x08000126   0x00000000   Code   RO         1713    .ARM.Collect$$libshutdown$$00000007  c_p.l(libshutdown2.o)
    0x08000126   0x08000126   0x00000000   Code   RO         1716    .ARM.Collect$$libshutdown$$0000000A  c_p.l(libshutdown2.o)
    0x08000126   0x08000126   0x00000000   Code   RO         1718    .ARM.Collect$$libshutdown$$0000000C  c_p.l(libshutdown2.o)
    0x08000126   0x08000126   0x00000000   Code   RO         1721    .ARM.Collect$$libshutdown$$0000000F  c_p.l(libshutdown2.o)
    0x08000126   0x08000126   0x00000002   Code   RO         1722    .ARM.Collect$$libshutdown$$00000010  c_p.l(libshutdown2.o)
    0x08000128   0x08000128   0x00000000   Code   RO         1546    .ARM.Collect$$rtentry$$00000000  c_p.l(__rtentry.o)
    0x08000128   0x08000128   0x00000000   Code   RO         1556    .ARM.Collect$$rtentry$$00000002  c_p.l(__rtentry2.o)
    0x08000128   0x08000128   0x00000006   Code   RO         1568    .ARM.Collect$$rtentry$$00000004  c_p.l(__rtentry4.o)
    0x0800012e   0x0800012e   0x00000000   Code   RO         1558    .ARM.Collect$$rtentry$$00000009  c_p.l(__rtentry2.o)
    0x0800012e   0x0800012e   0x00000004   Code   RO         1559    .ARM.Collect$$rtentry$$0000000A  c_p.l(__rtentry2.o)
    0x08000132   0x08000132   0x00000000   Code   RO         1561    .ARM.Collect$$rtentry$$0000000C  c_p.l(__rtentry2.o)
    0x08000132   0x08000132   0x00000008   Code   RO         1562    .ARM.Collect$$rtentry$$0000000D  c_p.l(__rtentry2.o)
    0x0800013a   0x0800013a   0x00000002   Code   RO         1591    .ARM.Collect$$rtexit$$00000000  c_p.l(rtexit.o)
    0x0800013c   0x0800013c   0x00000000   Code   RO         1651    .ARM.Collect$$rtexit$$00000002  c_p.l(rtexit2.o)
    0x0800013c   0x0800013c   0x00000004   Code   RO         1652    .ARM.Collect$$rtexit$$00000003  c_p.l(rtexit2.o)
    0x08000140   0x08000140   0x00000006   Code   RO         1653    .ARM.Collect$$rtexit$$00000004  c_p.l(rtexit2.o)
    0x08000146   0x08000146   0x00000002   PAD
    0x08000148   0x08000148   0x00000038   Code   RO         1530    .emb_text           c_p.l(rt_memcpy.o)
    0x08000180   0x08000180   0x00000074   Code   RO            4    .text               startup_stm32f042x6.o
    0x080001f4   0x080001f4   0x00000110   Code   RO         1528    .text               c_p.l(lludiv.o)
    0x08000304   0x08000304   0x00000082   Code   RO         1531    .text               c_p.l(rt_memcpy.o)
    0x08000386   0x08000386   0x00000002   PAD
    0x08000388   0x08000388   0x000001f8   Code   RO         1534    .text               c_p.l(aeabi_sdivfast.o)
    0x08000580   0x08000580   0x00000006   Code   RO         1542    .text               c_p.l(heapauxi.o)
    0x08000586   0x08000586   0x0000003e   Code   RO         1572    .text               c_p.l(sys_stackheap_outer.o)
    0x080005c4   0x080005c4   0x00000010   Code   RO         1575    .text               c_p.l(exit.o)
    0x080005d4   0x080005d4   0x00000008   Code   RO         1587    .text               c_p.l(libspace.o)
    0x080005dc   0x080005dc   0x0000000c   Code   RO         1646    .text               c_p.l(sys_exit.o)
    0x080005e8   0x080005e8   0x00000002   Code   RO         1669    .text               c_p.l(use_no_semi.o)
    0x080005ea   0x080005ea   0x00000000   Code   RO         1671    .text               c_p.l(indicate_semi.o)
    0x080005ea   0x080005ea   0x00000056   Code   RO         1725    .text               c_p.l(__dczerorl2.o)
    0x08000640   0x08000640   0x00000072   Code   RO          940    .text.ADC_DMAConvCplt  stm32f0xx_hal_adc.o
    0x080006b2   0x080006b2   0x0000001a   Code   RO          944    .text.ADC_DMAError  stm32f0xx_hal_adc.o
    0x080006cc   0x080006cc   0x0000000a   Code   RO          942    .text.ADC_DMAHalfConvCplt  stm32f0xx_hal_adc.o
    0x080006d6   0x080006d6   0x00000002   PAD
    0x080006d8   0x080006d8   0x000000b8   Code   RO          926    .text.ADC_Enable    stm32f0xx_hal_adc.o
    0x08000790   0x08000790   0x000000f4   Code   RO         1509    .text.ADC_Get_Current  bsp_adc.o
    0x08000884   0x08000884   0x00000018   Code   RO         1507    .text.ADC_Start     bsp_adc.o
    0x0800089c   0x0800089c   0x0000001e   Code   RO          155    .text.CDC_Control_FS  usbd_cdc_if.o
    0x080008ba   0x080008ba   0x00000004   Code   RO          153    .text.CDC_DeInit_FS  usbd_cdc_if.o
    0x080008be   0x080008be   0x00000002   PAD
    0x080008c0   0x080008c0   0x0000002c   Code   RO          151    .text.CDC_Init_FS   usbd_cdc_if.o
    0x080008ec   0x080008ec   0x00000044   Code   RO          157    .text.CDC_Receive_FS  usbd_cdc_if.o
    0x08000930   0x08000930   0x00000038   Code   RO          159    .text.CDC_Transmit_FS  usbd_cdc_if.o
    0x08000968   0x08000968   0x00000010   Code   RO           92    .text.DMA1_Channel1_IRQHandler  stm32f0xx_it.o
    0x08000978   0x08000978   0x00000018   Code   RO           94    .text.DMA1_Channel4_5_IRQHandler  stm32f0xx_it.o
    0x08000990   0x08000990   0x00000008   Code   RO           15    .text.Error_Handler  main.o
    0x08000998   0x08000998   0x000000ae   Code   RO          976    .text.HAL_ADCEx_Calibration_Start  stm32f0xx_hal_adc_ex.o
    0x08000a46   0x08000a46   0x00000002   PAD
    0x08000a48   0x08000a48   0x00000148   Code   RO          960    .text.HAL_ADC_ConfigChannel  stm32f0xx_hal_adc.o
    0x08000b90   0x08000b90   0x00000040   Code   RO         1511    .text.HAL_ADC_ConvCpltCallback  bsp_adc.o
    0x08000bd0   0x08000bd0   0x00000002   Code   RO          958    .text.HAL_ADC_ConvHalfCpltCallback  stm32f0xx_hal_adc.o
    0x08000bd2   0x08000bd2   0x00000002   Code   RO          956    .text.HAL_ADC_ErrorCallback  stm32f0xx_hal_adc.o
    0x08000bd4   0x08000bd4   0x00000158   Code   RO          916    .text.HAL_ADC_Init  stm32f0xx_hal_adc.o
    0x08000d2c   0x08000d2c   0x00000094   Code   RO           35    .text.HAL_ADC_MspInit  adc.o
    0x08000dc0   0x08000dc0   0x000000a4   Code   RO          938    .text.HAL_ADC_Start_DMA  stm32f0xx_hal_adc.o
    0x08000e64   0x08000e64   0x000000d4   Code   RO          727    .text.HAL_DMA_IRQHandler  stm32f0xx_hal_dma.o
    0x08000f38   0x08000f38   0x0000007c   Code   RO          713    .text.HAL_DMA_Init  stm32f0xx_hal_dma.o
    0x08000fb4   0x08000fb4   0x00000082   Code   RO          719    .text.HAL_DMA_Start_IT  stm32f0xx_hal_dma.o
    0x08001036   0x08001036   0x00000002   PAD
    0x08001038   0x08001038   0x00000020   Code   RO          479    .text.HAL_Delay     stm32f0xx_hal.o
    0x08001058   0x08001058   0x000000f4   Code   RO          691    .text.HAL_GPIO_DeInit  stm32f0xx_hal_gpio.o
    0x0800114c   0x0800114c   0x000001dc   Code   RO          689    .text.HAL_GPIO_Init  stm32f0xx_hal_gpio.o
    0x08001328   0x08001328   0x00000010   Code   RO          697    .text.HAL_GPIO_TogglePin  stm32f0xx_hal_gpio.o
    0x08001338   0x08001338   0x00000010   Code   RO          695    .text.HAL_GPIO_WritePin  stm32f0xx_hal_gpio.o
    0x08001348   0x08001348   0x00000008   Code   RO          471    .text.HAL_GetTick   stm32f0xx_hal.o
    0x08001350   0x08001350   0x00000014   Code   RO          469    .text.HAL_IncTick   stm32f0xx_hal.o
    0x08001364   0x08001364   0x00000020   Code   RO          459    .text.HAL_Init      stm32f0xx_hal.o
    0x08001384   0x08001384   0x00000044   Code   RO          461    .text.HAL_InitTick  stm32f0xx_hal.o
    0x080013c8   0x080013c8   0x0000003c   Code   RO          107    .text.HAL_MspInit   stm32f0xx_hal_msp.o
    0x08001404   0x08001404   0x00000018   Code   RO          747    .text.HAL_NVIC_EnableIRQ  stm32f0xx_hal_cortex.o
    0x0800141c   0x0800141c   0x00000040   Code   RO          745    .text.HAL_NVIC_SetPriority  stm32f0xx_hal_cortex.o
    0x0800145c   0x0800145c   0x00000026   Code   RO          378    .text.HAL_PCDEx_ActivateLPM  stm32f0xx_hal_pcd_ex.o
    0x08001482   0x08001482   0x00000002   Code   RO          382    .text.HAL_PCDEx_LPM_Callback  stm32f0xx_hal_pcd_ex.o
    0x08001484   0x08001484   0x00000038   Code   RO          368    .text.HAL_PCDEx_PMAConfig  stm32f0xx_hal_pcd_ex.o
    0x080014bc   0x080014bc   0x00000018   Code   RO          180    .text.HAL_PCD_DataInStageCallback  usbd_conf.o
    0x080014d4   0x080014d4   0x0000001c   Code   RO          178    .text.HAL_PCD_DataOutStageCallback  usbd_conf.o
    0x080014f0   0x080014f0   0x0000004e   Code   RO          338    .text.HAL_PCD_EP_Close  stm32f0xx_hal_pcd.o
    0x0800153e   0x0800153e   0x00000060   Code   RO          348    .text.HAL_PCD_EP_ClrStall  stm32f0xx_hal_pcd.o
    0x0800159e   0x0800159e   0x00000012   Code   RO          342    .text.HAL_PCD_EP_GetRxCount  stm32f0xx_hal_pcd.o
    0x080015b0   0x080015b0   0x0000005a   Code   RO          336    .text.HAL_PCD_EP_Open  stm32f0xx_hal_pcd.o
    0x0800160a   0x0800160a   0x00000028   Code   RO          340    .text.HAL_PCD_EP_Receive  stm32f0xx_hal_pcd.o
    0x08001632   0x08001632   0x0000005a   Code   RO          346    .text.HAL_PCD_EP_SetStall  stm32f0xx_hal_pcd.o
    0x0800168c   0x0800168c   0x0000002c   Code   RO          344    .text.HAL_PCD_EP_Transmit  stm32f0xx_hal_pcd.o
    0x080016b8   0x080016b8   0x00000988   Code   RO          306    .text.HAL_PCD_IRQHandler  stm32f0xx_hal_pcd.o
    0x08002040   0x08002040   0x00000258   Code   RO          294    .text.HAL_PCD_Init  stm32f0xx_hal_pcd.o
    0x08002298   0x08002298   0x00000044   Code   RO          172    .text.HAL_PCD_MspInit  usbd_conf.o
    0x080022dc   0x080022dc   0x00000022   Code   RO          184    .text.HAL_PCD_ResetCallback  usbd_conf.o
    0x080022fe   0x080022fe   0x00000002   PAD
    0x08002300   0x08002300   0x00000024   Code   RO          188    .text.HAL_PCD_ResumeCallback  usbd_conf.o
    0x08002324   0x08002324   0x0000000e   Code   RO          182    .text.HAL_PCD_SOFCallback  usbd_conf.o
    0x08002332   0x08002332   0x00000024   Code   RO          310    .text.HAL_PCD_SetAddress  stm32f0xx_hal_pcd.o
    0x08002356   0x08002356   0x00000016   Code   RO          176    .text.HAL_PCD_SetupStageCallback  usbd_conf.o
    0x0800236c   0x0800236c   0x0000002a   Code   RO          302    .text.HAL_PCD_Start  stm32f0xx_hal_pcd.o
    0x08002396   0x08002396   0x00000002   PAD
    0x08002398   0x08002398   0x00000024   Code   RO          186    .text.HAL_PCD_SuspendCallback  usbd_conf.o
    0x080023bc   0x080023bc   0x00000130   Code   RO          427    .text.HAL_RCCEx_PeriphCLKConfig  stm32f0xx_hal_rcc_ex.o
    0x080024ec   0x080024ec   0x0000017c   Code   RO          396    .text.HAL_RCC_ClockConfig  stm32f0xx_hal_rcc.o
    0x08002668   0x08002668   0x00000050   Code   RO          400    .text.HAL_RCC_MCOConfig  stm32f0xx_hal_rcc.o
    0x080026b8   0x080026b8   0x000004a8   Code   RO          394    .text.HAL_RCC_OscConfig  stm32f0xx_hal_rcc.o
    0x08002b60   0x08002b60   0x00000034   Code   RO          753    .text.HAL_SYSTICK_Config  stm32f0xx_hal_cortex.o
    0x08002b94   0x08002b94   0x00000002   Code   RO         1290    .text.HAL_TIMEx_BreakCallback  stm32f0xx_hal_tim_ex.o
    0x08002b96   0x08002b96   0x00000002   Code   RO         1286    .text.HAL_TIMEx_CommutCallback  stm32f0xx_hal_tim_ex.o
    0x08002b98   0x08002b98   0x0000004c   Code   RO         1280    .text.HAL_TIMEx_MasterConfigSynchronization  stm32f0xx_hal_tim_ex.o
    0x08002be4   0x08002be4   0x000000e0   Code   RO          985    .text.HAL_TIM_Base_Init  stm32f0xx_hal_tim.o
    0x08002cc4   0x08002cc4   0x00000120   Code   RO           65    .text.HAL_TIM_Base_MspInit  tim.o
    0x08002de4   0x08002de4   0x00000050   Code   RO          999    .text.HAL_TIM_Base_Start_IT  stm32f0xx_hal_tim.o
    0x08002e34   0x08002e34   0x0000015c   Code   RO         1165    .text.HAL_TIM_ConfigClockSource  stm32f0xx_hal_tim.o
    0x08002f90   0x08002f90   0x00000002   Code   RO         1185    .text.HAL_TIM_ErrorCallback  stm32f0xx_hal_tim.o
    0x08002f92   0x08002f92   0x00000002   PAD
    0x08002f94   0x08002f94   0x00000024   Code   RO         1494    .text.HAL_TIM_IC_CaptureCallback  gnd_scan.o
    0x08002fb8   0x08002fb8   0x00000180   Code   RO         1135    .text.HAL_TIM_IC_ConfigChannel  stm32f0xx_hal_tim.o
    0x08003138   0x08003138   0x000000e4   Code   RO         1059    .text.HAL_TIM_IC_Init  stm32f0xx_hal_tim.o
    0x0800321c   0x0800321c   0x00000002   Code   RO         1061    .text.HAL_TIM_IC_MspInit  stm32f0xx_hal_tim.o
    0x0800321e   0x0800321e   0x00000002   PAD
    0x08003220   0x08003220   0x000000d0   Code   RO         1071    .text.HAL_TIM_IC_Start_IT  stm32f0xx_hal_tim.o
    0x080032f0   0x080032f0   0x000001ba   Code   RO         1119    .text.HAL_TIM_IRQHandler  stm32f0xx_hal_tim.o
    0x080034aa   0x080034aa   0x00000002   Code   RO         1123    .text.HAL_TIM_OC_DelayElapsedCallback  stm32f0xx_hal_tim.o
    0x080034ac   0x080034ac   0x0000026c   Code   RO         1139    .text.HAL_TIM_PWM_ConfigChannel  stm32f0xx_hal_tim.o
    0x08003718   0x08003718   0x000000e0   Code   RO         1039    .text.HAL_TIM_PWM_Init  stm32f0xx_hal_tim.o
    0x080037f8   0x080037f8   0x00000002   Code   RO         1041    .text.HAL_TIM_PWM_MspInit  stm32f0xx_hal_tim.o
    0x080037fa   0x080037fa   0x00000002   Code   RO         1125    .text.HAL_TIM_PWM_PulseFinishedCallback  stm32f0xx_hal_tim.o
    0x080037fc   0x080037fc   0x00000002   Code   RO         1181    .text.HAL_TIM_PWM_PulseFinishedHalfCpltCallback  stm32f0xx_hal_tim.o
    0x080037fe   0x080037fe   0x00000002   PAD
    0x08003800   0x08003800   0x000001d8   Code   RO         1055    .text.HAL_TIM_PWM_Start_DMA  stm32f0xx_hal_tim.o
    0x080039d8   0x080039d8   0x000000dc   Code   RO         1492    .text.HAL_TIM_PeriodElapsedCallback  gnd_scan.o
    0x08003ab4   0x08003ab4   0x0000004e   Code   RO         1169    .text.HAL_TIM_SlaveConfigSynchro  stm32f0xx_hal_tim.o
    0x08003b02   0x08003b02   0x00000002   Code   RO         1129    .text.HAL_TIM_TriggerCallback  stm32f0xx_hal_tim.o
    0x08003b04   0x08003b04   0x00000002   Code   RO           84    .text.HardFault_Handler  stm32f0xx_it.o
    0x08003b06   0x08003b06   0x00000002   PAD
    0x08003b08   0x08003b08   0x00000074   Code   RO           33    .text.MX_ADC_Init   adc.o
    0x08003b7c   0x08003b7c   0x00000040   Code   RO           49    .text.MX_DMA_Init   dma.o
    0x08003bbc   0x08003bbc   0x00000084   Code   RO           25    .text.MX_GPIO_Init  gpio.o
    0x08003c40   0x08003c40   0x00000060   Code   RO           63    .text.MX_TIM14_Init  tim.o
    0x08003ca0   0x08003ca0   0x000000ec   Code   RO           57    .text.MX_TIM2_Init  tim.o
    0x08003d8c   0x08003d8c   0x00000118   Code   RO           61    .text.MX_TIM3_Init  tim.o
    0x08003ea4   0x08003ea4   0x00000054   Code   RO          115    .text.MX_USB_DEVICE_Init  usb_device.o
    0x08003ef8   0x08003ef8   0x000000b0   Code   RO         1478    .text.Motor_MIX_Current_Limit  motor_control.o
    0x08003fa8   0x08003fa8   0x00000024   Code   RO         1472    .text.Motor_MIX_SPEED_Set  motor_control.o
    0x08003fcc   0x08003fcc   0x000000c0   Code   RO         1476    .text.Motor_SPRAY_Current_Limit  motor_control.o
    0x0800408c   0x0800408c   0x00000024   Code   RO         1474    .text.Motor_SPRAY_SPEED_Set  motor_control.o
    0x080040b0   0x080040b0   0x00000002   Code   RO           82    .text.NMI_Handler   stm32f0xx_it.o
    0x080040b2   0x080040b2   0x00000002   Code   RO           88    .text.PendSV_Handler  stm32f0xx_it.o
    0x080040b4   0x080040b4   0x00000002   Code   RO           86    .text.SVC_Handler   stm32f0xx_it.o
    0x080040b6   0x080040b6   0x00000008   Code   RO           90    .text.SysTick_Handler  stm32f0xx_it.o
    0x080040be   0x080040be   0x00000090   Code   RO           13    .text.SystemClock_Config  main.o
    0x0800414e   0x0800414e   0x00000002   Code   RO         1304    .text.SystemInit    system_stm32f0xx.o
    0x08004150   0x08004150   0x00000010   Code   RO           96    .text.TIM14_IRQHandler  stm32f0xx_it.o
    0x08004160   0x08004160   0x00000068   Code   RO         1033    .text.TIM_DMADelayPulseCplt  stm32f0xx_hal_tim.o
    0x080041c8   0x080041c8   0x00000038   Code   RO         1035    .text.TIM_DMADelayPulseHalfCplt  stm32f0xx_hal_tim.o
    0x08004200   0x08004200   0x00000056   Code   RO         1009    .text.TIM_DMAError  stm32f0xx_hal_tim.o
    0x08004256   0x08004256   0x00000002   PAD
    0x08004258   0x08004258   0x000000d0   Code   RO         1171    .text.TIM_SlaveTimer_SetConfig  stm32f0xx_hal_tim.o
    0x08004328   0x08004328   0x00000062   Code   RO         1418    .text.USBD_CDC_DataIn  usbd_cdc.o
    0x0800438a   0x0800438a   0x00000036   Code   RO         1420    .text.USBD_CDC_DataOut  usbd_cdc.o
    0x080043c0   0x080043c0   0x00000044   Code   RO         1412    .text.USBD_CDC_DeInit  usbd_cdc.o
    0x08004404   0x08004404   0x0000002a   Code   RO         1416    .text.USBD_CDC_EP0_RxReady  usbd_cdc.o
    0x0800442e   0x0800442e   0x00000002   PAD
    0x08004430   0x08004430   0x0000000c   Code   RO         1428    .text.USBD_CDC_GetDeviceQualifierDescriptor  usbd_cdc.o
    0x0800443c   0x0800443c   0x0000000c   Code   RO         1424    .text.USBD_CDC_GetFSCfgDesc  usbd_cdc.o
    0x08004448   0x08004448   0x0000000c   Code   RO         1422    .text.USBD_CDC_GetHSCfgDesc  usbd_cdc.o
    0x08004454   0x08004454   0x0000000c   Code   RO         1426    .text.USBD_CDC_GetOtherSpeedCfgDesc  usbd_cdc.o
    0x08004460   0x08004460   0x00000086   Code   RO         1410    .text.USBD_CDC_Init  usbd_cdc.o
    0x080044e6   0x080044e6   0x0000002c   Code   RO         1438    .text.USBD_CDC_ReceivePacket  usbd_cdc.o
    0x08004512   0x08004512   0x00000012   Code   RO         1430    .text.USBD_CDC_RegisterInterface  usbd_cdc.o
    0x08004524   0x08004524   0x00000010   Code   RO         1434    .text.USBD_CDC_SetRxBuffer  usbd_cdc.o
    0x08004534   0x08004534   0x00000014   Code   RO         1432    .text.USBD_CDC_SetTxBuffer  usbd_cdc.o
    0x08004548   0x08004548   0x000000c4   Code   RO         1414    .text.USBD_CDC_Setup  usbd_cdc.o
    0x0800460c   0x0800460c   0x00000036   Code   RO         1436    .text.USBD_CDC_TransmitPacket  usbd_cdc.o
    0x08004642   0x08004642   0x00000010   Code   RO         1333    .text.USBD_ClrClassConfig  usbd_core.o
    0x08004652   0x08004652   0x00000012   Code   RO         1394    .text.USBD_CtlContinueRx  usbd_ioreq.o
    0x08004664   0x08004664   0x00000012   Code   RO         1390    .text.USBD_CtlContinueSendData  usbd_ioreq.o
    0x08004676   0x08004676   0x00000014   Code   RO         1369    .text.USBD_CtlError  usbd_ctlreq.o
    0x0800468a   0x0800468a   0x00000024   Code   RO         1392    .text.USBD_CtlPrepareRx  usbd_ioreq.o
    0x080046ae   0x080046ae   0x0000001a   Code   RO         1398    .text.USBD_CtlReceiveStatus  usbd_ioreq.o
    0x080046c8   0x080046c8   0x0000001e   Code   RO         1388    .text.USBD_CtlSendData  usbd_ioreq.o
    0x080046e6   0x080046e6   0x0000001a   Code   RO         1396    .text.USBD_CtlSendStatus  usbd_ioreq.o
    0x08004700   0x08004700   0x00000020   Code   RO          134    .text.USBD_FS_ConfigStrDescriptor  usbd_desc.o
    0x08004720   0x08004720   0x0000000c   Code   RO          124    .text.USBD_FS_DeviceDescriptor  usbd_desc.o
    0x0800472c   0x0800472c   0x00000024   Code   RO          136    .text.USBD_FS_InterfaceStrDescriptor  usbd_desc.o
    0x08004750   0x08004750   0x0000000c   Code   RO          126    .text.USBD_FS_LangIDStrDescriptor  usbd_desc.o
    0x0800475c   0x0800475c   0x00000028   Code   RO          128    .text.USBD_FS_ManufacturerStrDescriptor  usbd_desc.o
    0x08004784   0x08004784   0x00000030   Code   RO          130    .text.USBD_FS_ProductStrDescriptor  usbd_desc.o
    0x080047b4   0x080047b4   0x00000110   Code   RO          132    .text.USBD_FS_SerialStrDescriptor  usbd_desc.o
    0x080048c4   0x080048c4   0x000000ae   Code   RO         1377    .text.USBD_GetString  usbd_ctlreq.o
    0x08004972   0x08004972   0x0000002e   Code   RO         1319    .text.USBD_Init     usbd_core.o
    0x080049a0   0x080049a0   0x00000020   Code   RO          214    .text.USBD_LL_ClearStallEP  usbd_conf.o
    0x080049c0   0x080049c0   0x00000020   Code   RO          208    .text.USBD_LL_CloseEP  usbd_conf.o
    0x080049e0   0x080049e0   0x000000d0   Code   RO         1339    .text.USBD_LL_DataInStage  usbd_core.o
    0x08004ab0   0x08004ab0   0x00000086   Code   RO         1337    .text.USBD_LL_DataOutStage  usbd_core.o
    0x08004b36   0x08004b36   0x0000000e   Code   RO          224    .text.USBD_LL_GetRxDataSize  usbd_conf.o
    0x08004b44   0x08004b44   0x00000084   Code   RO          198    .text.USBD_LL_Init  usbd_conf.o
    0x08004bc8   0x08004bc8   0x00000024   Code   RO          216    .text.USBD_LL_IsStallEP  usbd_conf.o
    0x08004bec   0x08004bec   0x00000028   Code   RO          206    .text.USBD_LL_OpenEP  usbd_conf.o
    0x08004c14   0x08004c14   0x00000020   Code   RO          222    .text.USBD_LL_PrepareReceive  usbd_conf.o
    0x08004c34   0x08004c34   0x00000054   Code   RO         1341    .text.USBD_LL_Reset  usbd_core.o
    0x08004c88   0x08004c88   0x00000014   Code   RO         1347    .text.USBD_LL_Resume  usbd_core.o
    0x08004c9c   0x08004c9c   0x0000001c   Code   RO         1349    .text.USBD_LL_SOF   usbd_core.o
    0x08004cb8   0x08004cb8   0x00000006   Code   RO         1343    .text.USBD_LL_SetSpeed  usbd_core.o
    0x08004cbe   0x08004cbe   0x00000002   PAD
    0x08004cc0   0x08004cc0   0x00000020   Code   RO          218    .text.USBD_LL_SetUSBAddress  usbd_conf.o
    0x08004ce0   0x08004ce0   0x00000070   Code   RO         1335    .text.USBD_LL_SetupStage  usbd_core.o
    0x08004d50   0x08004d50   0x00000020   Code   RO          212    .text.USBD_LL_StallEP  usbd_conf.o
    0x08004d70   0x08004d70   0x00000024   Code   RO          202    .text.USBD_LL_Start  usbd_conf.o
    0x08004d94   0x08004d94   0x00000012   Code   RO         1345    .text.USBD_LL_Suspend  usbd_core.o
    0x08004da6   0x08004da6   0x00000002   PAD
    0x08004da8   0x08004da8   0x00000024   Code   RO          220    .text.USBD_LL_Transmit  usbd_conf.o
    0x08004dcc   0x08004dcc   0x00000028   Code   RO         1375    .text.USBD_ParseSetupRequest  usbd_ctlreq.o
    0x08004df4   0x08004df4   0x00000012   Code   RO         1323    .text.USBD_RegisterClass  usbd_core.o
    0x08004e06   0x08004e06   0x0000001c   Code   RO         1331    .text.USBD_SetClassConfig  usbd_core.o
    0x08004e22   0x08004e22   0x0000000a   Code   RO         1325    .text.USBD_Start    usbd_core.o
    0x08004e2c   0x08004e2c   0x00000274   Code   RO         1367    .text.USBD_StdDevReq  usbd_ctlreq.o
    0x080050a0   0x080050a0   0x00000164   Code   RO         1373    .text.USBD_StdEPReq  usbd_ctlreq.o
    0x08005204   0x08005204   0x00000070   Code   RO         1371    .text.USBD_StdItfReq  usbd_ctlreq.o
    0x08005274   0x08005274   0x00000002   Code   RO          230    .text.USBD_static_free  usbd_conf.o
    0x08005276   0x08005276   0x00000002   PAD
    0x08005278   0x08005278   0x00000008   Code   RO          228    .text.USBD_static_malloc  usbd_conf.o
    0x08005280   0x08005280   0x0000023c   Code   RO          256    .text.USB_ActivateEndpoint  stm32f0xx_ll_usb.o
    0x080054bc   0x080054bc   0x000000b0   Code   RO          258    .text.USB_DeactivateEndpoint  stm32f0xx_ll_usb.o
    0x0800556c   0x0800556c   0x00000010   Code   RO          274    .text.USB_DevConnect  stm32f0xx_ll_usb.o
    0x0800557c   0x0800557c   0x00000014   Code   RO          250    .text.USB_DevInit   stm32f0xx_ll_usb.o
    0x08005590   0x08005590   0x00000014   Code   RO          246    .text.USB_DisableGlobalInt  stm32f0xx_ll_usb.o
    0x080055a4   0x080055a4   0x0000006c   Code   RO          266    .text.USB_EPClearStall  stm32f0xx_ll_usb.o
    0x08005610   0x08005610   0x0000003c   Code   RO          264    .text.USB_EPSetStall  stm32f0xx_ll_usb.o
    0x0800564c   0x0800564c   0x000008e4   Code   RO          260    .text.USB_EPStartXfer  stm32f0xx_ll_usb.o
    0x08005f30   0x08005f30   0x00000018   Code   RO          244    .text.USB_EnableGlobalInt  stm32f0xx_ll_usb.o
    0x08005f48   0x08005f48   0x00000010   Code   RO           98    .text.USB_IRQHandler  stm32f0xx_it.o
    0x08005f58   0x08005f58   0x00000006   Code   RO          278    .text.USB_ReadInterrupts  stm32f0xx_ll_usb.o
    0x08005f5e   0x08005f5e   0x0000008e   Code   RO          284    .text.USB_ReadPMA   stm32f0xx_ll_usb.o
    0x08005fec   0x08005fec   0x000000dc   Code   RO         1457    .text.USB_Rx_Parse  usb.o
    0x080060c8   0x080060c8   0x00000012   Code   RO          272    .text.USB_SetDevAddress  stm32f0xx_ll_usb.o
    0x080060da   0x080060da   0x00000002   PAD
    0x080060dc   0x080060dc   0x0000005c   Code   RO         1453    .text.USB_SoftReset  usb.o
    0x08006138   0x08006138   0x0000005c   Code   RO         1455    .text.USB_Tx_SendFrame  usb.o
    0x08006194   0x08006194   0x00000096   Code   RO          262    .text.USB_WritePMA  stm32f0xx_ll_usb.o
    0x0800622a   0x0800622a   0x00000002   PAD
    0x0800622c   0x0800622c   0x000001cc   Code   RO           11    .text.main          main.o
    0x080063f8   0x080063f8   0x000001f6   Code   RO         1535    .text_divfast       c_p.l(aeabi_sdivfast.o)
    0x080065ee   0x080065ee   0x00000010   Data   RO         1309    .rodata.AHBPrescTable  system_stm32f0xx.o
    0x080065fe   0x080065fe   0x00000020   Data   RO          418    .rodata.cst16       stm32f0xx_hal_rcc.o
    0x0800661e   0x0800661e   0x00000002   PAD
    0x08006620   0x08006620   0x00000020   Data   RO         1205    .rodata.cst16       stm32f0xx_hal_tim.o
    0x08006640   0x08006640   0x00000020   Data   RO         1724    Region$$Table       anon$$obj.o


    Execution Region RW_IRAM1 (Exec base: 0x20000000, Load base: 0x08006660, Size: 0x000016c0, Max: 0x00001800, ABSOLUTE, COMPRESSED[0x000000c0])

    Exec Addr    Load Addr    Size         Type   Attr      Idx    E Section Name        Object

    0x20000000   COMPRESSED   0x00000008   Data   RW          506    .data..L_MergedGlobals  stm32f0xx_hal.o
    0x20000008   COMPRESSED   0x0000001c   Data   RW          138    .data.FS_Desc       usbd_desc.o
    0x20000024   COMPRESSED   0x00000001   Data   RW         1496    .data.GND_State     gnd_scan.o
    0x20000025   COMPRESSED   0x00000003   PAD
    0x20000028   COMPRESSED   0x00000004   Data   RW         1308    .data.SystemCoreClock  system_stm32f0xx.o
    0x2000002c   COMPRESSED   0x00000038   Data   RW         1440    .data.USBD_CDC      usbd_cdc.o
    0x20000064   COMPRESSED   0x00000043   Data   RW         1442    .data.USBD_CDC_CfgFSDesc  usbd_cdc.o
    0x200000a7   COMPRESSED   0x00000001   PAD
    0x200000a8   COMPRESSED   0x00000043   Data   RW         1441    .data.USBD_CDC_CfgHSDesc  usbd_cdc.o
    0x200000eb   COMPRESSED   0x00000001   PAD
    0x200000ec   COMPRESSED   0x0000000a   Data   RW         1444    .data.USBD_CDC_DeviceQualifierDesc  usbd_cdc.o
    0x200000f6   COMPRESSED   0x00000002   PAD
    0x200000f8   COMPRESSED   0x00000043   Data   RW         1443    .data.USBD_CDC_OtherSpeedCfgDesc  usbd_cdc.o
    0x2000013b   COMPRESSED   0x00000001   PAD
    0x2000013c   COMPRESSED   0x00000012   Data   RW          139    .data.USBD_FS_DeviceDesc  usbd_desc.o
    0x2000014e   COMPRESSED   0x00000002   PAD
    0x20000150   COMPRESSED   0x00000010   Data   RW          161    .data.USBD_Interface_fops_FS  usbd_cdc_if.o
    0x20000160   COMPRESSED   0x00000004   Data   RW          140    .data.USBD_LangIDDesc  usbd_desc.o
    0x20000164   COMPRESSED   0x0000001a   Data   RW          141    .data.USBD_StringSerial  usbd_desc.o
    0x2000017e   COMPRESSED   0x00000002   PAD
    0x20000180        -       0x00000060   Zero   RW         1588    .bss                c_p.l(libspace.o)
    0x200001e0        -       0x00000014   Zero   RW         1463    .bss..L_MergedGlobals  usb.o
    0x200001f4        -       0x00000007   Zero   RW         1483    .bss..L_MergedGlobals  motor_control.o
    0x200001fb   COMPRESSED   0x00000001   PAD
    0x200001fc        -       0x00000008   Zero   RW         1498    .bss..L_MergedGlobals  gnd_scan.o
    0x20000204   COMPRESSED   0x00000004   PAD
    0x20000208        -       0x00000068   Zero   RW         1516    .bss..L_MergedGlobals  bsp_adc.o
    0x20000270        -       0x00000001   Zero   RW         1379    .bss.USBD_SetConfig.cfgidx  usbd_ctlreq.o
    0x20000271   COMPRESSED   0x00000003   PAD
    0x20000274        -       0x00000200   Zero   RW          142    .bss.USBD_StrDesc   usbd_desc.o
    0x20000474        -       0x00000220   Zero   RW          233    .bss.USBD_static_malloc.mem  usbd_conf.o
    0x20000694        -       0x00000001   Zero   RW         1459    .bss.USB_Receive_flag  usb.o
    0x20000695        -       0x00000040   Zero   RW          162    .bss.UserRxBufferFS  usbd_cdc_if.o
    0x200006d5        -       0x00000040   Zero   RW          163    .bss.UserTxBufferFS  usbd_cdc_if.o
    0x20000715   COMPRESSED   0x00000003   PAD
    0x20000718        -       0x000002c4   Zero   RW          117    .bss.hUsbDeviceFS   usb_device.o
    0x200009dc        -       0x00000040   Zero   RW           39    .bss.hadc           adc.o
    0x20000a1c        -       0x00000044   Zero   RW           40    .bss.hdma_adc       adc.o
    0x20000a60        -       0x00000044   Zero   RW           72    .bss.hdma_tim2_ch1  tim.o
    0x20000aa4        -       0x00000044   Zero   RW           73    .bss.hdma_tim3_ch1_trig  tim.o
    0x20000ae8        -       0x000002dc   Zero   RW          232    .bss.hpcd_USB_FS    usbd_conf.o
    0x20000dc4        -       0x00000048   Zero   RW           71    .bss.htim14         tim.o
    0x20000e0c        -       0x00000048   Zero   RW           69    .bss.htim2          tim.o
    0x20000e54        -       0x00000048   Zero   RW           70    .bss.htim3          tim.o
    0x20000e9c        -       0x00000002   Zero   RW         1481    .bss.mix_pwm_duty   motor_control.o
    0x20000e9e   COMPRESSED   0x00000002   PAD
    0x20000ea0        -       0x00000004   Zero   RW         1482    .bss.spray_pwm_duty  motor_control.o
    0x20000ea4        -       0x00000004   Zero   RW         1462    .bss.usb_Receive_Len  usb.o
    0x20000ea8        -       0x00000009   Zero   RW         1461    .bss.usb_Receive_buf  usb.o
    0x20000eb1        -       0x0000000a   Zero   RW         1460    .bss.usb_tx_buf     usb.o
    0x20000ebb   COMPRESSED   0x00000001   PAD
    0x20000ebc        -       0x00000004   Zero   RW          505    .bss.uwTick         stm32f0xx_hal.o
    0x20000ec0        -       0x00000400   Zero   RW            2    HEAP                startup_stm32f042x6.o
    0x200012c0        -       0x00000400   Zero   RW            1    STACK               startup_stm32f042x6.o


==============================================================================

Image component sizes


      Code (inc. data)   RO Data    RW Data    ZI Data      Debug   Object Name

       264         24          0          0        132       4446   adc.o
       332         20          0          0        104       4501   bsp_adc.o
        64          0          0          0          0       1672   dma.o
       256         28          0          1          8       4289   gnd_scan.o
       132          4          0          0          0       1751   gpio.o
       612         64          0          0          0       3807   main.o
       440         40          0          0         13       1864   motor_control.o
       116         56        192          0       2048        660   startup_stm32f042x6.o
       160         16          0          8          4       5329   stm32f0xx_hal.o
      1174         64          0          0          0      14284   stm32f0xx_hal_adc.o
       174          0          0          0          0       3439   stm32f0xx_hal_adc_ex.o
       140         24          0          0          0       5535   stm32f0xx_hal_cortex.o
       466         12          0          0          0       8161   stm32f0xx_hal_dma.o
       752         16          0          0          0       5081   stm32f0xx_hal_gpio.o
        60          8          0          0          0       1222   stm32f0xx_hal_msp.o
      3574         88          0          0          0      16896   stm32f0xx_hal_pcd.o
        96          0          0          0          0       5782   stm32f0xx_hal_pcd_ex.o
      1652         52         32          0          0       8332   stm32f0xx_hal_rcc.o
       304         12          0          0          0       6470   stm32f0xx_hal_rcc_ex.o
      3776        132         32          0          0      62838   stm32f0xx_hal_tim.o
        80          0          0          0          0      22474   stm32f0xx_hal_tim_ex.o
        88         20          0          0          0       2220   stm32f0xx_it.o
      3588        140          0          0          0      24217   stm32f0xx_ll_usb.o
         2          0         16          4          0       1754   system_stm32f0xx.o
       900         44          0          0        352       8226   tim.o
       404         16          0          0         44       4466   usb.o
        84         16          0          0        708       2853   usb_device.o
       792         16          0        267          0      10370   usbd_cdc.o
       202         24          0         16        128       2792   usbd_cdc_if.o
       726         32          0          0       1276      15250   usbd_conf.o
       728          4          0          0          0       7898   usbd_core.o
      1330         28          0          0          1       8469   usbd_ctlreq.o
       452         92          0         76        512       4153   usbd_desc.o
       154          0          0          0          0       4422   usbd_ioreq.o

    ----------------------------------------------------------------------
     24108       1092        306        384       5344     285923   Object Totals
         0          0         32          0          0          0   (incl. Generated)
        34          0          2         12         14          0   (incl. Padding)

    ----------------------------------------------------------------------

      Code (inc. data)   RO Data    RW Data    ZI Data      Debug   Library Member Name

        86          0          0          0          0          0   __dczerorl2.o
         8          0          0          0          0         68   __main.o
         0          0          0          0          0          0   __rtentry.o
        12          0          0          0          0          0   __rtentry2.o
         6          0          0          0          0          0   __rtentry4.o
        60          8          0          0          0          0   __scatter.o
        28          0          0          0          0          0   __scatter_zi.o
      1006          4          0          0          0        184   aeabi_sdivfast.o
        16          0          0          0          0         68   exit.o
         6          0          0          0          0        136   heapauxi.o
         0          0          0          0          0          0   indicate_semi.o
         2          0          0          0          0          0   libinit.o
         2          0          0          0          0          0   libinit2.o
         2          0          0          0          0          0   libshutdown.o
         2          0          0          0          0          0   libshutdown2.o
         8          4          0          0         96         68   libspace.o
       272          0          0          0          0         88   lludiv.o
       186          0          0          0          0        144   rt_memcpy.o
         2          0          0          0          0          0   rtexit.o
        10          0          0          0          0          0   rtexit2.o
        12          4          0          0          0         60   sys_exit.o
        62          0          0          0          0         80   sys_stackheap_outer.o
         2          0          0          0          0         68   use_no_semi.o

    ----------------------------------------------------------------------
      1794         20          0          0         96        964   Library Totals
         4          0          0          0          0          0   (incl. Padding)

    ----------------------------------------------------------------------

      Code (inc. data)   RO Data    RW Data    ZI Data      Debug   Library Name

      1790         20          0          0         96        964   c_p.l

    ----------------------------------------------------------------------
      1794         20          0          0         96        964   Library Totals

    ----------------------------------------------------------------------

==============================================================================


      Code (inc. data)   RO Data    RW Data    ZI Data      Debug   

     25902       1112        306        384       5440     285915   Grand Totals
     25902       1112        306        192       5440     285915   ELF Image Totals (compressed)
     25902       1112        306        192          0          0   ROM Totals

==============================================================================

    Total RO  Size (Code + RO Data)                26208 (  25.59kB)
    Total RW  Size (RW Data + ZI Data)              5824 (   5.69kB)
    Total ROM Size (Code + RO Data + RW Data)      26400 (  25.78kB)

==============================================================================

